=== game 199: p1 Sharpshooter vs p2 Attrition
  board 10x10, budget p1: 200 / p2: 200, deployment split: p1 in rows 0-4, p2 in rows 5-9
  p1 Sharpshooter: 4 x (a2 h10 e28) + 2 scouts (a1 h1 e18), duel-winning statistics
  p2 Attrition: 4 x (a1 h10 e30) + 2 scouts (a1 h1 e16), sweep and grind
  p1 deploys: add type K K 2 10 28; add unit K k1 1 3; add unit K k2 3 3; add unit K k3 6 3; add unit K k4 8 3; add type S s 1 1 18; add unit S s1 0 4; add unit S s2 9 4
  p2 deploys: add type T T 1 10 30; add unit T t1 1 7; add unit T t2 4 7; add unit T t3 6 7; add unit T t4 9 7; add type S s 1 1 16; add unit S s1 0 5; add unit S s2 9 5
    after turn 1: in play 6 v 6
  -- turn 2
    p1: move k1 east; move k2 east; move k3 west; move k4 west; move s1 north; move s2 west
    p2: move s1 north; move s2 west; move t1 north; move t2 west; move t3 west; move t4 west
    after turn 2: in play 6 v 6
  -- turn 3
    p1: move k1 east; move k2 east; move k3 east; move s1 north; move s2 west
    p2: move s1 north; move s2 west; move t1 north; move t2 west; move t3 west; move t4 east
    after turn 3: in play 6 v 6
  -- turn 4
    p1: move k1 east; move s1 north; move s2 west
    p2: move s1 north; move s2 west; move t1 north; move t2 east; move t3 east; move t4 north
    after turn 4: in play 6 v 6
  -- turn 5
    p1: move s1 north; move s2 west
    p2: move s1 north; move s2 east; move t1 north; move t2 north; move t3 north; move t4 west
    after turn 5: in play 6 v 6
  -- turn 6
    p1: move s1 east; move s2 west
    p2: move s1 north; move s2 north; move t1 north; move t2 west; move t3 west; move t4 north
    after turn 6: in play 6 v 6
  -- turn 7
    p1: move s1 east; move s2 west
    p2: move s1 south; move s2 west; move t1 north; move t2 north; move t3 north; move t4 east
    after turn 7: in play 6 v 6
  -- turn 8
    p1: move s1 east; move s2 north
    p2: move s1 south; move s2 north; move t1 north; move t2 east; move t3 east; move t4 north
    after turn 8: in play 6 v 5
  -- turn 9
    p1: move s1 east; move s2 west
    p2: move s1 south; move t1 south; move t2 north; move t3 north; move t4 west
    after turn 9: in play 6 v 5
  -- turn 10
    p1: move s1 east; move s2 north
    p2: move s1 south; move t1 south; move t2 west; move t3 west; move t4 north
    after turn 10: in play 6 v 5
  -- turn 11
    p1: move s1 east; move s2 west
    p2: move s1 south
    after turn 11: in play 5 v 5
  -- turn 12
    p1: move k1 west; move k2 west; move k3 west; move k4 west; move s1 east
    p2: move s1 south
    after turn 12: in play 5 v 5
  -- turn 13
    p1: move k1 west; move k2 west; move k3 west; move k4 west; move s1 east
    p2: move s1 south; move t2 north; move t3 north; move t4 east
    after turn 13: in play 5 v 3
  -- turn 14
    p1: move k1 west; move k2 west; move k3 west; move k4 west; move s1 east
    p2: move s1 south
    after turn 14: in play 5 v 3
  -- turn 15
    p1: move k1 north; move k2 west; move k3 west; move k4 west; move s1 south
    p2: move s1 south; move t1 south
    after turn 15: in play 4 v 3
  -- turn 16
    p1: move k2 north; move k3 west; move k4 west; move s1 west
    p2: move s1 north
    p1: 1 order(s) rejected last turn:
    p1: - k2 at (1,2): the contest at (1, 2) was undecided
    p2: 1 order(s) rejected last turn:
    p2: - t1 at (1,2): the contest at (1, 2) was undecided
    after turn 16: in play 4 v 3
  -- turn 17
    p1: move k4 north; move s1 west
    p2: move t4 north
    p1: 1 order(s) rejected last turn:
    p1: - k2 at (1,2): the contest at (1, 2) was undecided
    p2: 1 order(s) rejected last turn:
    p2: - t1 at (1,2): the contest at (1, 2) was undecided
    after turn 17: in play 4 v 3
  -- turn 18
    p1: move k4 east; move s1 west
    p2: move s1 north
    p1: 1 order(s) rejected last turn:
    p1: - k2 at (1,2): the contest at (1, 2) was undecided
    p2: 1 order(s) rejected last turn:
    p2: - t1 at (1,2): the contest at (1, 2) was undecided
    after turn 18: in play 4 v 3
  -- turn 19
    p1: move k4 west
    p2: holds
    p1: 1 order(s) rejected last turn:
    p1: - k2 at (1,2): the contest at (1, 2) was undecided
    p2: 1 order(s) rejected last turn:
    p2: - t1 at (1,2): the contest at (1, 2) was undecided
    after turn 19: in play 4 v 3
  -- turn 20
    p1: move k3 east; move s1 west
    p2: move s1 north
    p1: 1 order(s) rejected last turn:
    p1: - k2 at (1,2): the contest at (1, 2) was undecided
    p2: 1 order(s) rejected last turn:
    p2: - t1 at (1,2): the contest at (1, 2) was undecided
    after turn 20: in play 4 v 3
  -- turn 21
    p1: move k4 east
    p2: move t4 west
    p1: 1 order(s) rejected last turn:
    p1: - k2 at (1,2): the contest at (1, 2) was undecided
    p2: 1 order(s) rejected last turn:
    p2: - t1 at (1,2): the contest at (1, 2) was undecided
    after turn 21: in play 4 v 3
  -- turn 22
    p1: move s1 west
    p2: move s1 north
    p1: 1 order(s) rejected last turn:
    p1: - k2 at (1,2): the contest at (1, 2) was undecided
    p2: 1 order(s) rejected last turn:
    p2: - t1 at (1,2): the contest at (1, 2) was undecided
    after turn 22: in play 4 v 3
  -- turn 23
    p1: holds
    p2: holds
    p1: 1 order(s) rejected last turn:
    p1: - k2 at (1,2): the contest at (1, 2) was undecided
    p2: 1 order(s) rejected last turn:
    p2: - t1 at (1,2): the contest at (1, 2) was undecided
    after turn 23: in play 4 v 3
  -- turn 24
    p1: move k3 west; move s1 west
    p2: move s1 north
    after turn 24: in play 3 v 2
  -- turn 25
    p1: move k4 west
    p2: move t4 north
    after turn 25: in play 3 v 2
  -- turn 26
    p1: move s1 west
    p2: move s1 north
    after turn 26: in play 3 v 2
  -- turn 27
    p1: holds
    p2: holds
    after turn 27: in play 3 v 2
  -- turn 28
    p1: move k3 north; move s1 west
    p2: move s1 north
    after turn 28: in play 3 v 2
  -- turn 29
    p1: move k4 east
    p2: move t4 east
    after turn 29: in play 3 v 2
  -- turn 30
    p1: move s1 west
    p2: move s1 north
    after turn 30: in play 2 v 1
  -- turn 31
    p1: holds
    p2: holds
    after turn 31: in play 2 v 1
  -- turn 32
    p1: move k3 east
    p2: holds
    after turn 32: in play 2 v 1
  -- turn 33
    p1: move k4 east
    p2: move t4 north
    after turn 33: in play 2 v 1
  -- turn 34
    p1: holds
    p2: holds
    after turn 34: in play 2 v 1
  -- turn 35
    p1: holds
    p2: holds
    after turn 35: in play 2 v 1
  -- turn 36
    p1: move k3 west
    p2: holds
    after turn 36: in play 2 v 1
  -- turn 37
    p1: move k4 west
    p2: move t4 west
    after turn 37: in play 2 v 1
  -- turn 38
    p1: holds
    p2: holds
    after turn 38: in play 2 v 1
  -- turn 39
    p1: holds
    p2: holds
    after turn 39: in play 2 v 1
  -- turn 40
    p1: move k3 east
    p2: holds
    after turn 40: in play 2 v 1
  -- turn 41
    p1: move k4 east
    p2: move t4 east
    after turn 41: in play 2 v 1
  -- turn 42
    p1: holds
    p2: holds
    after turn 42: in play 2 v 1
  -- turn 43
    p1: holds
    p2: holds
    after turn 43: in play 2 v 1
  -- turn 44
    p1: move k3 west
    p2: holds
    after turn 44: in play 2 v 1
  -- turn 45
    p1: move k4 west
    p2: move t4 south
    after turn 45: in play 2 v 1
  -- turn 46
    p1: holds
    p2: holds
    after turn 46: in play 2 v 1
  -- turn 47
    p1: holds
    p2: holds
    after turn 47: in play 2 v 1
  -- turn 48
    p1: move k3 east
    p2: holds
    after turn 48: in play 2 v 1
  -- turn 49
    p1: move k4 east
    p2: move t4 west
    after turn 49: in play 2 v 1
  -- turn 50
    p1: holds
    p2: holds
    after turn 50: in play 2 v 1
  -- turn 51
    p1: holds
    p2: holds
    after turn 51: in play 2 v 1
  -- turn 52
    p1: move k3 west
    p2: holds
    after turn 52: in play 2 v 1
  -- turn 53
    p1: move k4 west
    p2: move t4 south
    after turn 53: in play 2 v 1
  -- turn 54
    p1: holds
    p2: holds
    after turn 54: in play 2 v 1
  -- turn 55
    p1: holds
    p2: holds
    after turn 55: in play 2 v 1
  -- turn 56
    p1: move k3 east
    p2: holds
    after turn 56: in play 2 v 1
  -- turn 57
    p1: move k4 east
    p2: move t4 east
    after turn 57: in play 2 v 1
  -- turn 58
    p1: holds
    p2: holds
    after turn 58: in play 2 v 1
  -- turn 59
    p1: holds
    p2: holds
    after turn 59: in play 2 v 1
  -- turn 60
    p1: move k3 west
    p2: holds
    after turn 60: in play 2 v 1
+-+-+-+-+-+-+-+-+-+-+
|#|#|#|#|#|#|#|#|#|#|
+-+-+-+-+-+-+-+-+-+-+
|#|#|#|#|#|#|#|#|#|#|
+-+-+-+-+-+-+-+-+-+-+
|#|K|#|#|K|#|#|#|#|T|
+-+-+-+-+-+-+-+-+-+-+
|#|#|#|#|#|#|#|#|#|#|
+-+-+-+-+-+-+-+-+-+-+
|#|#|#|#|#|#|#|#|#|#|
+-+-+-+-+-+-+-+-+-+-+
|#|#|#|#|#|#|#|#|#|#|
+-+-+-+-+-+-+-+-+-+-+
|#|#|#|#|#|#|#|#|#|#|
+-+-+-+-+-+-+-+-+-+-+
|#|#|#|#|#|#|#|#|#|#|
+-+-+-+-+-+-+-+-+-+-+
|#|#|#|#|#|#|#|#|#|#|
+-+-+-+-+-+-+-+-+-+-+
|#|#|#|#|#|#|#|#|#|#|
+-+-+-+-+-+-+-+-+-+-+
SYMBOL  PLAYER  TYPE
K            1  K
T            2  T
  undecided after 60 turns
  final units:
    p1 k1   K   a2 h0 destroyed
    p1 k2   K   a2 h0 destroyed
    p1 k3   K   a2 h7 (1,2) hp 7 en 2
    p1 k4   K   a2 h10 (4,2) hp 10 en 5
    p1 s1   S   a1 h0 destroyed
    p1 s2   S   a1 h0 destroyed
    p2 s1   S   a1 h0 destroyed
    p2 s2   S   a1 h-1 destroyed
    p2 t1   T   a1 h-1 destroyed
    p2 t2   T   a1 h0 destroyed
    p2 t3   T   a1 h0 destroyed
    p2 t4   T   a1 h10 (9,2) hp 10 en 5
