=== game 49: p1 Reaper vs p2 Swarm
  board 10x10, budget p1: 200 / p2: 200, deployment split: p1 in rows 0-4, p2 in rows 5-9
  p1 Reaper: 2 x (a10 h10 e80), sweep the enemy half and clear it
  p2 Swarm: 18 x (a1 h1 e9), two ranks abreast, sweep across the frontier
  p1 deploys: add type R R 10 10 80; add unit R r1 2 3; add unit R r2 7 3
  p2 deploys: add type S s 1 1 9; add unit S s1 0 5; add unit S s2 1 5; add unit S s3 2 5; add unit S s4 3 5; add unit S s5 4 5; add unit S s6 5 5; add unit S s7 6 5; add unit S s8 7 5; add unit S s9 8 5; add unit S s10 0 6; add unit S s11 1 6; add unit S s12 2 6; add unit S s13 3 6; add unit S s14 4 6; add unit S s15 5 6; add unit S s16 6 6; add unit S s17 7 6; add unit S s18 8 6
    after turn 1: in play 2 v 18
  -- turn 2
    p1: move r1 west; move r2 west
    p2: move s1 north; move s10 north; move s11 north; move s12 north; move s13 north; move s14 north; move s15 north; move s16 north; move s17 north; move s18 north; move s2 north; move s3 north; move s4 north; move s5 north; move s6 north; move s7 north; move s8 north; move s9 north
    after turn 2: in play 2 v 18
  -- turn 3
    p1: move r1 west; move r2 west
    p2: move s1 north; move s10 north; move s11 north; move s12 north; move s13 north; move s14 north; move s15 north; move s16 north; move s17 north; move s18 north; move s2 north; move s3 north; move s4 north; move s5 north; move s6 north; move s7 north; move s8 north; move s9 north
    after turn 3: in play 2 v 16
  -- turn 4
    p1: move r1 east; move r2 east
    p2: move s10 north; move s11 west; move s12 west; move s13 north; move s14 east; move s15 north; move s16 north; move s17 west; move s18 north; move s2 north; move s3 west; move s4 east; move s5 north; move s7 north; move s8 north; move s9 west
    after turn 4: in play 2 v 14
  -- turn 5
    p1: move r1 east; move r2 east
    p2: move s10 east; move s11 east; move s12 east; move s13 west; move s14 east; move s15 east; move s17 east; move s18 west; move s2 north; move s4 east; move s5 east; move s7 north; move s8 west; move s9 east
    after turn 5: in play 2 v 12
  -- turn 6
    p1: move r1 east; move r2 east
    p2: move s10 east; move s11 north; move s14 north; move s15 east; move s18 north; move s2 south; move s4 west; move s5 east; move s7 east; move s8 east
    after turn 6: in play 2 v 12
  -- turn 7
    p1: move r1 east; move r2 east
    p2: move s10 north; move s11 north; move s12 north; move s14 west; move s15 west; move s17 north; move s18 north; move s2 north; move s4 west; move s5 west; move s7 west; move s8 north
    after turn 7: in play 2 v 11
  -- turn 8
    p1: move r1 south; move r2 south
    p2: move s10 east; move s11 north; move s12 east; move s14 west; move s15 west; move s17 west; move s18 north; move s2 north; move s5 west; move s7 north; move s8 north
    after turn 8: in play 2 v 11
  -- turn 9
    p1: move r1 west; move r2 west
    p2: move s10 west; move s12 west; move s14 north; move s15 north; move s17 east; move s18 south; move s5 north; move s7 south; move s8 south
    after turn 9: in play 2 v 11
  -- turn 10
    p1: move r1 west; move r2 west
    p2: move s17 north
    after turn 10: in play 2 v 11
  -- turn 11
    p1: move r1 west; move r2 west
    p2: holds
    after turn 11: in play 2 v 11
  -- turn 12
    p1: move r1 west; move r2 west
    p2: holds
    after turn 12: in play 2 v 11
  -- turn 13
    p1: move r1 south; move r2 south
    p2: holds
    after turn 13: in play 2 v 11
  -- turn 14
    p1: move r1 east; move r2 east
    p2: holds
    after turn 14: in play 2 v 11
  -- turn 15
    p1: move r1 east; move r2 east
    p2: holds
    after turn 15: in play 2 v 11
  -- turn 16
    p1: move r1 east; move r2 east
    p2: holds
    after turn 16: in play 2 v 11
  -- turn 17
    p1: move r1 east; move r2 east
    p2: holds
    after turn 17: in play 2 v 11
  -- turn 18
    p1: move r1 south; move r2 south
    p2: holds
    after turn 18: in play 2 v 11
  -- turn 19
    p1: move r1 west; move r2 west
    p2: holds
    after turn 19: in play 2 v 11
  -- turn 20
    p1: move r1 west; move r2 west
    p2: holds
    after turn 20: in play 2 v 11
  -- turn 21
    p1: move r1 west; move r2 west
    p2: holds
    after turn 21: in play 2 v 11
  -- turn 22
    p1: move r1 west; move r2 west
    p2: holds
    after turn 22: in play 2 v 11
  -- turn 23
    p1: move r1 south; move r2 south
    p2: holds
    after turn 23: in play 2 v 11
  -- turn 24
    p1: move r1 east; move r2 east
    p2: holds
    after turn 24: in play 2 v 11
  -- turn 25
    p1: move r1 east; move r2 east
    p2: holds
    after turn 25: in play 2 v 11
  -- turn 26
    p1: move r1 east; move r2 east
    p2: holds
    after turn 26: in play 2 v 11
  -- turn 27
    p1: move r1 east; move r2 east
    p2: holds
    after turn 27: in play 2 v 11
  -- turn 28
    p1: move r1 south; move r2 south
    p2: holds
    after turn 28: in play 2 v 11
  -- turn 29
    p1: move r1 west; move r2 west
    p2: holds
    after turn 29: in play 2 v 11
  -- turn 30
    p1: move r1 west; move r2 west
    p2: holds
    after turn 30: in play 2 v 11
  -- turn 31
    p1: move r1 west; move r2 west
    p2: holds
    after turn 31: in play 2 v 11
  -- turn 32
    p1: move r2 west
    p2: holds
    after turn 32: in play 2 v 11
  -- turn 33
    p1: move r2 south
    p2: holds
    after turn 33: in play 2 v 11
  -- turn 34
    p1: move r2 east
    p2: holds
    after turn 34: in play 2 v 11
  -- turn 35
    p1: move r2 east
    p2: holds
    after turn 35: in play 2 v 11
  -- turn 36
    p1: move r2 east
    p2: holds
    after turn 36: in play 2 v 11
  -- turn 37
    p1: move r2 east
    p2: holds
    after turn 37: in play 2 v 11
  -- turn 38
    p1: move r2 west
    p2: holds
    after turn 38: in play 2 v 11
  -- turn 39
    p1: move r2 west
    p2: holds
    after turn 39: in play 2 v 11
  -- turn 40
    p1: move r2 west
    p2: holds
    after turn 40: in play 2 v 11
  -- turn 41
    p1: move r2 west
    p2: holds
    after turn 41: in play 2 v 11
  -- turn 42
    p1: holds
    p2: holds
    after turn 42: in play 2 v 11
  -- turn 43
    p1: holds
    p2: holds
    after turn 43: in play 2 v 11
  -- turn 44
    p1: holds
    p2: holds
    after turn 44: in play 2 v 11
  -- turn 45
    p1: holds
    p2: holds
    after turn 45: in play 2 v 11
  -- turn 46
    p1: holds
    p2: holds
    after turn 46: in play 2 v 11
  -- turn 47
    p1: holds
    p2: holds
    after turn 47: in play 2 v 11
  -- turn 48
    p1: holds
    p2: holds
    after turn 48: in play 2 v 11
  -- turn 49
    p1: holds
    p2: holds
    after turn 49: in play 2 v 11
  -- turn 50
    p1: holds
    p2: holds
    after turn 50: in play 2 v 11
  -- turn 51
    p1: holds
    p2: holds
    after turn 51: in play 2 v 11
  -- turn 52
    p1: holds
    p2: holds
    after turn 52: in play 2 v 11
  -- turn 53
    p1: holds
    p2: holds
    after turn 53: in play 2 v 11
  -- turn 54
    p1: holds
    p2: holds
    after turn 54: in play 2 v 11
  -- turn 55
    p1: holds
    p2: holds
    after turn 55: in play 2 v 11
  -- turn 56
    p1: holds
    p2: holds
    after turn 56: in play 2 v 11
  -- turn 57
    p1: holds
    p2: holds
    after turn 57: in play 2 v 11
  -- turn 58
    p1: holds
    p2: holds
    after turn 58: in play 2 v 11
  -- turn 59
    p1: holds
    p2: holds
    after turn 59: in play 2 v 11
  -- turn 60
    p1: holds
    p2: holds
    after turn 60: in play 2 v 11
+-+-+-+-+-+-+-+-+-+-+
|#|s|#|#|#|#|#|#|#|#|
+-+-+-+-+-+-+-+-+-+-+
|#|s|#|#|s|#|s|s|s|#|
+-+-+-+-+-+-+-+-+-+-+
|#|#|s|#|s|s|#|s|#|#|
+-+-+-+-+-+-+-+-+-+-+
|#|#|s|#|#|#|#|#|#|#|
+-+-+-+-+-+-+-+-+-+-+
|#|#|#|#|#|#|#|#|#|#|
+-+-+-+-+-+-+-+-+-+-+
|#|#|#|#|#|#|#|#|#|#|
+-+-+-+-+-+-+-+-+-+-+
|#|#|#|#|#|#|#|#|#|#|
+-+-+-+-+-+-+-+-+-+-+
|#|#|#|#|#|#|#|#|#|#|
+-+-+-+-+-+-+-+-+-+-+
|#|R|#|#|#|#|#|#|#|#|
+-+-+-+-+-+-+-+-+-+-+
|#|#|#|#|#|R|#|#|#|#|
+-+-+-+-+-+-+-+-+-+-+
SYMBOL  PLAYER  TYPE
R            1  R
s            2  S
  undecided after 60 turns
  final units:
    p1 r1   R   a10 h6 (1,8) hp 6 en 10
    p1 r2   R   a10 h7 (5,9) hp 7 en 10
    p2 s1   S   a1 h-9 destroyed
    p2 s10  S   a1 h1 (2,2) hp 1 en 1
    p2 s11  S   a1 h1 (1,1) hp 1 en 2
    p2 s12  S   a1 h1 (2,3) hp 1 en 2
    p2 s13  S   a1 h-9 destroyed
    p2 s14  S   a1 h1 (4,2) hp 1 en 1
    p2 s15  S   a1 h1 (5,2) hp 1 en 1
    p2 s16  S   a1 h-9 destroyed
    p2 s17  S   a1 h1 (7,2) hp 1 en 1
    p2 s18  S   a1 h1 (8,1) hp 1 en 1
    p2 s2   S   a1 h1 (1,0) hp 1 en 2
    p2 s3   S   a1 h-9 destroyed
    p2 s4   S   a1 h-9 destroyed
    p2 s5   S   a1 h1 (4,1) hp 1 en 1
    p2 s6   S   a1 h-9 destroyed
    p2 s7   S   a1 h1 (6,1) hp 1 en 1
    p2 s8   S   a1 h1 (7,1) hp 1 en 1
    p2 s9   S   a1 h-9 destroyed
