=== game 188: p1 Sponge vs p2 Ambush
  board 10x10, budget p1: 200 / p2: 200, deployment split: p1 in rows 0-4, p2 in rows 5-9
  p1 Sponge: 11 x (a1 h10 e6) + 1 x (a1 h9 e3), a line bought to be hit
  p2 Ambush: 8 x (a1 h10 e10) + 2 x (a1 h5 e10), behind the frontier, never move
  p1 deploys: add type S S 1 10 6; add unit S s1 0 4; add unit S s2 1 4; add unit S s3 2 4; add unit S s4 3 4; add unit S s5 4 4; add unit S s6 5 4; add unit S s7 6 4; add unit S s8 7 4; add unit S s9 8 4; add unit S s10 9 4; add unit S s11 4 3; add type D D 1 9 3; add unit D d1 5 3
  p2 deploys: add type A A 1 10 10; add unit A a1 0 6; add unit A a2 3 6; add unit A a3 6 6; add unit A a4 9 6; add unit A a5 1 7; add unit A a6 4 7; add unit A a7 5 7; add unit A a8 8 7; add type B B 1 5 10; add unit B b1 2 8; add unit B b2 7 8
    after turn 1: in play 12 v 10
  -- turn 2
    p1: move s1 south; move s10 south; move s11 south; move s2 south; move s3 south; move s4 south; move s5 south; move s6 south; move s7 south; move s8 south; move s9 south
    p2: holds
    after turn 2: in play 12 v 10
  -- turn 3
    p1: holds
    p2: holds
    after turn 3: in play 12 v 10
  -- turn 4
    p1: move s1 south; move s10 south; move s11 south; move s2 south; move s3 south; move s4 south; move s5 south; move s6 south; move s7 south; move s8 south; move s9 south
    p2: holds
    after turn 4: in play 8 v 10
  -- turn 5
    p1: holds
    p2: holds
    after turn 5: in play 8 v 10
  -- turn 6
    p1: holds
    p2: holds
    after turn 6: in play 8 v 10
  -- turn 7
    p1: holds
    p2: holds
    after turn 7: in play 8 v 10
  -- turn 8
    p1: move s11 south; move s2 south; move s3 south; move s5 south; move s6 south; move s8 south; move s9 south
    p2: holds
    after turn 8: in play 4 v 10
  -- turn 9
    p1: holds
    p2: holds
    after turn 9: in play 4 v 10
  -- turn 10
    p1: holds
    p2: holds
    after turn 10: in play 4 v 10
  -- turn 11
    p1: holds
    p2: holds
    after turn 11: in play 4 v 10
  -- turn 12
    p1: move s11 south; move s3 south; move s8 south
    p2: holds
    p1: 1 order(s) rejected last turn:
    p1: - s11 at (4,6): the contest at (4, 7) was undecided
    p2: 1 order(s) rejected last turn:
    p2: - a6 at (4,7): the contest at (4, 7) was undecided
    after turn 12: in play 2 v 10
  -- turn 13
    p1: holds
    p2: holds
    after turn 13: in play 2 v 10
  -- turn 14
    p1: holds
    p2: holds
    after turn 14: in play 2 v 10
  -- turn 15
    p1: holds
    p2: holds
    after turn 15: in play 2 v 10
  -- turn 16
    p1: holds
    p2: holds
    after turn 16: in play 2 v 10
  -- turn 17
    p1: move s11 south
    p2: holds
    p1: 1 order(s) rejected last turn:
    p1: - s11 at (4,6): the contest at (4, 7) was undecided
    p2: 1 order(s) rejected last turn:
    p2: - a6 at (4,7): the contest at (4, 7) was undecided
    after turn 17: in play 2 v 10
  -- turn 18
    p1: holds
    p2: holds
    after turn 18: in play 2 v 10
  -- turn 19
    p1: holds
    p2: holds
    after turn 19: in play 2 v 10
  -- turn 20
    p1: holds
    p2: holds
    after turn 20: in play 2 v 10
  -- turn 21
    p1: holds
    p2: holds
    after turn 21: in play 2 v 10
  -- turn 22
    p1: move s11 south
    p2: holds
    after turn 22: in play 1 v 10
  -- turn 23
    p1: holds
    p2: holds
    after turn 23: in play 1 v 10
  -- turn 24
    p1: holds
    p2: holds
    after turn 24: in play 1 v 10
  -- turn 25
    p1: holds
    p2: holds
    after turn 25: in play 1 v 10
  -- turn 26
    p1: holds
    p2: holds
    after turn 26: in play 1 v 10
  -- turn 27
    p1: holds
    p2: holds
    after turn 27: in play 1 v 10
  -- turn 28
    p1: holds
    p2: holds
    after turn 28: in play 1 v 10
  -- turn 29
    p1: holds
    p2: holds
    after turn 29: in play 1 v 10
  -- turn 30
    p1: holds
    p2: holds
    after turn 30: in play 1 v 10
  -- turn 31
    p1: holds
    p2: holds
    after turn 31: in play 1 v 10
  -- turn 32
    p1: holds
    p2: holds
    after turn 32: in play 1 v 10
  -- turn 33
    p1: holds
    p2: holds
    after turn 33: in play 1 v 10
  -- turn 34
    p1: holds
    p2: holds
    after turn 34: in play 1 v 10
  -- turn 35
    p1: holds
    p2: holds
    after turn 35: in play 1 v 10
  -- turn 36
    p1: holds
    p2: holds
    after turn 36: in play 1 v 10
  -- turn 37
    p1: holds
    p2: holds
    after turn 37: in play 1 v 10
  -- turn 38
    p1: holds
    p2: holds
    after turn 38: in play 1 v 10
  -- turn 39
    p1: holds
    p2: holds
    after turn 39: in play 1 v 10
  -- turn 40
    p1: holds
    p2: holds
    after turn 40: in play 1 v 10
  -- turn 41
    p1: holds
    p2: holds
    after turn 41: in play 1 v 10
  -- turn 42
    p1: holds
    p2: holds
    after turn 42: in play 1 v 10
  -- turn 43
    p1: holds
    p2: holds
    after turn 43: in play 1 v 10
  -- turn 44
    p1: holds
    p2: holds
    after turn 44: in play 1 v 10
  -- turn 45
    p1: holds
    p2: holds
    after turn 45: in play 1 v 10
  -- turn 46
    p1: holds
    p2: holds
    after turn 46: in play 1 v 10
  -- turn 47
    p1: holds
    p2: holds
    after turn 47: in play 1 v 10
  -- turn 48
    p1: holds
    p2: holds
    after turn 48: in play 1 v 10
  -- turn 49
    p1: holds
    p2: holds
    after turn 49: in play 1 v 10
  -- turn 50
    p1: holds
    p2: holds
    after turn 50: in play 1 v 10
  -- turn 51
    p1: holds
    p2: holds
    after turn 51: in play 1 v 10
  -- turn 52
    p1: holds
    p2: holds
    after turn 52: in play 1 v 10
  -- turn 53
    p1: holds
    p2: holds
    after turn 53: in play 1 v 10
  -- turn 54
    p1: holds
    p2: holds
    after turn 54: in play 1 v 10
  -- turn 55
    p1: holds
    p2: holds
    after turn 55: in play 1 v 10
  -- turn 56
    p1: holds
    p2: holds
    after turn 56: in play 1 v 10
  -- turn 57
    p1: holds
    p2: holds
    after turn 57: in play 1 v 10
  -- turn 58
    p1: holds
    p2: holds
    after turn 58: in play 1 v 10
  -- turn 59
    p1: holds
    p2: holds
    after turn 59: in play 1 v 10
  -- turn 60
    p1: holds
    p2: holds
    after turn 60: in play 1 v 10
+-+-+-+-+-+-+-+-+-+-+
|#|#|#|#|#|#|#|#|#|#|
+-+-+-+-+-+-+-+-+-+-+
|#|#|#|#|#|#|#|#|#|#|
+-+-+-+-+-+-+-+-+-+-+
|#|#|#|#|#|#|#|#|#|#|
+-+-+-+-+-+-+-+-+-+-+
|#|#|#|#|#|D|#|#|#|#|
+-+-+-+-+-+-+-+-+-+-+
|#|#|#|#|#|#|#|#|#|#|
+-+-+-+-+-+-+-+-+-+-+
|#|#|#|#|#|#|#|#|#|#|
+-+-+-+-+-+-+-+-+-+-+
|A|#|#|A|#|#|A|#|#|A|
+-+-+-+-+-+-+-+-+-+-+
|#|A|#|#|A|A|#|#|A|#|
+-+-+-+-+-+-+-+-+-+-+
|#|#|B|#|#|#|#|B|#|#|
+-+-+-+-+-+-+-+-+-+-+
|#|#|#|#|#|#|#|#|#|#|
+-+-+-+-+-+-+-+-+-+-+
SYMBOL  PLAYER  TYPE
A            2  A
B            2  B
D            1  D
  undecided after 60 turns
  final units:
    p1 d1   D   a1 h9 (5,3) hp 9 en 3
    p1 s1   S   a1 h0 destroyed
    p1 s10  S   a1 h0 destroyed
    p1 s11  S   a1 h0 destroyed
    p1 s2   S   a1 h0 destroyed
    p1 s3   S   a1 h0 destroyed
    p1 s4   S   a1 h0 destroyed
    p1 s5   S   a1 h0 destroyed
    p1 s6   S   a1 h0 destroyed
    p1 s7   S   a1 h0 destroyed
    p1 s8   S   a1 h0 destroyed
    p1 s9   S   a1 h0 destroyed
    p2 a1   A   a1 h9 (0,6) hp 9 en 10
    p2 a2   A   a1 h9 (3,6) hp 9 en 10
    p2 a3   A   a1 h9 (6,6) hp 9 en 10
    p2 a4   A   a1 h9 (9,6) hp 9 en 10
    p2 a5   A   a1 h9 (1,7) hp 9 en 10
    p2 a6   A   a1 h6 (4,7) hp 6 en 10
    p2 a7   A   a1 h9 (5,7) hp 9 en 10
    p2 a8   A   a1 h9 (8,7) hp 9 en 10
    p2 b1   B   a1 h4 (2,8) hp 4 en 10
    p2 b2   B   a1 h4 (7,8) hp 4 en 10
