=== game 4: p1 Phalanx vs p2 Swarm
  p1 Phalanx: 5 x (a1 h5 e10) + 1 x (a1 h5 e5), rank abreast, advance north
  p2 Swarm: 9 x (a1 h1 e9), line abreast, sweep south
  p1 deploys: add type P P 1 5 10; add unit P p1 2 9; add unit P p2 3 9; add unit P p3 4 9; add unit P p4 5 9; add unit P p5 6 9; add type R R 1 5 5; add unit R r1 0 9
  p2 deploys: add type S s 1 1 9; add unit S s1 0 0; add unit S s2 1 0; add unit S s3 2 0; add unit S s4 3 0; add unit S s5 4 0; add unit S s6 5 0; add unit S s7 6 0; add unit S s8 7 0; add unit S s9 8 0
    after turn 1: standing 6 v 9
  -- turn 2
    p1: move p1 north; move p2 north; move p3 north; move p4 north; move p5 north
    p2: move s1 south; move s2 south; move s3 south; move s4 south; move s5 south; move s6 south; move s7 south; move s8 south; move s9 east
    after turn 2: standing 6 v 9
  -- turn 3
    p1: move p1 north; move p2 north; move p3 north; move p4 north; move p5 north
    p2: move s1 south; move s2 south; move s3 south; move s4 south; move s5 south; move s6 south; move s7 south; move s8 south; move s9 south
    after turn 3: standing 6 v 9
  -- turn 4
    p1: move p1 north; move p2 north; move p3 north; move p4 north; move p5 north
    p2: move s1 south; move s2 south; move s3 south; move s4 south; move s5 south; move s6 south; move s7 south; move s8 south; move s9 west
    after turn 4: standing 6 v 9
  -- turn 5
    p1: move p1 north; move p2 north; move p3 north; move p4 north; move p5 north
    p2: move s1 south; move s2 south; move s3 south; move s4 south; move s5 south; move s6 south; move s7 south; move s8 south; move s9 south
    after turn 5: standing 6 v 9
  -- turn 6
    p1: move p1 north; move p2 north; move p3 north; move p4 north; move p5 north
    p2: move s1 south; move s2 south; move s3 south; move s4 south; move s5 south; move s6 south; move s7 south; move s8 south; move s9 east
    after turn 6: standing 6 v 4
  -- turn 7
    p1: holds
    p2: move s1 east; move s2 east; move s8 west; move s9 south
    after turn 7: standing 6 v 4
  -- turn 8
    p1: holds
    p2: move s1 west; move s2 west; move s8 east; move s9 west
    after turn 8: standing 6 v 4
  -- turn 9
    p1: holds
    p2: move s1 south; move s2 south; move s8 south; move s9 south
    after turn 9: standing 6 v 4
  -- turn 10
    p1: holds
    p2: holds
    after turn 10: standing 6 v 4
  -- turn 11
    p1: holds
    p2: holds
    after turn 11: standing 6 v 4
  -- turn 12
    p1: holds
    p2: holds
    after turn 12: standing 6 v 4
  -- turn 13
    p1: holds
    p2: holds
    after turn 13: standing 6 v 4
  -- turn 14
    p1: holds
    p2: holds
    after turn 14: standing 6 v 4
  -- turn 15
    p1: holds
    p2: holds
    after turn 15: standing 6 v 4
  -- turn 16
    p1: holds
    p2: holds
    after turn 16: standing 6 v 4
  -- turn 17
    p1: holds
    p2: holds
    after turn 17: standing 6 v 4
  -- turn 18
    p1: holds
    p2: holds
    after turn 18: standing 6 v 4
  -- turn 19
    p1: holds
    p2: holds
    after turn 19: standing 6 v 4
  -- turn 20
    p1: holds
    p2: holds
    after turn 20: standing 6 v 4
  -- turn 21
    p1: holds
    p2: holds
    after turn 21: standing 6 v 4
  -- turn 22
    p1: holds
    p2: holds
    after turn 22: standing 6 v 4
  -- turn 23
    p1: holds
    p2: holds
    after turn 23: standing 6 v 4
  -- turn 24
    p1: holds
    p2: holds
    after turn 24: standing 6 v 4
  -- turn 25
    p1: holds
    p2: holds
    after turn 25: standing 6 v 4
  -- turn 26
    p1: holds
    p2: holds
    after turn 26: standing 6 v 4
  -- turn 27
    p1: holds
    p2: holds
    after turn 27: standing 6 v 4
  -- turn 28
    p1: holds
    p2: holds
    after turn 28: standing 6 v 4
  -- turn 29
    p1: holds
    p2: holds
    after turn 29: standing 6 v 4
  -- turn 30
    p1: holds
    p2: holds
    after turn 30: standing 6 v 4
  -- turn 31
    p1: holds
    p2: holds
    after turn 31: standing 6 v 4
  -- turn 32
    p1: holds
    p2: holds
    after turn 32: standing 6 v 4
  -- turn 33
    p1: holds
    p2: holds
    after turn 33: standing 6 v 4
  -- turn 34
    p1: holds
    p2: holds
    after turn 34: standing 6 v 4
  -- turn 35
    p1: holds
    p2: holds
    after turn 35: standing 6 v 4
  -- turn 36
    p1: holds
    p2: holds
    after turn 36: standing 6 v 4
  -- turn 37
    p1: holds
    p2: holds
    after turn 37: standing 6 v 4
  -- turn 38
    p1: holds
    p2: holds
    after turn 38: standing 6 v 4
  -- turn 39
    p1: holds
    p2: holds
    after turn 39: standing 6 v 4
  -- turn 40
    p1: holds
    p2: holds
    after turn 40: standing 6 v 4
  -- turn 41
    p1: holds
    p2: holds
    after turn 41: standing 6 v 4
  -- turn 42
    p1: holds
    p2: holds
    after turn 42: standing 6 v 4
  -- turn 43
    p1: holds
    p2: holds
    after turn 43: standing 6 v 4
  -- turn 44
    p1: holds
    p2: holds
    after turn 44: standing 6 v 4
  -- turn 45
    p1: holds
    p2: holds
    after turn 45: standing 6 v 4
  -- turn 46
    p1: holds
    p2: holds
    after turn 46: standing 6 v 4
  -- turn 47
    p1: holds
    p2: holds
    after turn 47: standing 6 v 4
  -- turn 48
    p1: holds
    p2: holds
    after turn 48: standing 6 v 4
  -- turn 49
    p1: holds
    p2: holds
    after turn 49: standing 6 v 4
  -- turn 50
    p1: holds
    p2: holds
    after turn 50: standing 6 v 4
  -- turn 51
    p1: holds
    p2: holds
    after turn 51: standing 6 v 4
  -- turn 52
    p1: holds
    p2: holds
    after turn 52: standing 6 v 4
  -- turn 53
    p1: holds
    p2: holds
    after turn 53: standing 6 v 4
  -- turn 54
    p1: holds
    p2: holds
    after turn 54: standing 6 v 4
  -- turn 55
    p1: holds
    p2: holds
    after turn 55: standing 6 v 4
  -- turn 56
    p1: holds
    p2: holds
    after turn 56: standing 6 v 4
  -- turn 57
    p1: holds
    p2: holds
    after turn 57: standing 6 v 4
  -- turn 58
    p1: holds
    p2: holds
    after turn 58: standing 6 v 4
  -- turn 59
    p1: holds
    p2: holds
    after turn 59: standing 6 v 4
  -- turn 60
    p1: holds
    p2: holds
    after turn 60: standing 6 v 4
+-+-+-+-+-+-+-+-+-+-+
|#|#|#|#|#|#|#|#|#|#|
+-+-+-+-+-+-+-+-+-+-+
|#|#|#|#|#|#|#|#|#|#|
+-+-+-+-+-+-+-+-+-+-+
|#|#|#|#|#|#|#|#|#|#|
+-+-+-+-+-+-+-+-+-+-+
|#|#|#|#|#|#|#|#|#|#|
+-+-+-+-+-+-+-+-+-+-+
|#|#|P|P|P|P|P|#|s|#|
+-+-+-+-+-+-+-+-+-+-+
|#|#|#|#|#|#|#|#|#|#|
+-+-+-+-+-+-+-+-+-+-+
|s|s|#|#|#|#|#|s|#|#|
+-+-+-+-+-+-+-+-+-+-+
|#|#|#|#|#|#|#|#|#|#|
+-+-+-+-+-+-+-+-+-+-+
|#|#|#|#|#|#|#|#|#|#|
+-+-+-+-+-+-+-+-+-+-+
|R|#|#|#|#|#|#|#|#|#|
+-+-+-+-+-+-+-+-+-+-+
SYMBOL  PLAYER  TYPE
P            1  P
R            1  R
s            2  S
  undecided after 60 turns
  final units:
    p1 p1   P   a1 h4 (2,4) hp 4 en 4
    p1 p2   P   a1 h4 (3,4) hp 4 en 4
    p1 p3   P   a1 h4 (4,4) hp 4 en 4
    p1 p4   P   a1 h4 (5,4) hp 4 en 4
    p1 p5   P   a1 h4 (6,4) hp 4 en 4
    p1 r1   R   a1 h5 (0,9) hp 5 en 5
    p2 s1   S   a1 h1 (0,6) hp 1 en 1
    p2 s2   S   a1 h1 (1,6) hp 1 en 1
    p2 s3   S   a1 h0 destroyed
    p2 s4   S   a1 h0 destroyed
    p2 s5   S   a1 h0 destroyed
    p2 s6   S   a1 h0 destroyed
    p2 s7   S   a1 h0 destroyed
    p2 s8   S   a1 h1 (7,6) hp 1 en 1
    p2 s9   S   a1 h1 (8,4) hp 1 en 1
