=== game 192: p1 Drain vs p2 Turtle
  board 10x10, budget p1: 200 / p2: 200, deployment split: p1 in rows 0-4, p2 in rows 5-9
  p1 Drain: 10 x (a1 h10 e9), one per column, walk in and soak
  p2 Turtle: 9 x (a1 h10 e10) + 1 x (a1 h5 e5), dispersed at the back, never move
  p1 deploys: add type D D 1 10 9; add unit D d1 0 4; add unit D d2 1 4; add unit D d3 2 4; add unit D d4 3 4; add unit D d5 4 4; add unit D d6 5 4; add unit D d7 6 4; add unit D d8 7 4; add unit D d9 8 4; add unit D d10 9 4
  p2 deploys: add type F F 1 10 10; add unit F f1 0 9; add unit F f2 3 9; add unit F f3 6 9; add unit F f4 9 9; add unit F f5 1 8; add unit F f6 5 8; add unit F f7 8 8; add unit F f8 2 7; add unit F f9 7 7; add type T T 1 5 5; add unit T t1 4 7
    after turn 1: in play 10 v 10
  -- turn 2
    p1: move d1 south; move d10 south; move d2 south; move d3 south; move d4 south; move d5 south; move d6 south; move d7 south; move d8 south; move d9 south
    p2: holds
    after turn 2: in play 10 v 10
  -- turn 3
    p1: move d1 south; move d10 south; move d2 south; move d3 south; move d4 south; move d5 south; move d6 south; move d7 south; move d8 south; move d9 south
    p2: holds
    after turn 3: in play 10 v 10
  -- turn 4
    p1: holds
    p2: holds
    after turn 4: in play 10 v 10
  -- turn 5
    p1: move d1 south; move d10 south; move d2 south; move d3 south; move d4 south; move d5 south; move d6 south; move d7 south; move d8 south; move d9 south
    p2: holds
    p1: 1 order(s) rejected last turn:
    p1: - d5 at (4,6): the contest at (4, 7) was undecided
    p2: 1 order(s) rejected last turn:
    p2: - t1 at (4,7): the contest at (4, 7) was undecided
    after turn 5: in play 8 v 10
  -- turn 6
    p1: holds
    p2: holds
    after turn 6: in play 8 v 10
  -- turn 7
    p1: holds
    p2: holds
    after turn 7: in play 8 v 10
  -- turn 8
    p1: holds
    p2: holds
    after turn 8: in play 8 v 10
  -- turn 9
    p1: move d1 south; move d10 south; move d2 south; move d4 south; move d6 south; move d7 south; move d9 south
    p2: holds
    after turn 9: in play 5 v 10
  -- turn 10
    p1: move d5 south
    p2: holds
    p1: 1 order(s) rejected last turn:
    p1: - d5 at (4,6): the contest at (4, 7) was undecided
    p2: 1 order(s) rejected last turn:
    p2: - t1 at (4,7): the contest at (4, 7) was undecided
    after turn 10: in play 5 v 10
  -- turn 11
    p1: holds
    p2: holds
    after turn 11: in play 5 v 10
  -- turn 12
    p1: holds
    p2: holds
    after turn 12: in play 5 v 10
  -- turn 13
    p1: move d1 south; move d10 south; move d4 south; move d7 south
    p2: holds
    after turn 13: in play 1 v 10
  -- turn 14
    p1: holds
    p2: holds
    after turn 14: in play 1 v 10
  -- turn 15
    p1: move d5 south
    p2: holds
    after turn 15: in play 0 v 10
+-+-+-+-+-+-+-+-+-+-+
|#|#|#|#|#|#|#|#|#|#|
+-+-+-+-+-+-+-+-+-+-+
|#|#|#|#|#|#|#|#|#|#|
+-+-+-+-+-+-+-+-+-+-+
|#|#|#|#|#|#|#|#|#|#|
+-+-+-+-+-+-+-+-+-+-+
|#|#|#|#|#|#|#|#|#|#|
+-+-+-+-+-+-+-+-+-+-+
|#|#|#|#|#|#|#|#|#|#|
+-+-+-+-+-+-+-+-+-+-+
|#|#|#|#|#|#|#|#|#|#|
+-+-+-+-+-+-+-+-+-+-+
|#|#|#|#|#|#|#|#|#|#|
+-+-+-+-+-+-+-+-+-+-+
|#|#|F|#|T|#|#|F|#|#|
+-+-+-+-+-+-+-+-+-+-+
|#|F|#|#|#|F|#|#|F|#|
+-+-+-+-+-+-+-+-+-+-+
|F|#|#|F|#|#|F|#|#|F|
+-+-+-+-+-+-+-+-+-+-+
SYMBOL  PLAYER  TYPE
F            2  F
T            2  T
  game over: player 2 wins on turn 15
  final units:
    p1 d1   D   a1 h0 destroyed
    p1 d10  D   a1 h0 destroyed
    p1 d2   D   a1 h0 destroyed
    p1 d3   D   a1 h0 destroyed
    p1 d4   D   a1 h0 destroyed
    p1 d5   D   a1 h0 destroyed
    p1 d6   D   a1 h0 destroyed
    p1 d7   D   a1 h0 destroyed
    p1 d8   D   a1 h0 destroyed
    p1 d9   D   a1 h0 destroyed
    p2 f1   F   a1 h9 (0,9) hp 9 en 2
    p2 f2   F   a1 h9 (3,9) hp 9 en 2
    p2 f3   F   a1 h9 (6,9) hp 9 en 2
    p2 f4   F   a1 h9 (9,9) hp 9 en 2
    p2 f5   F   a1 h9 (1,8) hp 9 en 6
    p2 f6   F   a1 h9 (5,8) hp 9 en 6
    p2 f7   F   a1 h9 (8,8) hp 9 en 6
    p2 f8   F   a1 h9 (2,7) hp 9 en 10
    p2 f9   F   a1 h9 (7,7) hp 9 en 10
    p2 t1   T   a1 h2 (4,7) hp 2 en 3
