=== game 166: p1 Attrition vs p2 Tide
  board 10x10, budget p1: 200 / p2: 200, deployment split: p1 in rows 0-4, p2 in rows 5-9
  p1 Attrition: 4 x (a1 h10 e30) + 2 scouts (a1 h1 e16), sweep and grind
  p2 Tide: 16 x (a1 h1 e10), two ranks, sweep and keep sweeping
  p1 deploys: add type T T 1 10 30; add unit T t1 1 2; add unit T t2 4 2; add unit T t3 6 2; add unit T t4 9 2; add type S s 1 1 16; add unit S s1 0 4; add unit S s2 9 4
  p2 deploys: add type W w 1 1 10; add unit W w1 0 5; add unit W w2 1 5; add unit W w3 2 5; add unit W w4 3 5; add unit W w5 4 5; add unit W w6 5 5; add unit W w7 6 5; add unit W w8 7 5; add unit W w9 8 5; add unit W w10 9 5; add unit W w11 2 6; add unit W w12 3 6; add unit W w13 4 6; add unit W w14 5 6; add unit W w15 6 6; add unit W w16 7 6
    after turn 1: in play 6 v 16
  -- turn 2
    p1: move s1 south; move s2 west; move t1 south; move t2 west; move t3 west; move t4 west
    p2: move w1 north; move w10 north; move w11 north; move w12 north; move w13 north; move w14 north; move w15 north; move w16 north; move w2 north; move w3 north; move w4 north; move w5 north; move w6 north; move w7 north; move w8 north; move w9 north
    after turn 2: in play 4 v 14
  -- turn 3
    p1: move t1 south; move t2 west; move t3 west; move t4 west
    p2: move w10 north; move w11 north; move w12 north; move w13 north; move w14 north; move w15 north; move w16 north; move w2 north; move w3 north; move w4 north; move w5 north; move w6 north; move w7 north; move w8 north
    after turn 3: in play 4 v 13
  -- turn 4
    p1: holds
    p2: move w10 north; move w11 west; move w12 west; move w13 west; move w14 north; move w15 north; move w16 north; move w3 west; move w4 west; move w5 north; move w6 north; move w7 north; move w8 north
    after turn 4: in play 4 v 10
  -- turn 5
    p1: holds
    p2: move w10 west; move w12 west; move w13 west; move w14 west; move w15 east; move w16 north; move w3 east; move w4 west; move w6 west; move w7 north
    after turn 5: in play 4 v 5
  -- turn 6
    p1: move t2 east
    p2: move w10 west; move w13 west; move w14 north; move w15 west; move w7 east
    after turn 6: in play 4 v 2
  -- turn 7
    p1: holds
    p2: move w15 east; move w7 south
    after turn 7: in play 4 v 1
  -- turn 8
    p1: holds
    p2: move w15 north
    after turn 8: in play 4 v 0
+-+-+-+-+-+-+-+-+-+-+
|#|#|#|#|#|#|#|#|#|#|
+-+-+-+-+-+-+-+-+-+-+
|#|#|#|#|#|#|#|#|#|#|
+-+-+-+-+-+-+-+-+-+-+
|#|#|#|T|T|#|#|T|#|#|
+-+-+-+-+-+-+-+-+-+-+
|#|#|#|#|#|#|#|#|#|#|
+-+-+-+-+-+-+-+-+-+-+
|#|T|#|#|#|#|#|#|#|#|
+-+-+-+-+-+-+-+-+-+-+
|#|#|#|#|#|#|#|#|#|#|
+-+-+-+-+-+-+-+-+-+-+
|#|#|#|#|#|#|#|#|#|#|
+-+-+-+-+-+-+-+-+-+-+
|#|#|#|#|#|#|#|#|#|#|
+-+-+-+-+-+-+-+-+-+-+
|#|#|#|#|#|#|#|#|#|#|
+-+-+-+-+-+-+-+-+-+-+
|#|#|#|#|#|#|#|#|#|#|
+-+-+-+-+-+-+-+-+-+-+
SYMBOL  PLAYER  TYPE
T            1  T
  game over: player 1 wins on turn 8
  final units:
    p1 s1   S   a1 h0 destroyed
    p1 s2   S   a1 h0 destroyed
    p1 t1   T   a1 h6 (1,4) hp 6 en 8
    p1 t2   T   a1 h10 (3,2) hp 10 en 4
    p1 t3   T   a1 h7 (4,2) hp 7 en 9
    p1 t4   T   a1 h5 (7,2) hp 5 en 5
    p2 w1   W   a1 h0 destroyed
    p2 w10  W   a1 h0 destroyed
    p2 w11  W   a1 h0 destroyed
    p2 w12  W   a1 h0 destroyed
    p2 w13  W   a1 h0 destroyed
    p2 w14  W   a1 h0 destroyed
    p2 w15  W   a1 h0 destroyed
    p2 w16  W   a1 h0 destroyed
    p2 w2   W   a1 h0 destroyed
    p2 w3   W   a1 h0 destroyed
    p2 w4   W   a1 h0 destroyed
    p2 w5   W   a1 h0 destroyed
    p2 w6   W   a1 h0 destroyed
    p2 w7   W   a1 h0 destroyed
    p2 w8   W   a1 h0 destroyed
    p2 w9   W   a1 h0 destroyed
