=== game 203: p1 Flag Hunt vs p2 Garrison
  board 8x8, p1: 250 points, rows 0-3, p2: 250 points, rows 4-7
  p1 Flag Hunt: the stock army; everything but the Keeps and Walls goes for the enemy flag square by the shortest route round its own
  p2 Garrison: the stock army as given; no unit is ever ordered
  p1 is handed 16 units: heavy1, heavy2, keep1, keep2, line1, line2, pawn1, pawn2, pawn3, pawn4, runner1, runner2, scout1, scout2, wall1, wall2
  p1 setup: keeps the army as given
  p2 is handed 16 units: heavy1, heavy2, keep1, keep2, line1, line2, pawn1, pawn2, pawn3, pawn4, runner1, runner2, scout1, scout2, wall1, wall2
  p2 setup: keeps the army as given
    after turn 1: in play 14 v 14  (walls: 2 v 2)
  -- turn 2
    p1: move heavy1 south; move heavy2 south; move pawn1 south; move pawn2 south; move pawn3 south; move pawn4 south; move runner1 south; move runner2 south; move scout1 south; move scout2 south
    p2: holds
    after turn 2: in play 14 v 14  (walls: 2 v 2)
  -- turn 3
    p1: move heavy1 south; move heavy2 south
    p2: holds
    after turn 3: in play 14 v 14  (walls: 2 v 2)
  -- turn 4
    p1: move heavy1 south; move heavy2 south; move pawn1 south; move pawn2 east; move pawn3 south; move pawn4 south; move runner1 south; move runner2 south; move scout1 south; move scout2 south
    p2: holds
    after turn 4: in play 14 v 14  (walls: 2 v 2)
  -- turn 5
    p1: move runner1 east; move runner2 west; move scout1 south; move scout2 west
    p2: holds
    after turn 5: in play 14 v 14  (walls: 2 v 2)
  -- turn 6
    p1: move pawn1 south; move pawn2 south; move pawn3 south; move pawn4 south; move runner1 south; move runner2 south; move scout1 south; move scout2 south
    p2: holds
    after turn 6: in play 14 v 14  (walls: 2 v 2)
  -- turn 7
    p1: move heavy1 south; move heavy2 south; move runner1 south; move runner2 west; move scout1 east; move scout2 south
    p2: holds
    after turn 7: in play 14 v 14  (walls: 2 v 2)
  -- turn 8
    p1: move pawn1 south; move pawn2 south; move pawn3 south; move pawn4 south; move runner1 south; move runner2 south; move scout1 south; move scout2 south
    p2: holds
    after turn 8: in play 14 v 14  (walls: 2 v 2)
  -- turn 9
    p1: move runner1 south; move runner2 south; move scout1 south; move scout2 south
    p2: holds
    p1: 6 order(s) rejected last turn:
    p1:   - pawn2 at (2,4): the contest at (1, 6) was undecided
    p1:   - runner1 at (1,5): the contest at (1, 6) was undecided
    p1:   - scout1 at (2,5): the contest at (2, 6) was undecided
    p1:   - wall1 at (2,1): the contest at (2, 6) was undecided
    p1:   - scout2 at (5,6): the contest at (5, 6) was undecided
    p1:   - wall2 at (5,1): the contest at (5, 6) was undecided
    after turn 9: in play 13 v 14  (walls: 2 v 2)
  -- turn 10
    p1: move pawn1 south; move pawn2 south; move pawn3 south; move pawn4 south; move runner2 south; move scout1 south
    p2: holds
    p1: 10 order(s) rejected last turn:
    p1:   - pawn1 at (0,5): the contest at (0, 6) was undecided
    p1:   - pawn1 at (0,5): the contest at (0, 6) was undecided
    p1:   - scout1 at (2,5): the contest at (2, 6) was undecided
    p1:   - wall1 at (2,1): the contest at (2, 6) was undecided
    p1:   - runner2 at (5,5): the contest at (5, 6) was undecided
    p1:   - wall2 at (5,1): the contest at (5, 6) was undecided
    p1:   - pawn3 at (6,5): the contest at (6, 6) was undecided
    p1:   - pawn3 at (6,5): the contest at (6, 6) was undecided
    p1:   - pawn4 at (7,5): the contest at (7, 6) was undecided
    p1:   - pawn4 at (7,5): the contest at (7, 6) was undecided
    after turn 10: in play 13 v 14  (walls: 2 v 2)
  -- turn 11
    p1: move heavy1 south; move heavy2 south; move runner1 south; move scout1 south
    p2: holds
    p1: 6 order(s) rejected last turn:
    p1:   - scout1 at (2,5): the contest at (2, 6) was undecided
    p1:   - wall1 at (2,1): the contest at (2, 6) was undecided
    p1:   - heavy1 at (3,5): the contest at (3, 6) was undecided
    p1:   - heavy1 at (3,5): the contest at (3, 6) was undecided
    p1:   - heavy2 at (4,5): the contest at (4, 6) was undecided
    p1:   - heavy2 at (4,5): the contest at (4, 6) was undecided
    after turn 11: in play 13 v 13  (walls: 2 v 2)
  -- turn 12
    p1: move pawn2 south; move scout1 south
    p2: holds
    p1: 2 order(s) rejected last turn:
    p1:   - scout1 at (2,6): the contest at (2, 6) was undecided
    p1:   - wall1 at (2,1): the contest at (2, 6) was undecided
    after turn 12: in play 12 v 13  (walls: 2 v 2)
  -- turn 13
    p1: move pawn1 south; move pawn3 south; move pawn4 south; move runner2 south
    p2: holds
    p1: 8 order(s) rejected last turn:
    p1:   - pawn1 at (0,5): the contest at (0, 6) was undecided
    p1:   - pawn1 at (0,5): the contest at (0, 6) was undecided
    p1:   - runner2 at (5,5): the contest at (5, 6) was undecided
    p1:   - wall2 at (5,1): the contest at (5, 6) was undecided
    p1:   - pawn3 at (6,5): the contest at (6, 6) was undecided
    p1:   - pawn3 at (6,5): the contest at (6, 6) was undecided
    p1:   - pawn4 at (7,5): the contest at (7, 6) was undecided
    p1:   - pawn4 at (7,5): the contest at (7, 6) was undecided
    after turn 13: in play 12 v 13  (walls: 2 v 2)
  -- turn 14
    p1: move pawn2 south
    p2: holds
    p1: 2 order(s) rejected last turn:
    p1:   - pawn2 at (2,5): the contest at (2, 6) was undecided
    p1:   - wall1 at (2,1): the contest at (2, 6) was undecided
    after turn 14: in play 12 v 13  (walls: 2 v 2)
  -- turn 15
    p1: move runner1 east
    p2: holds
    p1: 2 order(s) rejected last turn:
    p1:   - runner1 at (1,6): the contest at (2, 6) was undecided
    p1:   - wall1 at (2,1): the contest at (2, 6) was undecided
    after turn 15: in play 12 v 13  (walls: 2 v 2)
  -- turn 16
    p1: move pawn1 south; move pawn3 south; move pawn4 south
    p2: holds
    p1: 6 order(s) rejected last turn:
    p1:   - pawn1 at (0,5): the contest at (0, 6) was undecided
    p1:   - pawn1 at (0,5): the contest at (0, 6) was undecided
    p1:   - pawn3 at (6,5): the contest at (6, 6) was undecided
    p1:   - pawn3 at (6,5): the contest at (6, 6) was undecided
    p1:   - pawn4 at (7,5): the contest at (7, 6) was undecided
    p1:   - pawn4 at (7,5): the contest at (7, 6) was undecided
    after turn 16: in play 12 v 13  (walls: 2 v 2)
  -- turn 17
    p1: move pawn2 south; move runner2 south
    p2: holds
    p1: 4 order(s) rejected last turn:
    p1:   - pawn2 at (2,5): the contest at (2, 6) was undecided
    p1:   - wall1 at (2,1): the contest at (2, 6) was undecided
    p1:   - runner2 at (5,5): the contest at (5, 6) was undecided
    p1:   - wall2 at (5,1): the contest at (5, 6) was undecided
    after turn 17: in play 12 v 13  (walls: 2 v 2)
  -- turn 18
    p1: holds
    p2: holds
    after turn 18: in play 12 v 13  (walls: 2 v 2)
  -- turn 19
    p1: move pawn1 south; move pawn3 south; move pawn4 south; move runner1 east
    p2: holds
    p1: 2 order(s) rejected last turn:
    p1:   - runner1 at (1,6): the contest at (2, 6) was undecided
    p1:   - wall1 at (2,1): the contest at (2, 6) was undecided
    after turn 19: in play 9 v 10  (walls: 2 v 2)
  -- turn 20
    p1: move heavy1 west; move heavy2 south; move line1 west; move line2 east; move pawn2 south
    p2: holds
    p1: 2 order(s) rejected last turn:
    p1:   - pawn2 at (2,6): the contest at (2, 6) was undecided
    p1:   - wall1 at (2,1): the contest at (2, 6) was undecided
    after turn 20: in play 7 v 9  (walls: 2 v 2)
  -- turn 21
    p1: move line1 south; move line2 south; move runner2 south
    p2: holds
    p1: 2 order(s) rejected last turn:
    p1:   - runner2 at (5,5): the contest at (5, 6) was undecided
    p1:   - wall2 at (5,1): the contest at (5, 6) was undecided
    after turn 21: in play 7 v 9  (walls: 2 v 2)
  -- turn 22
    p1: move line1 south; move line2 south
    p2: holds
    after turn 22: in play 7 v 9  (walls: 2 v 2)
  -- turn 23
    p1: move line1 east; move line2 south; move runner1 east
    p2: holds
    p1: 2 order(s) rejected last turn:
    p1:   - runner1 at (1,6): the contest at (2, 6) was undecided
    p1:   - wall1 at (2,1): the contest at (2, 6) was undecided
    after turn 23: in play 7 v 9  (walls: 2 v 2)
  -- turn 24
    p1: move heavy1 south
    p2: holds
    after turn 24: in play 7 v 9  (walls: 2 v 1)
  -- turn 25
    p1: move line1 east; move line2 south; move runner2 south
    p2: holds
    after turn 25: in play 7 v 9  (walls: 2 v 0)
  -- turn 26
    p1: holds
    p2: holds
    after turn 26: in play 7 v 9  (walls: 2 v 0)
  -- turn 27
    p1: move runner1 south
    p2: holds
    after turn 27: in play 7 v 8  (walls: 2 v 0)
  -- turn 28
    p1: move line1 south; move line2 south
    p2: holds
    after turn 28: in play 7 v 8  (walls: 2 v 0)
  -- turn 29
    p1: move runner2 south
    p2: holds
    p1: 2 order(s) rejected last turn:
    p1:   - line2 at (6,5): the contest at (5, 7) was undecided
    p1:   - runner2 at (5,6): the contest at (5, 7) was undecided
    after turn 29: in play 7 v 8  (walls: 2 v 0)
  -- turn 30
    p1: holds
    p2: holds
    after turn 30: in play 7 v 8  (walls: 2 v 0)
  -- turn 31
    p1: move line1 south; move line2 south; move runner1 east
    p2: holds
    after turn 31: in play 6 v 8  (walls: 2 v 0)
  -- turn 32
    p1: holds
    p2: holds
    after turn 32: in play 6 v 8  (walls: 2 v 0)
  -- turn 33
    p1: move heavy1 east; move runner2 south
    p2: holds
    after turn 33: in play 4 v 7  (walls: 2 v 0)
  -- turn 34
    p1: move line1 south; move line2 west
    p2: holds
    after turn 34: in play 4 v 7  (walls: 2 v 0)
  -- turn 35
    p1: holds
    p2: holds
    after turn 35: in play 4 v 7  (walls: 2 v 0)
  -- turn 36
    p1: holds
    p2: holds
    after turn 36: in play 4 v 7  (walls: 2 v 0)
  -- turn 37
    p1: move line1 south; move line2 south
    p2: holds
    after turn 37: in play 4 v 6  (walls: 2 v 0)
  -- turn 38
    p1: holds
    p2: holds
    after turn 38: in play 4 v 6  (walls: 2 v 0)
  -- turn 39
    p1: holds
    p2: holds
    after turn 39: in play 4 v 6  (walls: 2 v 0)
  -- turn 40
    p1: move line1 south
    p2: holds
    p1: 2 order(s) rejected last turn:
    p1:   - keep1 at (3,0): the contest at (3, 7) was undecided
    p1:   - line1 at (3,6): the contest at (3, 7) was undecided
    after turn 40: in play 4 v 6  (walls: 2 v 0)
  -- turn 41
    p1: holds
    p2: holds
    after turn 41: in play 4 v 6  (walls: 2 v 0)
  -- turn 42
    p1: holds
    p2: holds
    after turn 42: in play 4 v 6  (walls: 2 v 0)
  -- turn 43
    p1: move line2 west
    p2: holds
    p1: 2 order(s) rejected last turn:
    p1:   - keep2 at (4,0): the contest at (4, 7) was undecided
    p1:   - line2 at (5,7): the contest at (4, 7) was undecided
    after turn 43: in play 4 v 6  (walls: 2 v 0)
  -- turn 44
    p1: holds
    p2: holds
    after turn 44: in play 4 v 6  (walls: 2 v 0)
  -- turn 45
    p1: holds
    p2: holds
    after turn 45: in play 4 v 6  (walls: 2 v 0)
  -- turn 46
    p1: move line1 south
    p2: holds
    p1: 2 order(s) rejected last turn:
    p1:   - keep1 at (3,0): the contest at (3, 7) was undecided
    p1:   - line1 at (3,6): the contest at (3, 7) was undecided
    after turn 46: in play 4 v 6  (walls: 2 v 0)
  -- turn 47
    p1: holds
    p2: holds
    after turn 47: in play 4 v 6  (walls: 2 v 0)
  -- turn 48
    p1: holds
    p2: holds
    after turn 48: in play 4 v 6  (walls: 2 v 0)
  -- turn 49
    p1: move line2 west
    p2: holds
    p1: 2 order(s) rejected last turn:
    p1:   - keep2 at (4,0): the contest at (4, 7) was undecided
    p1:   - line2 at (5,7): the contest at (4, 7) was undecided
    after turn 49: in play 4 v 6  (walls: 2 v 0)
  -- turn 50
    p1: holds
    p2: holds
    after turn 50: in play 4 v 6  (walls: 2 v 0)
  -- turn 51
    p1: holds
    p2: holds
    after turn 51: in play 4 v 6  (walls: 2 v 0)
  -- turn 52
    p1: move line1 south
    p2: holds
    p1: 2 order(s) rejected last turn:
    p1:   - keep1 at (3,0): the contest at (3, 7) was undecided
    p1:   - line1 at (3,6): the contest at (3, 7) was undecided
    after turn 52: in play 4 v 6  (walls: 2 v 0)
  -- turn 53
    p1: holds
    p2: holds
    after turn 53: in play 4 v 6  (walls: 2 v 0)
  -- turn 54
    p1: holds
    p2: holds
    after turn 54: in play 4 v 6  (walls: 2 v 0)
  -- turn 55
    p1: move line2 west
    p2: holds
    after turn 55: in play 3 v 6  (walls: 2 v 0)
  -- turn 56
    p1: holds
    p2: holds
    after turn 56: in play 3 v 6  (walls: 2 v 0)
  -- turn 57
    p1: holds
    p2: holds
    after turn 57: in play 3 v 6  (walls: 2 v 0)
  -- turn 58
    p1: move line1 south
    p2: holds
    p1: game over: player 1 wins on turn 58
    p2: game over: player 1 wins on turn 58
    p2 is eliminated from turn 58
    after turn 58: in play 3 v 5  (walls: 2 v 0)
+-+-+-+-+-+-+-+-+
| | | |K|K| | | |
+-+-+-+-+-+-+-+-+
| | |W| | |W| | |
+-+-+-+-+-+-+-+-+
| | | | | | | | |
+-+-+-+-+-+-+-+-+
| | | | | | | | |
+-+-+-+-+-+-+-+-+
| | | | | | | | |
+-+-+-+-+-+-+-+-+
| | | | | | | | |
+-+-+-+-+-+-+-+-+
| | | | | | | | |
+-+-+-+-+-+-+-+-+
|r| |L|L|K| |o|r|
+-+-+-+-+-+-+-+-+
SYMBOL  PLAYER  TYPE
K            1  Keep
K            2  Keep
L            1  Line
L            2  Line
W            1  Wall
o            2  Scout
r            2  Runner
  game over: player 1 wins on turn 58
  final units:
    p1 heavy1  Heavy   a5 h0 destroyed
    p1 heavy2  Heavy   a5 h0 destroyed
    p1 keep1   Keep    a1 h10 (3,0) hp 10 en 5 flag
    p1 keep2   Keep    a1 h10 (4,0) hp 10 en 5
    p1 line1   Line    a3 h2 (3,7) hp 2 en 0
    p1 line2   Line    a3 h0 destroyed
    p1 pawn1   Pawn    a1 h0 destroyed
    p1 pawn2   Pawn    a1 h-1 destroyed
    p1 pawn3   Pawn    a1 h0 destroyed
    p1 pawn4   Pawn    a1 h0 destroyed
    p1 runner1 Runner  a2 h-1 destroyed
    p1 runner2 Runner  a2 h-2 destroyed
    p1 scout1  Scout   a0 h0 destroyed
    p1 scout2  Scout   a0 h0 destroyed
    p1 wall1   Wall    a0 h10 (2,1) hp 10 en 0
    p1 wall2   Wall    a0 h10 (5,1) hp 10 en 0
    p2 heavy1  Heavy   a5 h0 destroyed
    p2 heavy2  Heavy   a5 h0 destroyed
    p2 keep1   Keep    a1 h-2 destroyed flag
    p2 keep2   Keep    a1 h1 (4,7) hp 1 en 5
    p2 line1   Line    a3 h4 (2,7) hp 4 en 12
    p2 line2   Line    a3 h-1 destroyed
    p2 pawn1   Pawn    a1 h0 destroyed
    p2 pawn2   Pawn    a1 h0 destroyed
    p2 pawn3   Pawn    a1 h0 destroyed
    p2 pawn4   Pawn    a1 h0 destroyed
    p2 runner1 Runner  a2 h4 (0,7) hp 4 en 10
    p2 runner2 Runner  a2 h4 (7,7) hp 4 en 10
    p2 scout1  Scout   a0 h0 destroyed
    p2 scout2  Scout   a0 h2 (6,7) hp 2 en 12
    p2 wall1   Wall    a0 h-4 destroyed
    p2 wall2   Wall    a0 h0 destroyed
