=== game 162: p1 Assassin vs p2 Hunter
  board 10x10, budget p1: 200 / p2: 200, deployment split: p1 in rows 0-4, p2 in rows 5-9
  p1 Assassin: 6 x (a10 h1 e21), on the frontier, kill one thing each
  p2 Hunter: 4 x (a10 h10 e30), lawnmower sweep of a quarter of the board each
  p1 deploys: add type A A 10 1 21; add unit A a1 0 4; add unit A a2 2 4; add unit A a3 4 4; add unit A a4 5 4; add unit A a5 7 4; add unit A a6 9 4
  p2 deploys: add type H H 10 10 30; add unit H h1 0 7; add unit H h2 3 7; add unit H h3 6 7; add unit H h4 9 7
    after turn 1: in play 6 v 4
  -- turn 2
    p1: move a1 south; move a2 west; move a3 west; move a4 west; move a5 west; move a6 west
    p2: move h1 east; move h2 west; move h3 west; move h4 west
    after turn 2: in play 6 v 4
  -- turn 3
    p1: move a1 south; move a2 south; move a3 west; move a4 east; move a5 east; move a6 east
    p2: move h1 north; move h2 east; move h3 west; move h4 west
    after turn 3: in play 6 v 4
  -- turn 4
    p1: move a1 south; move a2 south; move a3 east; move a4 south; move a5 south; move a6 south
    p2: holds
    after turn 4: in play 5 v 3
  -- turn 5
    p1: move a1 south; move a3 south; move a4 west; move a5 west; move a6 west
    p2: holds
    after turn 5: in play 5 v 3
  -- turn 6
    p1: move a1 south; move a3 west; move a4 south; move a5 south; move a6 south
    p2: holds
    after turn 6: in play 5 v 3
  -- turn 7
    p1: move a1 north; move a3 south; move a4 east; move a5 east; move a6 east
    p2: holds
    after turn 7: in play 5 v 3
  -- turn 8
    p1: move a1 north; move a3 east; move a4 south; move a5 south; move a6 south
    p2: holds
    after turn 8: in play 4 v 2
  -- turn 9
    p1: move a1 north; move a3 south; move a4 west; move a6 west
    p2: holds
    after turn 9: in play 2 v 0
+-+-+-+-+-+-+-+-+-+-+
|#|#|#|#|#|#|#|#|#|#|
+-+-+-+-+-+-+-+-+-+-+
|#|#|#|#|#|#|#|#|#|#|
+-+-+-+-+-+-+-+-+-+-+
|#|#|#|#|#|#|#|#|#|#|
+-+-+-+-+-+-+-+-+-+-+
|#|#|#|#|#|#|#|#|#|#|
+-+-+-+-+-+-+-+-+-+-+
|#|#|#|#|#|#|#|#|#|#|
+-+-+-+-+-+-+-+-+-+-+
|#|#|#|#|#|#|#|#|#|#|
+-+-+-+-+-+-+-+-+-+-+
|A|#|#|#|#|#|#|#|#|#|
+-+-+-+-+-+-+-+-+-+-+
|#|#|#|#|#|#|#|#|A|#|
+-+-+-+-+-+-+-+-+-+-+
|#|#|#|#|#|#|#|#|#|#|
+-+-+-+-+-+-+-+-+-+-+
|#|#|#|#|#|#|#|#|#|#|
+-+-+-+-+-+-+-+-+-+-+
SYMBOL  PLAYER  TYPE
A            1  A
  game over: player 1 wins on turn 9
  final units:
    p1 a1   A   a10 h1 (0,6) hp 1 en 13
    p1 a2   A   a10 h-9 destroyed
    p1 a3   A   a10 h-9 destroyed
    p1 a4   A   a10 h-9 destroyed
    p1 a5   A   a10 h-9 destroyed
    p1 a6   A   a10 h1 (8,7) hp 1 en 13
    p2 h1   H   a10 h0 destroyed
    p2 h2   H   a10 h0 destroyed
    p2 h3   H   a10 h0 destroyed
    p2 h4   H   a10 h0 destroyed
