=== game 1: p1 Swarm vs p2 Grinder
  p1 Swarm: 9 x (a1 h1 e9), line abreast, sweep south
  p2 Grinder: 3 x (a1 h10 e20), column 8, sweep west
  p1 deploys: add type S s 1 1 9; add unit S s1 0 0; add unit S s2 1 0; add unit S s3 2 0; add unit S s4 3 0; add unit S s5 4 0; add unit S s6 5 0; add unit S s7 6 0; add unit S s8 7 0; add unit S s9 8 0
  p2 deploys: add type G G 1 10 20; add unit G g1 8 1; add unit G g2 8 5; add unit G g3 8 9
    after turn 1: standing 9 v 3
  -- turn 2
    p1: move s1 south; move s2 south; move s3 south; move s4 south; move s5 south; move s6 south; move s7 south; move s8 south; move s9 east
    p2: move g1 west; move g2 west; move g3 west
    after turn 2: standing 8 v 3
  -- turn 3
    p1: move s1 south; move s2 south; move s3 south; move s4 south; move s5 east; move s6 east; move s7 east; move s9 west
    p2: move g1 west; move g2 west; move g3 west
    after turn 3: standing 6 v 3
  -- turn 4
    p1: move s1 south; move s2 south; move s3 south; move s4 south; move s5 west; move s9 east
    p2: move g1 west; move g2 west; move g3 east
    after turn 4: standing 6 v 3
  -- turn 5
    p1: move s1 south; move s2 south; move s3 south; move s4 south; move s5 south; move s9 south
    p2: move g1 west; move g2 west; move g3 east
    after turn 5: standing 6 v 3
  -- turn 6
    p1: move s1 south; move s2 south; move s3 south; move s4 south; move s5 south; move s9 west
    p2: move g1 west; move g2 west; move g3 east
    after turn 6: standing 5 v 3
  -- turn 7
    p1: move s1 east; move s2 east; move s3 east; move s5 south; move s9 south
    p2: move g1 west; move g2 east; move g3 north
    after turn 7: standing 5 v 3
  -- turn 8
    p1: move s1 west; move s2 west; move s3 west; move s5 south; move s9 east
    p2: move g1 west; move g2 east; move g3 west
    after turn 8: standing 5 v 3
  -- turn 9
    p1: move s1 south; move s2 south; move s3 south; move s5 south; move s9 south
    p2: move g1 west; move g2 north; move g3 west
    after turn 9: standing 5 v 3
  -- turn 10
    p1: holds
    p2: move g1 west; move g2 west; move g3 west
    after turn 10: standing 5 v 3
  -- turn 11
    p1: holds
    p2: move g3 north
    after turn 11: standing 5 v 3
  -- turn 12
    p1: holds
    p2: holds
    after turn 12: standing 5 v 3
  -- turn 13
    p1: holds
    p2: holds
    after turn 13: standing 5 v 3
  -- turn 14
    p1: holds
    p2: holds
    after turn 14: standing 5 v 3
  -- turn 15
    p1: holds
    p2: holds
    after turn 15: standing 5 v 3
  -- turn 16
    p1: holds
    p2: holds
    after turn 16: standing 5 v 3
  -- turn 17
    p1: holds
    p2: holds
    after turn 17: standing 5 v 3
  -- turn 18
    p1: holds
    p2: holds
    after turn 18: standing 5 v 3
  -- turn 19
    p1: holds
    p2: holds
    after turn 19: standing 5 v 3
  -- turn 20
    p1: holds
    p2: holds
    after turn 20: standing 5 v 3
  -- turn 21
    p1: holds
    p2: holds
    after turn 21: standing 5 v 3
  -- turn 22
    p1: holds
    p2: holds
    after turn 22: standing 5 v 3
  -- turn 23
    p1: holds
    p2: holds
    after turn 23: standing 5 v 3
  -- turn 24
    p1: holds
    p2: holds
    after turn 24: standing 5 v 3
  -- turn 25
    p1: holds
    p2: holds
    after turn 25: standing 5 v 3
  -- turn 26
    p1: holds
    p2: holds
    after turn 26: standing 5 v 3
  -- turn 27
    p1: holds
    p2: holds
    after turn 27: standing 5 v 3
  -- turn 28
    p1: holds
    p2: holds
    after turn 28: standing 5 v 3
  -- turn 29
    p1: holds
    p2: holds
    after turn 29: standing 5 v 3
  -- turn 30
    p1: holds
    p2: holds
    after turn 30: standing 5 v 3
  -- turn 31
    p1: holds
    p2: holds
    after turn 31: standing 5 v 3
  -- turn 32
    p1: holds
    p2: holds
    after turn 32: standing 5 v 3
  -- turn 33
    p1: holds
    p2: holds
    after turn 33: standing 5 v 3
  -- turn 34
    p1: holds
    p2: holds
    after turn 34: standing 5 v 3
  -- turn 35
    p1: holds
    p2: holds
    after turn 35: standing 5 v 3
  -- turn 36
    p1: holds
    p2: holds
    after turn 36: standing 5 v 3
  -- turn 37
    p1: holds
    p2: holds
    after turn 37: standing 5 v 3
  -- turn 38
    p1: holds
    p2: holds
    after turn 38: standing 5 v 3
  -- turn 39
    p1: holds
    p2: holds
    after turn 39: standing 5 v 3
  -- turn 40
    p1: holds
    p2: holds
    after turn 40: standing 5 v 3
  -- turn 41
    p1: holds
    p2: holds
    after turn 41: standing 5 v 3
  -- turn 42
    p1: holds
    p2: holds
    after turn 42: standing 5 v 3
  -- turn 43
    p1: holds
    p2: holds
    after turn 43: standing 5 v 3
  -- turn 44
    p1: holds
    p2: holds
    after turn 44: standing 5 v 3
  -- turn 45
    p1: holds
    p2: holds
    after turn 45: standing 5 v 3
  -- turn 46
    p1: holds
    p2: holds
    after turn 46: standing 5 v 3
  -- turn 47
    p1: holds
    p2: holds
    after turn 47: standing 5 v 3
  -- turn 48
    p1: holds
    p2: holds
    after turn 48: standing 5 v 3
  -- turn 49
    p1: holds
    p2: holds
    after turn 49: standing 5 v 3
  -- turn 50
    p1: holds
    p2: holds
    after turn 50: standing 5 v 3
  -- turn 51
    p1: holds
    p2: holds
    after turn 51: standing 5 v 3
  -- turn 52
    p1: holds
    p2: holds
    after turn 52: standing 5 v 3
  -- turn 53
    p1: holds
    p2: holds
    after turn 53: standing 5 v 3
  -- turn 54
    p1: holds
    p2: holds
    after turn 54: standing 5 v 3
  -- turn 55
    p1: holds
    p2: holds
    after turn 55: standing 5 v 3
  -- turn 56
    p1: holds
    p2: holds
    after turn 56: standing 5 v 3
  -- turn 57
    p1: holds
    p2: holds
    after turn 57: standing 5 v 3
  -- turn 58
    p1: holds
    p2: holds
    after turn 58: standing 5 v 3
  -- turn 59
    p1: holds
    p2: holds
    after turn 59: standing 5 v 3
  -- turn 60
    p1: holds
    p2: holds
    after turn 60: standing 5 v 3
+-+-+-+-+-+-+-+-+-+-+
|#|#|#|#|#|#|#|#|#|#|
+-+-+-+-+-+-+-+-+-+-+
|G|#|#|#|#|#|#|#|#|#|
+-+-+-+-+-+-+-+-+-+-+
|#|#|#|#|#|#|#|#|#|#|
+-+-+-+-+-+-+-+-+-+-+
|#|#|#|#|#|#|#|#|#|s|
+-+-+-+-+-+-+-+-+-+-+
|#|#|#|#|G|#|#|#|#|#|
+-+-+-+-+-+-+-+-+-+-+
|#|#|#|#|#|#|#|#|#|#|
+-+-+-+-+-+-+-+-+-+-+
|s|s|s|#|s|#|#|#|#|#|
+-+-+-+-+-+-+-+-+-+-+
|#|#|#|#|#|#|G|#|#|#|
+-+-+-+-+-+-+-+-+-+-+
|#|#|#|#|#|#|#|#|#|#|
+-+-+-+-+-+-+-+-+-+-+
|#|#|#|#|#|#|#|#|#|#|
+-+-+-+-+-+-+-+-+-+-+
SYMBOL  PLAYER  TYPE
G            2  G
s            1  S
  undecided after 60 turns
  final units:
    p1 s1   S   a1 h1 (0,6) hp 1 en 1
    p1 s2   S   a1 h1 (1,6) hp 1 en 1
    p1 s3   S   a1 h1 (2,6) hp 1 en 1
    p1 s4   S   a1 h0 destroyed
    p1 s5   S   a1 h1 (4,6) hp 1 en 1
    p1 s6   S   a1 h0 destroyed
    p1 s7   S   a1 h0 destroyed
    p1 s8   S   a1 h0 destroyed
    p1 s9   S   a1 h1 (9,3) hp 1 en 1
    p2 g1   G   a1 h9 (0,1) hp 9 en 10
    p2 g2   G   a1 h9 (4,4) hp 9 en 10
    p2 g3   G   a1 h10 (6,7) hp 10 en 10
