=== game 215: p1 Heavies vs p2 Bulwark
  board 8x8, p1: 250 points, rows 0-3, p2: 250 points, rows 4-7
  p1 Heavies: 7 x Heavy (a5 h10 e15) + Keep with the flag + Runner; the Heavies hunt
  p2 Bulwark: 8 x Wall across the frontier row + 4 x Heavy behind + Keep with the flag, Runner, Scout; nobody hunts
  p1 is handed 16 units: heavy1, heavy2, keep1, keep2, line1, line2, pawn1, pawn2, pawn3, pawn4, runner1, runner2, scout1, scout2, wall1, wall2
  p1 setup: remove unit heavy1; remove unit heavy2; remove unit keep1; remove unit keep2; remove unit line1; remove unit line2; remove unit pawn1; remove unit pawn2; remove unit pawn3; remove unit pawn4; remove unit runner1; remove unit runner2; remove unit scout1; remove unit scout2; remove unit wall1; remove unit wall2; add type Heavy H 5 10 15; add unit Heavy heavy1 1 3; add unit Heavy heavy2 2 3; add unit Heavy heavy3 3 3; add unit Heavy heavy4 4 3; add unit Heavy heavy5 5 3; add unit Heavy heavy6 6 3; add unit Heavy heavy7 4 2; add type Keep K 1 10 5; add unit Keep keep1 3 0; add type Runner r 2 4 10; add unit Runner runner1 4 0; set flag keep1
  p2 is handed 16 units: heavy1, heavy2, keep1, keep2, line1, line2, pawn1, pawn2, pawn3, pawn4, runner1, runner2, scout1, scout2, wall1, wall2
  p2 setup: remove unit heavy1; remove unit heavy2; remove unit keep1; remove unit keep2; remove unit line1; remove unit line2; remove unit pawn1; remove unit pawn2; remove unit pawn3; remove unit pawn4; remove unit runner1; remove unit runner2; remove unit scout1; remove unit scout2; remove unit wall1; remove unit wall2; add type Wall W 0 10 0; add unit Wall wall1 0 4; add unit Wall wall2 1 4; add unit Wall wall3 2 4; add unit Wall wall4 3 4; add unit Wall wall5 4 4; add unit Wall wall6 5 4; add unit Wall wall7 6 4; add unit Wall wall8 7 4; add type Heavy H 5 10 15; add unit Heavy heavy1 1 5; add unit Heavy heavy2 3 5; add unit Heavy heavy3 4 5; add unit Heavy heavy4 6 5; add type Keep K 1 10 5; add unit Keep keep1 3 7; add type Runner r 2 4 10; add unit Runner runner1 4 7; add type Scout o 0 2 12; add unit Scout scout1 0 7; set flag keep1
    after turn 1: in play 9 v 7  (walls: 0 v 8)
  -- turn 2
    p1: move heavy1 south; move heavy2 south; move heavy3 south; move heavy4 south; move heavy5 south; move heavy6 south; move heavy7 south
    p2: holds
    p1: 6 order(s) rejected last turn:
    p1:   - heavy1 at (1,3): the contest at (1, 4) was undecided
    p1:   - heavy2 at (2,3): the contest at (2, 4) was undecided
    p1:   - heavy3 at (3,3): the contest at (3, 4) was undecided
    p1:   - heavy4 at (4,3): the contest at (4, 4) was undecided
    p1:   - heavy5 at (5,3): the contest at (5, 4) was undecided
    p1:   - heavy6 at (6,3): the contest at (6, 4) was undecided
    p2: 6 order(s) rejected last turn:
    p2:   - wall2 at (1,4): the contest at (1, 4) was undecided
    p2:   - wall3 at (2,4): the contest at (2, 4) was undecided
    p2:   - wall4 at (3,4): the contest at (3, 4) was undecided
    p2:   - wall5 at (4,4): the contest at (4, 4) was undecided
    p2:   - wall6 at (5,4): the contest at (5, 4) was undecided
    p2:   - wall7 at (6,4): the contest at (6, 4) was undecided
    after turn 2: in play 9 v 7  (walls: 0 v 8)
  -- turn 3
    p1: move heavy7 west
    p2: holds
    after turn 3: in play 9 v 7  (walls: 0 v 8)
  -- turn 4
    p1: move heavy1 south; move heavy2 south; move heavy3 south; move heavy4 south; move heavy5 south; move heavy6 south; move heavy7 south
    p2: holds
    after turn 4: in play 9 v 7  (walls: 0 v 2)
  -- turn 5
    p1: holds
    p2: move heavy1 north; move heavy2 north; move heavy3 north; move heavy4 north
    p1: 6 order(s) rejected last turn:
    p1:   - heavy1 at (1,4): the contest at (1, 4) was undecided
    p1:   - heavy1 at (1,4): the contest at (1, 4) was undecided
    p1:   - heavy2 at (2,4): the contest at (3, 4) was undecided
    p1:   - heavy3 at (3,4): the contest at (3, 4) was undecided
    p1:   - heavy4 at (4,4): the contest at (6, 4) was undecided
    p1:   - heavy6 at (6,4): the contest at (6, 4) was undecided
    after turn 5: in play 8 v 7  (walls: 0 v 2)
  -- turn 6
    p1: holds
    p2: holds
    after turn 6: in play 8 v 7  (walls: 0 v 2)
  -- turn 7
    p1: holds
    p2: holds
    after turn 7: in play 8 v 7  (walls: 0 v 2)
  -- turn 8
    p1: holds
    p2: holds
    after turn 8: in play 8 v 7  (walls: 0 v 2)
  -- turn 9
    p1: holds
    p2: holds
    after turn 9: in play 8 v 7  (walls: 0 v 2)
  -- turn 10
    p1: holds
    p2: holds
    after turn 10: in play 8 v 7  (walls: 0 v 2)
  -- turn 11
    p1: holds
    p2: holds
    after turn 11: in play 8 v 7  (walls: 0 v 2)
  -- turn 12
    p1: holds
    p2: holds
    after turn 12: in play 8 v 7  (walls: 0 v 2)
  -- turn 13
    p1: move heavy1 south; move heavy2 south; move heavy3 south; move heavy5 south; move heavy6 west; move heavy7 south
    p2: holds
    after turn 13: in play 6 v 7  (walls: 0 v 2)
  -- turn 14
    p1: move heavy7 south
    p2: holds
    after turn 14: in play 5 v 6  (walls: 0 v 2)
  -- turn 15
    p1: holds
    p2: holds
    after turn 15: in play 5 v 6  (walls: 0 v 2)
  -- turn 16
    p1: holds
    p2: holds
    after turn 16: in play 5 v 6  (walls: 0 v 2)
  -- turn 17
    p1: move heavy2 south; move heavy5 west; move heavy6 south
    p2: holds
    after turn 17: in play 5 v 6  (walls: 0 v 2)
  -- turn 18
    p1: holds
    p2: holds
    after turn 18: in play 5 v 6  (walls: 0 v 2)
  -- turn 19
    p1: holds
    p2: holds
    after turn 19: in play 5 v 6  (walls: 0 v 2)
  -- turn 20
    p1: holds
    p2: holds
    after turn 20: in play 5 v 6  (walls: 0 v 2)
  -- turn 21
    p1: move heavy2 east; move heavy5 south; move heavy6 west
    p2: holds
    after turn 21: in play 5 v 6  (walls: 0 v 2)
  -- turn 22
    p1: holds
    p2: holds
    after turn 22: in play 5 v 6  (walls: 0 v 2)
  -- turn 23
    p1: holds
    p2: holds
    after turn 23: in play 5 v 6  (walls: 0 v 2)
  -- turn 24
    p1: holds
    p2: holds
    after turn 24: in play 5 v 6  (walls: 0 v 2)
  -- turn 25
    p1: move heavy2 south; move heavy5 west; move heavy6 south
    p2: holds
    p1: 2 order(s) rejected last turn:
    p1:   - heavy2 at (3,6): the contest at (3, 7) was undecided
    p1:   - keep1 at (3,0): the contest at (3, 7) was undecided
    after turn 25: in play 4 v 6  (walls: 0 v 2)
  -- turn 26
    p1: holds
    p2: move keep1 north
    p1: 2 order(s) rejected last turn:
    p1:   - heavy2 at (3,6): the contest at (3, 6) was undecided
    p1:   - keep1 at (3,0): the contest at (3, 6) was undecided
    after turn 26: in play 4 v 6  (walls: 0 v 2)
  -- turn 27
    p1: holds
    p2: holds
    after turn 27: in play 4 v 6  (walls: 0 v 2)
  -- turn 28
    p1: holds
    p2: holds
    after turn 28: in play 4 v 6  (walls: 0 v 2)
  -- turn 29
    p1: move heavy5 south
    p2: holds
    after turn 29: in play 4 v 5  (walls: 0 v 2)
  -- turn 30
    p1: holds
    p2: holds
    after turn 30: in play 4 v 5  (walls: 0 v 2)
  -- turn 31
    p1: holds
    p2: holds
    after turn 31: in play 4 v 5  (walls: 0 v 2)
  -- turn 32
    p1: holds
    p2: holds
    after turn 32: in play 4 v 5  (walls: 0 v 2)
  -- turn 33
    p1: holds
    p2: holds
    after turn 33: in play 4 v 5  (walls: 0 v 2)
  -- turn 34
    p1: move heavy2 south
    p2: holds
    p1: game over: player 1 wins on turn 34
    p2: game over: player 1 wins on turn 34
    p2 is eliminated from turn 34
    after turn 34: in play 4 v 4  (walls: 0 v 2)
+-+-+-+-+-+-+-+-+
| | | |K|r| | | |
+-+-+-+-+-+-+-+-+
| | | | | | | | |
+-+-+-+-+-+-+-+-+
| | | | | | | | |
+-+-+-+-+-+-+-+-+
| | | | | | | | |
+-+-+-+-+-+-+-+-+
|W| | | |H| | |W|
+-+-+-+-+-+-+-+-+
| |H| | | | |H| |
+-+-+-+-+-+-+-+-+
| | | | | | | | |
+-+-+-+-+-+-+-+-+
|o| | |H|H| | | |
+-+-+-+-+-+-+-+-+
SYMBOL  PLAYER  TYPE
H            1  Heavy
H            2  Heavy
K            1  Keep
W            2  Wall
o            2  Scout
r            1  Runner
  game over: player 1 wins on turn 34
  final units:
    p1 heavy1  Heavy   a5 h0 destroyed
    p1 heavy2  Heavy   a5 h2 (3,7) hp 2 en 0
    p1 heavy3  Heavy   a5 h0 destroyed
    p1 heavy4  Heavy   a5 h0 destroyed
    p1 heavy5  Heavy   a5 h3 (4,7) hp 3 en 5
    p1 heavy6  Heavy   a5 h0 destroyed
    p1 heavy7  Heavy   a5 h0 destroyed
    p1 keep1   Keep    a1 h10 (3,0) hp 10 en 5 flag
    p1 runner1 Runner  a2 h4 (4,0) hp 4 en 10
    p2 heavy1  Heavy   a5 h5 (1,5) hp 5 en 15
    p2 heavy2  Heavy   a5 h0 destroyed
    p2 heavy3  Heavy   a5 h10 (4,4) hp 10 en 15
    p2 heavy4  Heavy   a5 h10 (6,5) hp 10 en 15
    p2 keep1   Keep    a1 h0 destroyed flag
    p2 runner1 Runner  a2 h-1 destroyed
    p2 scout1  Scout   a0 h2 (0,7) hp 2 en 12
    p2 wall1   Wall    a0 h10 (0,4) hp 10 en 0
    p2 wall2   Wall    a0 h0 destroyed
    p2 wall3   Wall    a0 h0 destroyed
    p2 wall4   Wall    a0 h0 destroyed
    p2 wall5   Wall    a0 h0 destroyed
    p2 wall6   Wall    a0 h0 destroyed
    p2 wall7   Wall    a0 h0 destroyed
    p2 wall8   Wall    a0 h10 (7,4) hp 10 en 0
