=== game 46: p1 Reaper vs p2 Ambush
  board 10x10, budget p1: 200 / p2: 200, deployment split: p1 in rows 0-4, p2 in rows 5-9
  p1 Reaper: 2 x (a10 h10 e80), sweep the enemy half and clear it
  p2 Ambush: 8 x (a1 h10 e10) + 2 x (a1 h5 e10), behind the frontier, never move
  p1 deploys: add type R R 10 10 80; add unit R r1 2 3; add unit R r2 7 3
  p2 deploys: add type A A 1 10 10; add unit A a1 0 6; add unit A a2 3 6; add unit A a3 6 6; add unit A a4 9 6; add unit A a5 1 7; add unit A a6 4 7; add unit A a7 5 7; add unit A a8 8 7; add type B B 1 5 10; add unit B b1 2 8; add unit B b2 7 8
    after turn 1: in play 2 v 10
  -- turn 2
    p1: move r1 west; move r2 west
    p2: holds
    after turn 2: in play 2 v 10
  -- turn 3
    p1: move r1 west; move r2 west
    p2: holds
    after turn 3: in play 2 v 10
  -- turn 4
    p1: move r1 east; move r2 east
    p2: holds
    after turn 4: in play 2 v 10
  -- turn 5
    p1: move r1 east; move r2 east
    p2: holds
    after turn 5: in play 2 v 10
  -- turn 6
    p1: move r1 east; move r2 east
    p2: holds
    after turn 6: in play 2 v 10
  -- turn 7
    p1: move r1 east; move r2 east
    p2: holds
    after turn 7: in play 2 v 10
  -- turn 8
    p1: move r1 south; move r2 south
    p2: holds
    after turn 8: in play 2 v 10
  -- turn 9
    p1: move r1 west; move r2 west
    p2: holds
    after turn 9: in play 2 v 10
  -- turn 10
    p1: move r1 west; move r2 west
    p2: holds
    after turn 10: in play 2 v 10
  -- turn 11
    p1: move r1 west; move r2 west
    p2: holds
    after turn 11: in play 2 v 10
  -- turn 12
    p1: move r1 west; move r2 west
    p2: holds
    after turn 12: in play 2 v 10
  -- turn 13
    p1: move r1 south; move r2 south
    p2: holds
    after turn 13: in play 2 v 10
  -- turn 14
    p1: move r1 east; move r2 east
    p2: holds
    after turn 14: in play 2 v 10
  -- turn 15
    p1: move r1 east; move r2 east
    p2: holds
    after turn 15: in play 2 v 10
  -- turn 16
    p1: move r1 east; move r2 east
    p2: holds
    after turn 16: in play 2 v 10
  -- turn 17
    p1: move r1 east; move r2 east
    p2: holds
    after turn 17: in play 2 v 10
  -- turn 18
    p1: move r1 south; move r2 south
    p2: holds
    after turn 18: in play 2 v 9
  -- turn 19
    p1: move r1 west; move r2 west
    p2: holds
    after turn 19: in play 2 v 8
  -- turn 20
    p1: move r1 west; move r2 west
    p2: holds
    after turn 20: in play 2 v 8
  -- turn 21
    p1: move r1 west; move r2 west
    p2: holds
    after turn 21: in play 2 v 7
  -- turn 22
    p1: move r1 west; move r2 west
    p2: holds
    after turn 22: in play 2 v 6
  -- turn 23
    p1: move r1 south; move r2 south
    p2: holds
    after turn 23: in play 2 v 5
  -- turn 24
    p1: move r1 east; move r2 east
    p2: holds
    after turn 24: in play 2 v 4
  -- turn 25
    p1: move r1 east; move r2 east
    p2: holds
    after turn 25: in play 2 v 4
  -- turn 26
    p1: move r1 east; move r2 east
    p2: holds
    after turn 26: in play 2 v 3
  -- turn 27
    p1: move r1 east; move r2 east
    p2: holds
    after turn 27: in play 2 v 2
  -- turn 28
    p1: move r1 south; move r2 south
    p2: holds
    after turn 28: in play 2 v 2
  -- turn 29
    p1: move r1 west; move r2 west
    p2: holds
    after turn 29: in play 2 v 2
  -- turn 30
    p1: move r1 west; move r2 west
    p2: holds
    after turn 30: in play 2 v 0
+-+-+-+-+-+-+-+-+-+-+
|#|#|#|#|#|#|#|#|#|#|
+-+-+-+-+-+-+-+-+-+-+
|#|#|#|#|#|#|#|#|#|#|
+-+-+-+-+-+-+-+-+-+-+
|#|#|#|#|#|#|#|#|#|#|
+-+-+-+-+-+-+-+-+-+-+
|#|#|#|#|#|#|#|#|#|#|
+-+-+-+-+-+-+-+-+-+-+
|#|#|#|#|#|#|#|#|#|#|
+-+-+-+-+-+-+-+-+-+-+
|#|#|#|#|#|#|#|#|#|#|
+-+-+-+-+-+-+-+-+-+-+
|#|#|#|#|#|#|#|#|#|#|
+-+-+-+-+-+-+-+-+-+-+
|#|#|#|#|#|#|#|#|#|#|
+-+-+-+-+-+-+-+-+-+-+
|#|#|R|#|#|#|#|R|#|#|
+-+-+-+-+-+-+-+-+-+-+
|#|#|#|#|#|#|#|#|#|#|
+-+-+-+-+-+-+-+-+-+-+
SYMBOL  PLAYER  TYPE
R            1  R
  game over: player 1 wins on turn 30
  final units:
    p1 r1   R   a10 h5 (2,8) hp 5 en 1
    p1 r2   R   a10 h5 (7,8) hp 5 en 1
    p2 a1   A   a1 h0 destroyed
    p2 a2   A   a1 h0 destroyed
    p2 a3   A   a1 h0 destroyed
    p2 a4   A   a1 h0 destroyed
    p2 a5   A   a1 h0 destroyed
    p2 a6   A   a1 h0 destroyed
    p2 a7   A   a1 h0 destroyed
    p2 a8   A   a1 h0 destroyed
    p2 b1   B   a1 h-5 destroyed
    p2 b2   B   a1 h-5 destroyed
