=== game 32: p1 Assassin vs p2 Hunter
  board 10x10, budget p1: 200 / p2: 200, deployment split: p1 in rows 0-4, p2 in rows 5-9
  p1 Assassin: 6 x (a10 h1 e21), on the frontier, kill one thing each
  p2 Hunter: 4 x (a10 h10 e30), lawnmower sweep of a quarter of the board each
  p1 deploys: add type A A 10 1 21; add unit A a1 0 4; add unit A a2 2 4; add unit A a3 4 4; add unit A a4 5 4; add unit A a5 7 4; add unit A a6 9 4
  p2 deploys: add type H H 10 10 30; add unit H h1 0 7; add unit H h2 3 7; add unit H h3 6 7; add unit H h4 9 7
    after turn 1: standing 6 v 4
  -- turn 2
    p1: move a1 south; move a2 west; move a3 west; move a4 west; move a5 west; move a6 west
    p2: move h1 east; move h2 west; move h3 west; move h4 west
    after turn 2: standing 6 v 4
  -- turn 3
    p1: move a1 south; move a2 south; move a3 west; move a4 east; move a5 east; move a6 east
    p2: move h1 north; move h2 east; move h3 west; move h4 west
    after turn 3: standing 6 v 4
  -- turn 4
    p1: move a1 south; move a2 south; move a3 east; move a4 south; move a5 south; move a6 south
    p2: move h1 west; move h2 north; move h3 east; move h4 east
    after turn 4: standing 6 v 4
  -- turn 5
    p1: move a1 south; move a2 south; move a3 south; move a4 west; move a5 west; move a6 west
    p2: move h1 north; move h2 west; move h3 east; move h4 east
    after turn 5: standing 6 v 4
  -- turn 6
    p1: move a1 south; move a2 south; move a3 west; move a4 south; move a5 south; move a6 south
    p2: move h1 east; move h2 north; move h3 north; move h4 north
    after turn 6: standing 4 v 2
  -- turn 7
    p1: move a1 north; move a2 south; move a4 east; move a6 east
    p2: move h1 north; move h4 west
    after turn 7: standing 3 v 1
  -- turn 8
    p1: move a1 north; move a2 north; move a4 south
    p2: move h1 west
    after turn 8: standing 3 v 1
  -- turn 9
    p1: move a1 north; move a2 north; move a4 west
    p2: move h1 north
    after turn 9: standing 3 v 1
  -- turn 10
    p1: move a1 north; move a2 north; move a4 south
    p2: move h1 east
    after turn 10: standing 3 v 1
  -- turn 11
    p1: move a1 north; move a2 north; move a4 east
    p2: move h1 north
    after turn 11: standing 3 v 1
  -- turn 12
    p1: move a1 north; move a2 north; move a4 south
    p2: move h1 west
    after turn 12: standing 3 v 1
  -- turn 13
    p1: holds
    p2: move h1 north
    after turn 13: standing 3 v 1
  -- turn 14
    p1: holds
    p2: move h1 east
    after turn 14: standing 3 v 1
  -- turn 15
    p1: holds
    p2: move h1 north
    after turn 15: standing 3 v 1
  -- turn 16
    p1: holds
    p2: move h1 west
    after turn 16: standing 3 v 1
  -- turn 17
    p1: holds
    p2: move h1 east
    after turn 17: standing 3 v 1
  -- turn 18
    p1: holds
    p2: move h1 south
    after turn 18: standing 3 v 1
  -- turn 19
    p1: holds
    p2: move h1 west
    after turn 19: standing 3 v 1
  -- turn 20
    p1: holds
    p2: move h1 south
    after turn 20: standing 3 v 1
  -- turn 21
    p1: holds
    p2: move h1 east
    after turn 21: standing 3 v 1
  -- turn 22
    p1: holds
    p2: holds
    after turn 22: standing 3 v 1
  -- turn 23
    p1: holds
    p2: holds
    after turn 23: standing 3 v 1
  -- turn 24
    p1: holds
    p2: holds
    after turn 24: standing 3 v 1
  -- turn 25
    p1: holds
    p2: holds
    after turn 25: standing 3 v 1
  -- turn 26
    p1: holds
    p2: holds
    after turn 26: standing 3 v 1
  -- turn 27
    p1: holds
    p2: holds
    after turn 27: standing 3 v 1
  -- turn 28
    p1: holds
    p2: holds
    after turn 28: standing 3 v 1
  -- turn 29
    p1: holds
    p2: holds
    after turn 29: standing 3 v 1
  -- turn 30
    p1: holds
    p2: holds
    after turn 30: standing 3 v 1
  -- turn 31
    p1: holds
    p2: holds
    after turn 31: standing 3 v 1
  -- turn 32
    p1: holds
    p2: holds
    after turn 32: standing 3 v 1
  -- turn 33
    p1: holds
    p2: holds
    after turn 33: standing 3 v 1
  -- turn 34
    p1: holds
    p2: holds
    after turn 34: standing 3 v 1
  -- turn 35
    p1: holds
    p2: holds
    after turn 35: standing 3 v 1
  -- turn 36
    p1: holds
    p2: holds
    after turn 36: standing 3 v 1
  -- turn 37
    p1: holds
    p2: holds
    after turn 37: standing 3 v 1
  -- turn 38
    p1: holds
    p2: holds
    after turn 38: standing 3 v 1
  -- turn 39
    p1: holds
    p2: holds
    after turn 39: standing 3 v 1
  -- turn 40
    p1: holds
    p2: holds
    after turn 40: standing 3 v 1
  -- turn 41
    p1: holds
    p2: holds
    after turn 41: standing 3 v 1
  -- turn 42
    p1: holds
    p2: holds
    after turn 42: standing 3 v 1
  -- turn 43
    p1: holds
    p2: holds
    after turn 43: standing 3 v 1
  -- turn 44
    p1: holds
    p2: holds
    after turn 44: standing 3 v 1
  -- turn 45
    p1: holds
    p2: holds
    after turn 45: standing 3 v 1
  -- turn 46
    p1: holds
    p2: holds
    after turn 46: standing 3 v 1
  -- turn 47
    p1: holds
    p2: holds
    after turn 47: standing 3 v 1
  -- turn 48
    p1: holds
    p2: holds
    after turn 48: standing 3 v 1
  -- turn 49
    p1: holds
    p2: holds
    after turn 49: standing 3 v 1
  -- turn 50
    p1: holds
    p2: holds
    after turn 50: standing 3 v 1
  -- turn 51
    p1: holds
    p2: holds
    after turn 51: standing 3 v 1
  -- turn 52
    p1: holds
    p2: holds
    after turn 52: standing 3 v 1
  -- turn 53
    p1: holds
    p2: holds
    after turn 53: standing 3 v 1
  -- turn 54
    p1: holds
    p2: holds
    after turn 54: standing 3 v 1
  -- turn 55
    p1: holds
    p2: holds
    after turn 55: standing 3 v 1
  -- turn 56
    p1: holds
    p2: holds
    after turn 56: standing 3 v 1
  -- turn 57
    p1: holds
    p2: holds
    after turn 57: standing 3 v 1
  -- turn 58
    p1: holds
    p2: holds
    after turn 58: standing 3 v 1
  -- turn 59
    p1: holds
    p2: holds
    after turn 59: standing 3 v 1
  -- turn 60
    p1: holds
    p2: holds
    after turn 60: standing 3 v 1
+-+-+-+-+-+-+-+-+-+-+
|#|#|#|#|#|#|#|#|#|#|
+-+-+-+-+-+-+-+-+-+-+
|#|#|#|#|#|#|#|#|#|#|
+-+-+-+-+-+-+-+-+-+-+
|#|H|#|#|#|#|#|#|#|#|
+-+-+-+-+-+-+-+-+-+-+
|A|#|#|#|#|#|#|#|#|#|
+-+-+-+-+-+-+-+-+-+-+
|#|A|#|#|#|#|#|#|#|#|
+-+-+-+-+-+-+-+-+-+-+
|#|#|#|#|#|#|#|#|#|#|
+-+-+-+-+-+-+-+-+-+-+
|#|#|#|#|#|#|#|#|#|#|
+-+-+-+-+-+-+-+-+-+-+
|#|#|#|#|#|#|#|#|#|#|
+-+-+-+-+-+-+-+-+-+-+
|#|#|#|#|#|#|#|#|#|#|
+-+-+-+-+-+-+-+-+-+-+
|#|#|#|#|#|A|#|#|#|#|
+-+-+-+-+-+-+-+-+-+-+
SYMBOL  PLAYER  TYPE
A            1  A
H            2  H
  undecided after 60 turns
  final units:
    p1 a1   A   a10 h1 (0,3) hp 1 en 10
    p1 a2   A   a10 h1 (1,4) hp 1 en 10
    p1 a3   A   a10 h-9 destroyed
    p1 a4   A   a10 h1 (5,9) hp 1 en 10
    p1 a5   A   a10 h-9 destroyed
    p1 a6   A   a10 h-9 destroyed
    p2 h1   H   a10 h10 (1,2) hp 10 en 10
    p2 h2   H   a10 h0 destroyed
    p2 h3   H   a10 h0 destroyed
    p2 h4   H   a10 h0 destroyed
