=== game 195: p1 Bulwark vs p2 Reaper
  board 10x10, budget p1: 200 / p2: 200, deployment split: p1 in rows 0-4, p2 in rows 5-9
  p1 Bulwark: 10 x wall (a0 h10 e0) across the frontier + 2 x (a2 h10 e28)
  p2 Reaper: 2 x (a10 h10 e80), sweep the enemy half and clear it
  p1 deploys: add type W W 0 10 0; add unit W w1 0 4; add unit W w2 1 4; add unit W w3 2 4; add unit W w4 3 4; add unit W w5 4 4; add unit W w6 5 4; add unit W w7 6 4; add unit W w8 7 4; add unit W w9 8 4; add unit W w10 9 4; add type K K 2 10 28; add unit K k1 3 2; add unit K k2 6 2; add type S s 1 1 18; add unit S s1 0 0
  p2 deploys: add type R R 10 10 80; add unit R r1 2 6; add unit R r2 7 6
    after turn 1: in play 3 v 2  (walls: 10 v 0)
  -- turn 2
    p1: holds
    p2: move r1 west; move r2 west
    after turn 2: in play 3 v 2  (walls: 10 v 0)
  -- turn 3
    p1: holds
    p2: move r1 west; move r2 west
    after turn 3: in play 3 v 2  (walls: 10 v 0)
  -- turn 4
    p1: holds
    p2: move r1 east; move r2 east
    after turn 4: in play 3 v 2  (walls: 10 v 0)
  -- turn 5
    p1: holds
    p2: move r1 east; move r2 east
    after turn 5: in play 3 v 2  (walls: 10 v 0)
  -- turn 6
    p1: holds
    p2: move r1 east; move r2 east
    after turn 6: in play 3 v 2  (walls: 10 v 0)
  -- turn 7
    p1: holds
    p2: move r1 east; move r2 east
    after turn 7: in play 3 v 2  (walls: 10 v 0)
  -- turn 8
    p1: holds
    p2: move r1 north; move r2 north
    after turn 8: in play 3 v 2  (walls: 10 v 0)
  -- turn 9
    p1: holds
    p2: move r1 west; move r2 west
    after turn 9: in play 3 v 2  (walls: 10 v 0)
  -- turn 10
    p1: holds
    p2: move r1 west; move r2 west
    after turn 10: in play 3 v 2  (walls: 10 v 0)
  -- turn 11
    p1: holds
    p2: move r1 west; move r2 west
    after turn 11: in play 3 v 2  (walls: 10 v 0)
  -- turn 12
    p1: holds
    p2: move r1 west; move r2 west
    after turn 12: in play 3 v 2  (walls: 10 v 0)
  -- turn 13
    p1: holds
    p2: move r1 north; move r2 north
    after turn 13: in play 3 v 2  (walls: 8 v 0)
  -- turn 14
    p1: move k1 east; move k2 south; move s1 south
    p2: move r1 east; move r2 east
    after turn 14: in play 3 v 2  (walls: 6 v 0)
  -- turn 15
    p1: move k1 east; move k2 south; move s1 south
    p2: move r1 east; move r2 east
    after turn 15: in play 3 v 2  (walls: 4 v 0)
  -- turn 16
    p1: move k1 east; move k2 east; move s1 east
    p2: holds
    after turn 16: in play 3 v 1  (walls: 4 v 0)
  -- turn 17
    p1: move k1 south; move s1 south
    p2: holds
    after turn 17: in play 3 v 1  (walls: 4 v 0)
  -- turn 18
    p1: move k1 east; move s1 east
    p2: holds
    after turn 18: in play 3 v 1  (walls: 4 v 0)
  -- turn 19
    p1: move s1 south
    p2: holds
    after turn 19: in play 2 v 1  (walls: 4 v 0)
  -- turn 20
    p1: holds
    p2: holds
    after turn 20: in play 2 v 1  (walls: 4 v 0)
  -- turn 21
    p1: holds
    p2: holds
    after turn 21: in play 2 v 1  (walls: 4 v 0)
  -- turn 22
    p1: holds
    p2: holds
    after turn 22: in play 2 v 1  (walls: 4 v 0)
  -- turn 23
    p1: holds
    p2: holds
    after turn 23: in play 2 v 1  (walls: 4 v 0)
  -- turn 24
    p1: holds
    p2: holds
    after turn 24: in play 2 v 1  (walls: 4 v 0)
  -- turn 25
    p1: holds
    p2: holds
    after turn 25: in play 2 v 1  (walls: 4 v 0)
  -- turn 26
    p1: holds
    p2: holds
    after turn 26: in play 2 v 1  (walls: 4 v 0)
  -- turn 27
    p1: holds
    p2: holds
    after turn 27: in play 2 v 1  (walls: 4 v 0)
  -- turn 28
    p1: holds
    p2: holds
    after turn 28: in play 2 v 1  (walls: 4 v 0)
  -- turn 29
    p1: holds
    p2: holds
    after turn 29: in play 2 v 1  (walls: 4 v 0)
  -- turn 30
    p1: holds
    p2: holds
    after turn 30: in play 2 v 1  (walls: 4 v 0)
  -- turn 31
    p1: holds
    p2: holds
    after turn 31: in play 2 v 1  (walls: 4 v 0)
  -- turn 32
    p1: holds
    p2: move r1 east
    after turn 32: in play 2 v 1  (walls: 3 v 0)
  -- turn 33
    p1: move k2 west
    p2: holds
    after turn 33: in play 2 v 1  (walls: 3 v 0)
  -- turn 34
    p1: move k1 south
    p2: holds
    after turn 34: in play 2 v 1  (walls: 3 v 0)
  -- turn 35
    p1: holds
    p2: holds
    after turn 35: in play 2 v 1  (walls: 3 v 0)
  -- turn 36
    p1: holds
    p2: holds
    after turn 36: in play 2 v 1  (walls: 3 v 0)
  -- turn 37
    p1: holds
    p2: holds
    after turn 37: in play 2 v 1  (walls: 3 v 0)
  -- turn 38
    p1: holds
    p2: holds
    after turn 38: in play 2 v 1  (walls: 3 v 0)
  -- turn 39
    p1: holds
    p2: holds
    after turn 39: in play 2 v 1  (walls: 3 v 0)
  -- turn 40
    p1: holds
    p2: holds
    after turn 40: in play 2 v 1  (walls: 3 v 0)
  -- turn 41
    p1: holds
    p2: holds
    after turn 41: in play 2 v 1  (walls: 3 v 0)
  -- turn 42
    p1: holds
    p2: holds
    after turn 42: in play 2 v 1  (walls: 3 v 0)
  -- turn 43
    p1: holds
    p2: holds
    after turn 43: in play 2 v 1  (walls: 3 v 0)
  -- turn 44
    p1: holds
    p2: holds
    after turn 44: in play 2 v 1  (walls: 3 v 0)
  -- turn 45
    p1: holds
    p2: holds
    after turn 45: in play 2 v 1  (walls: 3 v 0)
  -- turn 46
    p1: holds
    p2: move r1 east
    after turn 46: in play 2 v 1  (walls: 2 v 0)
  -- turn 47
    p1: move k1 west; move k2 west
    p2: holds
    after turn 47: in play 2 v 1  (walls: 2 v 0)
  -- turn 48
    p1: move k1 east; move k2 west
    p2: holds
    after turn 48: in play 2 v 0  (walls: 2 v 0)
+-+-+-+-+-+-+-+-+-+-+
|#|#|#|#|#|#|#|#|#|#|
+-+-+-+-+-+-+-+-+-+-+
|#|#|#|#|#|#|#|#|#|#|
+-+-+-+-+-+-+-+-+-+-+
|#|#|#|#|#|#|#|#|#|#|
+-+-+-+-+-+-+-+-+-+-+
|#|#|#|#|#|#|#|#|#|#|
+-+-+-+-+-+-+-+-+-+-+
|#|#|#|#|K|#|#|K|W|W|
+-+-+-+-+-+-+-+-+-+-+
|#|#|#|#|#|#|#|#|#|#|
+-+-+-+-+-+-+-+-+-+-+
|#|#|#|#|#|#|#|#|#|#|
+-+-+-+-+-+-+-+-+-+-+
|#|#|#|#|#|#|#|#|#|#|
+-+-+-+-+-+-+-+-+-+-+
|#|#|#|#|#|#|#|#|#|#|
+-+-+-+-+-+-+-+-+-+-+
|#|#|#|#|#|#|#|#|#|#|
+-+-+-+-+-+-+-+-+-+-+
SYMBOL  PLAYER  TYPE
K            1  K
W            1  W
  game over: player 1 wins on turn 48
  final units:
    p1 k1   K   a2 h10 (7,4) hp 10 en 22
    p1 k2   K   a2 h10 (4,4) hp 10 en 12
    p1 s1   S   a1 h-9 destroyed
    p1 w1   W   a0 h0 destroyed
    p1 w10  W   a0 h10 (9,4) hp 10 en 0
    p1 w2   W   a0 h0 destroyed
    p1 w3   W   a0 h0 destroyed
    p1 w4   W   a0 h0 destroyed
    p1 w5   W   a0 h0 destroyed
    p1 w6   W   a0 h0 destroyed
    p1 w7   W   a0 h0 destroyed
    p1 w8   W   a0 h0 destroyed
    p1 w9   W   a0 h10 (8,4) hp 10 en 0
    p2 r1   R   a10 h-1 destroyed
    p2 r2   R   a10 h0 destroyed
