=== game 180: p1 Bulwark vs p2 Duellist
  board 10x10, budget p1: 200 / p2: 200, deployment split: p1 in rows 0-4, p2 in rows 5-9
  p1 Bulwark: 10 x wall (a0 h10 e0) across the frontier + 2 x (a2 h10 e28)
  p2 Duellist: 4 x (a10 h10 e20) + 2 scouts (a1 h1 e18), champions hold the frontier
  p1 deploys: add type W W 0 10 0; add unit W w1 0 4; add unit W w2 1 4; add unit W w3 2 4; add unit W w4 3 4; add unit W w5 4 4; add unit W w6 5 4; add unit W w7 6 4; add unit W w8 7 4; add unit W w9 8 4; add unit W w10 9 4; add type K K 2 10 28; add unit K k1 3 2; add unit K k2 6 2; add type S s 1 1 18; add unit S s1 0 0
  p2 deploys: add type C C 10 10 20; add unit C c1 2 7; add unit C c2 4 7; add unit C c3 5 7; add unit C c4 7 7; add type S s 1 1 18; add unit S s1 0 5; add unit S s2 9 5
    after turn 1: in play 3 v 6  (walls: 10 v 0)
  -- turn 2
    p1: holds
    p2: move c1 east; move c2 east; move c3 north; move c4 west; move s1 north; move s2 west
    after turn 2: in play 3 v 6  (walls: 9 v 0)
  -- turn 3
    p1: move s1 south
    p2: move s1 north; move s2 west
    after turn 3: in play 3 v 6  (walls: 9 v 0)
  -- turn 4
    p1: move s1 south
    p2: move s1 north; move s2 west
    after turn 4: in play 2 v 5  (walls: 9 v 0)
  -- turn 5
    p1: holds
    p2: move s2 west
    after turn 5: in play 2 v 5  (walls: 9 v 0)
  -- turn 6
    p1: holds
    p2: move s2 west
    after turn 6: in play 2 v 5  (walls: 9 v 0)
  -- turn 7
    p1: holds
    p2: move s2 north
    after turn 7: in play 2 v 5  (walls: 8 v 0)
  -- turn 8
    p1: move k1 south; move k2 west
    p2: move s2 west
    p1: 1 order(s) rejected last turn:
    p1: - w4 at (3,4): the contest at (3, 4) was undecided
    p2: 1 order(s) rejected last turn:
    p2: - s2 at (4,4): the contest at (3, 4) was undecided
    after turn 8: in play 2 v 5  (walls: 8 v 0)
  -- turn 9
    p1: move k1 east; move k2 south
    p2: holds
    after turn 9: in play 2 v 5  (walls: 8 v 0)
  -- turn 10
    p1: holds
    p2: holds
    after turn 10: in play 2 v 5  (walls: 8 v 0)
  -- turn 11
    p1: holds
    p2: move s2 west
    p1: 1 order(s) rejected last turn:
    p1: - w4 at (3,4): the contest at (3, 4) was undecided
    p2: 1 order(s) rejected last turn:
    p2: - s2 at (4,4): the contest at (3, 4) was undecided
    after turn 11: in play 2 v 5  (walls: 8 v 0)
  -- turn 12
    p1: holds
    p2: holds
    after turn 12: in play 2 v 5  (walls: 8 v 0)
  -- turn 13
    p1: holds
    p2: move c1 north; move c2 north; move c3 west; move c4 west
    after turn 13: in play 2 v 5  (walls: 8 v 0)
  -- turn 14
    p1: move k1 south; move k2 west
    p2: move s2 west
    p1: 1 order(s) rejected last turn:
    p1: - w4 at (3,4): the contest at (3, 4) was undecided
    p2: 1 order(s) rejected last turn:
    p2: - s2 at (3,4): the contest at (3, 4) was undecided
    after turn 14: in play 2 v 5  (walls: 8 v 0)
  -- turn 15
    p1: holds
    p2: holds
    p1: 1 order(s) rejected last turn:
    p1: - w4 at (3,4): the contest at (3, 4) was undecided
    p2: 1 order(s) rejected last turn:
    p2: - s2 at (3,4): the contest at (3, 4) was undecided
    after turn 15: in play 2 v 5  (walls: 8 v 0)
  -- turn 16
    p1: holds
    p2: holds
    p1: 1 order(s) rejected last turn:
    p1: - w4 at (3,4): the contest at (3, 4) was undecided
    p2: 1 order(s) rejected last turn:
    p2: - s2 at (3,4): the contest at (3, 4) was undecided
    after turn 16: in play 2 v 5  (walls: 8 v 0)
  -- turn 17
    p1: holds
    p2: holds
    p1: 1 order(s) rejected last turn:
    p1: - w4 at (3,4): the contest at (3, 4) was undecided
    p2: 1 order(s) rejected last turn:
    p2: - s2 at (3,4): the contest at (3, 4) was undecided
    after turn 17: in play 2 v 5  (walls: 8 v 0)
  -- turn 18
    p1: holds
    p2: holds
    p1: 1 order(s) rejected last turn:
    p1: - w4 at (3,4): the contest at (3, 4) was undecided
    p2: 1 order(s) rejected last turn:
    p2: - s2 at (3,4): the contest at (3, 4) was undecided
    after turn 18: in play 2 v 5  (walls: 8 v 0)
  -- turn 19
    p1: holds
    p2: holds
    p1: 1 order(s) rejected last turn:
    p1: - w4 at (3,4): the contest at (3, 4) was undecided
    p2: 1 order(s) rejected last turn:
    p2: - s2 at (3,4): the contest at (3, 4) was undecided
    after turn 19: in play 2 v 5  (walls: 8 v 0)
  -- turn 20
    p1: holds
    p2: holds
    p1: 1 order(s) rejected last turn:
    p1: - w4 at (3,4): the contest at (3, 4) was undecided
    p2: 1 order(s) rejected last turn:
    p2: - s2 at (3,4): the contest at (3, 4) was undecided
    after turn 20: in play 2 v 5  (walls: 8 v 0)
  -- turn 21
    p1: holds
    p2: holds
    p1: 1 order(s) rejected last turn:
    p1: - w4 at (3,4): the contest at (3, 4) was undecided
    p2: 1 order(s) rejected last turn:
    p2: - s2 at (3,4): the contest at (3, 4) was undecided
    after turn 21: in play 2 v 5  (walls: 8 v 0)
  -- turn 22
    p1: holds
    p2: holds
    p1: 1 order(s) rejected last turn:
    p1: - w4 at (3,4): the contest at (3, 4) was undecided
    p2: 1 order(s) rejected last turn:
    p2: - s2 at (3,4): the contest at (3, 4) was undecided
    after turn 22: in play 2 v 5  (walls: 8 v 0)
  -- turn 23
    p1: holds
    p2: holds
    p1: 1 order(s) rejected last turn:
    p1: - w4 at (3,4): the contest at (3, 4) was undecided
    p2: 1 order(s) rejected last turn:
    p2: - s2 at (3,4): the contest at (3, 4) was undecided
    after turn 23: in play 2 v 5  (walls: 8 v 0)
  -- turn 24
    p1: holds
    p2: move c1 north; move c2 west; move c3 north; move c4 north
    p1: 1 order(s) rejected last turn:
    p1: - w4 at (3,4): the contest at (3, 4) was undecided
    p2: 1 order(s) rejected last turn:
    p2: - s2 at (3,4): the contest at (3, 4) was undecided
    after turn 24: in play 2 v 5  (walls: 8 v 0)
  -- turn 25
    p1: move k2 west
    p2: holds
    p1: 1 order(s) rejected last turn:
    p1: - w4 at (3,4): the contest at (3, 4) was undecided
    p2: 1 order(s) rejected last turn:
    p2: - s2 at (3,4): the contest at (3, 4) was undecided
    after turn 25: in play 2 v 5  (walls: 8 v 0)
  -- turn 26
    p1: holds
    p2: holds
    p1: 1 order(s) rejected last turn:
    p1: - w4 at (3,4): the contest at (3, 4) was undecided
    p2: 1 order(s) rejected last turn:
    p2: - s2 at (3,4): the contest at (3, 4) was undecided
    after turn 26: in play 2 v 5  (walls: 8 v 0)
  -- turn 27
    p1: holds
    p2: holds
    p1: 1 order(s) rejected last turn:
    p1: - w4 at (3,4): the contest at (3, 4) was undecided
    p2: 1 order(s) rejected last turn:
    p2: - s2 at (3,4): the contest at (3, 4) was undecided
    after turn 27: in play 2 v 5  (walls: 8 v 0)
  -- turn 28
    p1: holds
    p2: holds
    after turn 28: in play 2 v 5  (walls: 7 v 0)
  -- turn 29
    p1: move k1 west
    p2: holds
    after turn 29: in play 2 v 4  (walls: 7 v 0)
  -- turn 30
    p1: holds
    p2: holds
    after turn 30: in play 2 v 4  (walls: 7 v 0)
  -- turn 31
    p1: holds
    p2: holds
    after turn 31: in play 2 v 4  (walls: 7 v 0)
  -- turn 32
    p1: holds
    p2: holds
    after turn 32: in play 2 v 4  (walls: 7 v 0)
  -- turn 33
    p1: holds
    p2: holds
    after turn 33: in play 2 v 4  (walls: 7 v 0)
  -- turn 34
    p1: holds
    p2: holds
    after turn 34: in play 2 v 4  (walls: 7 v 0)
  -- turn 35
    p1: holds
    p2: move c1 north; move c2 north; move c3 west; move c4 west
    after turn 35: in play 1 v 4  (walls: 7 v 0)
  -- turn 36
    p1: move k2 south
    p2: holds
    p1: 1 order(s) rejected last turn:
    p1: - k2 at (3,3): the contest at (3, 4) was undecided
    p2: 1 order(s) rejected last turn:
    p2: - c1 at (3,4): the contest at (3, 4) was undecided
    after turn 36: in play 1 v 4  (walls: 7 v 0)
  -- turn 37
    p1: holds
    p2: holds
    after turn 37: in play 1 v 4  (walls: 7 v 0)
  -- turn 38
    p1: holds
    p2: holds
    after turn 38: in play 1 v 4  (walls: 7 v 0)
  -- turn 39
    p1: holds
    p2: holds
    after turn 39: in play 1 v 4  (walls: 7 v 0)
  -- turn 40
    p1: holds
    p2: holds
    after turn 40: in play 1 v 4  (walls: 7 v 0)
  -- turn 41
    p1: holds
    p2: holds
    after turn 41: in play 1 v 4  (walls: 7 v 0)
  -- turn 42
    p1: holds
    p2: holds
    after turn 42: in play 1 v 4  (walls: 7 v 0)
  -- turn 43
    p1: holds
    p2: holds
    after turn 43: in play 1 v 4  (walls: 7 v 0)
  -- turn 44
    p1: holds
    p2: holds
    after turn 44: in play 1 v 4  (walls: 7 v 0)
  -- turn 45
    p1: holds
    p2: holds
    after turn 45: in play 1 v 4  (walls: 7 v 0)
  -- turn 46
    p1: holds
    p2: move c2 west; move c3 east; move c4 west
    after turn 46: in play 1 v 2  (walls: 7 v 0)
  -- turn 47
    p1: holds
    p2: holds
    after turn 47: in play 1 v 2  (walls: 7 v 0)
  -- turn 48
    p1: holds
    p2: holds
    after turn 48: in play 1 v 2  (walls: 7 v 0)
  -- turn 49
    p1: move k2 south
    p2: holds
    after turn 49: in play 0 v 2  (walls: 7 v 0)
+-+-+-+-+-+-+-+-+-+-+
|#|#|#|#|#|#|#|#|#|#|
+-+-+-+-+-+-+-+-+-+-+
|#|#|#|#|#|#|#|#|#|#|
+-+-+-+-+-+-+-+-+-+-+
|#|#|#|#|#|#|#|#|#|#|
+-+-+-+-+-+-+-+-+-+-+
|#|#|#|#|#|#|#|#|#|#|
+-+-+-+-+-+-+-+-+-+-+
|#|W|W|C|#|W|W|W|W|W|
+-+-+-+-+-+-+-+-+-+-+
|#|#|#|#|#|#|#|#|#|#|
+-+-+-+-+-+-+-+-+-+-+
|#|#|#|C|#|#|#|#|#|#|
+-+-+-+-+-+-+-+-+-+-+
|#|#|#|#|#|#|#|#|#|#|
+-+-+-+-+-+-+-+-+-+-+
|#|#|#|#|#|#|#|#|#|#|
+-+-+-+-+-+-+-+-+-+-+
|#|#|#|#|#|#|#|#|#|#|
+-+-+-+-+-+-+-+-+-+-+
SYMBOL  PLAYER  TYPE
C            2  C
W            1  W
  game over: player 2 wins on turn 49
  final units:
    p1 k1   K   a2 h0 destroyed
    p1 k2   K   a2 h0 destroyed
    p1 s1   S   a1 h0 destroyed
    p1 w1   W   a0 h0 destroyed
    p1 w10  W   a0 h10 (9,4) hp 10 en 0
    p1 w2   W   a0 h10 (1,4) hp 10 en 0
    p1 w3   W   a0 h10 (2,4) hp 10 en 0
    p1 w4   W   a0 h0 destroyed
    p1 w5   W   a0 h0 destroyed
    p1 w6   W   a0 h10 (5,4) hp 10 en 0
    p1 w7   W   a0 h10 (6,4) hp 10 en 0
    p1 w8   W   a0 h10 (7,4) hp 10 en 0
    p1 w9   W   a0 h10 (8,4) hp 10 en 0
    p2 c1   C   a10 h4 (3,4) hp 4 en 3
    p2 c2   C   a10 h0 destroyed
    p2 c3   C   a10 h0 destroyed
    p2 c4   C   a10 h10 (3,6) hp 10 en 13
    p2 s1   S   a1 h0 destroyed
    p2 s2   S   a1 h-1 destroyed
