=== game 72: p1 Drain vs p2 Turtle
  board 10x10, budget p1: 200 / p2: 200, deployment split: p1 in rows 0-4, p2 in rows 5-9
  p1 Drain: 10 x (a1 h10 e9), one per column, walk in and soak
  p2 Turtle: 9 x (a1 h10 e10) + 1 x (a1 h5 e5), dispersed at the back, never move
  p1 deploys: add type D D 1 10 9; add unit D d1 0 4; add unit D d2 1 4; add unit D d3 2 4; add unit D d4 3 4; add unit D d5 4 4; add unit D d6 5 4; add unit D d7 6 4; add unit D d8 7 4; add unit D d9 8 4; add unit D d10 9 4
  p2 deploys: add type F F 1 10 10; add unit F f1 0 9; add unit F f2 3 9; add unit F f3 6 9; add unit F f4 9 9; add unit F f5 1 8; add unit F f6 5 8; add unit F f7 8 8; add unit F f8 2 7; add unit F f9 7 7; add type T T 1 5 5; add unit T t1 4 7
    after turn 1: in play 10 v 10
  -- turn 2
    p1: move d1 south; move d10 south; move d2 south; move d3 south; move d4 south; move d5 south; move d6 south; move d7 south; move d8 south; move d9 south
    p2: holds
    after turn 2: in play 10 v 10
  -- turn 3
    p1: move d1 south; move d10 south; move d2 south; move d3 south; move d4 south; move d5 south; move d6 south; move d7 south; move d8 south; move d9 south
    p2: holds
    after turn 3: in play 10 v 10
  -- turn 4
    p1: move d1 south; move d10 south; move d2 south; move d3 south; move d4 south; move d5 south; move d6 south; move d7 south; move d8 south; move d9 south
    p2: holds
    after turn 4: in play 8 v 7  (spent: 0 v 2)
  -- turn 5
    p1: move d1 east; move d10 west; move d2 east; move d4 south; move d6 east; move d7 east; move d9 south
    p2: holds
    after turn 5: in play 7 v 6  (spent: 0 v 1)
  -- turn 6
    p1: move d1 west; move d10 south; move d4 south; move d5 south; move d6 south
    p2: holds
    p1: 1 order(s) rejected last turn:
    p1: - d10 at (8,7): the contest at (8, 8) was undecided
    p2: 1 order(s) rejected last turn:
    p2: - f7 at (8,8): the contest at (8, 8) was undecided
    after turn 6: in play 5 v 6  (spent: 1 v 1)
  -- turn 7
    p1: move d1 south; move d2 south; move d6 east; move d7 west
    p2: holds
    after turn 7: in play 6 v 7
  -- turn 8
    p1: move d1 south; move d5 south; move d6 west
    p2: holds
    after turn 8: in play 5 v 6  (spent: 0 v 1)
  -- turn 9
    p1: move d10 east; move d2 west; move d6 west; move d7 south
    p2: holds
    after turn 9: in play 3 v 5  (spent: 0 v 2)
  -- turn 10
    p1: move d5 east
    p2: holds
    after turn 10: in play 3 v 7
  -- turn 11
    p1: move d10 south; move d7 south
    p2: holds
    after turn 11: in play 2 v 6  (spent: 0 v 1)
  -- turn 12
    p1: move d5 east
    p2: holds
    p1: 1 order(s) rejected last turn:
    p1: - d5 at (5,9): the contest at (6, 9) was undecided
    p2: 1 order(s) rejected last turn:
    p2: - f3 at (6,9): the contest at (6, 9) was undecided
    after turn 12: in play 1 v 7  (spent: 1 v 0)
  -- turn 13
    p1: move d10 south
    p2: holds
    after turn 13: in play 1 v 6  (spent: 0 v 1)
  -- turn 14
    p1: holds
    p2: holds
    after turn 14: in play 1 v 7
  -- turn 15
    p1: move d5 west
    p2: holds
    after turn 15: in play 1 v 7
  -- turn 16
    p1: holds
    p2: holds
    after turn 16: in play 1 v 7
  -- turn 17
    p1: move d5 north
    p2: holds
    after turn 17: in play 1 v 7
  -- turn 18
    p1: holds
    p2: holds
    after turn 18: in play 1 v 7
  -- turn 19
    p1: move d5 north
    p2: holds
    after turn 19: in play 1 v 7
  -- turn 20
    p1: holds
    p2: holds
    after turn 20: in play 1 v 7
  -- turn 21
    p1: move d5 north
    p2: holds
    after turn 21: in play 1 v 7
  -- turn 22
    p1: holds
    p2: holds
    after turn 22: in play 1 v 7
  -- turn 23
    p1: move d5 north
    p2: holds
    after turn 23: in play 1 v 7
  -- turn 24
    p1: holds
    p2: holds
    after turn 24: in play 1 v 7
  -- turn 25
    p1: move d5 north
    p2: holds
    after turn 25: in play 1 v 7
  -- turn 26
    p1: holds
    p2: holds
    after turn 26: in play 1 v 7
  -- turn 27
    p1: move d5 north
    p2: holds
    after turn 27: in play 1 v 7
  -- turn 28
    p1: holds
    p2: holds
    after turn 28: in play 1 v 7
  -- turn 29
    p1: move d5 north
    p2: holds
    after turn 29: in play 1 v 7
  -- turn 30
    p1: holds
    p2: holds
    after turn 30: in play 1 v 7
  -- turn 31
    p1: move d5 north
    p2: holds
    after turn 31: in play 1 v 7
  -- turn 32
    p1: holds
    p2: holds
    after turn 32: in play 1 v 7
  -- turn 33
    p1: move d5 north
    p2: holds
    after turn 33: in play 1 v 7
  -- turn 34
    p1: holds
    p2: holds
    after turn 34: in play 1 v 7
  -- turn 35
    p1: move d5 south
    p2: holds
    after turn 35: in play 1 v 7
  -- turn 36
    p1: holds
    p2: holds
    after turn 36: in play 1 v 7
  -- turn 37
    p1: move d5 south
    p2: holds
    after turn 37: in play 1 v 7
  -- turn 38
    p1: holds
    p2: holds
    after turn 38: in play 1 v 7
  -- turn 39
    p1: move d5 south
    p2: holds
    after turn 39: in play 1 v 7
  -- turn 40
    p1: holds
    p2: holds
    after turn 40: in play 1 v 7
  -- turn 41
    p1: move d5 south
    p2: holds
    after turn 41: in play 1 v 7
  -- turn 42
    p1: holds
    p2: holds
    after turn 42: in play 1 v 7
  -- turn 43
    p1: move d5 south
    p2: holds
    after turn 43: in play 1 v 7
  -- turn 44
    p1: holds
    p2: holds
    after turn 44: in play 1 v 7
  -- turn 45
    p1: move d5 south
    p2: holds
    after turn 45: in play 1 v 7
  -- turn 46
    p1: holds
    p2: holds
    after turn 46: in play 1 v 7
  -- turn 47
    p1: move d5 south
    p2: holds
    after turn 47: in play 1 v 7
  -- turn 48
    p1: holds
    p2: holds
    after turn 48: in play 1 v 7
  -- turn 49
    p1: move d5 south
    p2: holds
    after turn 49: in play 1 v 7
  -- turn 50
    p1: holds
    p2: holds
    after turn 50: in play 1 v 7
  -- turn 51
    p1: move d5 south
    p2: holds
    after turn 51: in play 1 v 7
  -- turn 52
    p1: holds
    p2: holds
    after turn 52: in play 1 v 7
  -- turn 53
    p1: move d5 north
    p2: holds
    after turn 53: in play 1 v 7
  -- turn 54
    p1: holds
    p2: holds
    after turn 54: in play 1 v 7
  -- turn 55
    p1: move d5 north
    p2: holds
    after turn 55: in play 1 v 7
  -- turn 56
    p1: holds
    p2: holds
    after turn 56: in play 1 v 7
  -- turn 57
    p1: move d5 north
    p2: holds
    after turn 57: in play 1 v 7
  -- turn 58
    p1: holds
    p2: holds
    after turn 58: in play 1 v 7
  -- turn 59
    p1: move d5 north
    p2: holds
    after turn 59: in play 1 v 7
  -- turn 60
    p1: holds
    p2: holds
    after turn 60: in play 1 v 7
+-+-+-+-+-+-+-+-+-+-+
|#|#|#|#|#|#|#|#|#|#|
+-+-+-+-+-+-+-+-+-+-+
|#|#|#|#|#|#|#|#|#|#|
+-+-+-+-+-+-+-+-+-+-+
|#|#|#|#|#|#|#|#|#|#|
+-+-+-+-+-+-+-+-+-+-+
|#|#|#|#|#|#|#|#|#|#|
+-+-+-+-+-+-+-+-+-+-+
|#|#|#|#|#|#|#|#|#|#|
+-+-+-+-+-+-+-+-+-+-+
|#|#|#|#|D|#|#|#|#|#|
+-+-+-+-+-+-+-+-+-+-+
|#|#|#|#|#|#|#|#|#|#|
+-+-+-+-+-+-+-+-+-+-+
|#|#|#|#|#|#|#|#|#|#|
+-+-+-+-+-+-+-+-+-+-+
|#|F|#|#|#|F|#|#|F|#|
+-+-+-+-+-+-+-+-+-+-+
|F|#|#|F|#|#|F|#|#|F|
+-+-+-+-+-+-+-+-+-+-+
SYMBOL  PLAYER  TYPE
D            1  D
F            2  F
  undecided after 60 turns
  final units:
    p1 d1   D   a1 h0 destroyed
    p1 d10  D   a1 h0 destroyed
    p1 d2   D   a1 h0 destroyed
    p1 d3   D   a1 h0 destroyed
    p1 d4   D   a1 h0 destroyed
    p1 d5   D   a1 h5 (4,5) hp 5 en 2
    p1 d6   D   a1 h0 destroyed
    p1 d7   D   a1 h0 destroyed
    p1 d8   D   a1 h0 destroyed
    p1 d9   D   a1 h0 destroyed
    p2 f1   F   a1 h8 (0,9) hp 8 en 10
    p2 f2   F   a1 h6 (3,9) hp 6 en 10
    p2 f3   F   a1 h8 (6,9) hp 8 en 10
    p2 f4   F   a1 h9 (9,9) hp 9 en 10
    p2 f5   F   a1 h9 (1,8) hp 9 en 10
    p2 f6   F   a1 h9 (5,8) hp 9 en 10
    p2 f7   F   a1 h1 (8,8) hp 1 en 10
    p2 f8   F   a1 h0 destroyed
    p2 f9   F   a1 h0 destroyed
    p2 t1   T   a1 h0 destroyed
