=== game 186: p1 Attrition vs p2 Tide
  board 10x10, budget p1: 200 / p2: 200, deployment split: p1 in rows 0-4, p2 in rows 5-9
  p1 Attrition: 4 x (a1 h10 e30) + 2 scouts (a1 h1 e16), sweep and grind
  p2 Tide: 16 x (a1 h1 e10), two ranks, sweep and keep sweeping
  p1 deploys: add type T T 1 10 30; add unit T t1 1 2; add unit T t2 4 2; add unit T t3 6 2; add unit T t4 9 2; add type S s 1 1 16; add unit S s1 0 4; add unit S s2 9 4
  p2 deploys: add type W w 1 1 10; add unit W w1 0 5; add unit W w2 1 5; add unit W w3 2 5; add unit W w4 3 5; add unit W w5 4 5; add unit W w6 5 5; add unit W w7 6 5; add unit W w8 7 5; add unit W w9 8 5; add unit W w10 9 5; add unit W w11 2 6; add unit W w12 3 6; add unit W w13 4 6; add unit W w14 5 6; add unit W w15 6 6; add unit W w16 7 6
    after turn 1: in play 6 v 16
  -- turn 2
    p1: move s1 south; move s2 west; move t1 south; move t2 west; move t3 west; move t4 west
    p2: move w1 north; move w10 north; move w11 north; move w12 north; move w13 north; move w14 north; move w15 north; move w16 north; move w2 north; move w3 north; move w4 north; move w5 north; move w6 north; move w7 north; move w8 north; move w9 north
    after turn 2: in play 4 v 14
  -- turn 3
    p1: move t1 south; move t2 west; move t3 west; move t4 west
    p2: move w10 north; move w11 north; move w12 north; move w13 north; move w14 north; move w15 north; move w16 north; move w2 north; move w3 north; move w4 north; move w5 north; move w6 north; move w7 north; move w8 north
    after turn 3: in play 4 v 13
  -- turn 4
    p1: move t1 south; move t2 east; move t3 east; move t4 west
    p2: move w10 north; move w11 west; move w12 west; move w13 west; move w14 north; move w15 north; move w16 north; move w3 west; move w4 west; move w5 north; move w6 north; move w7 north; move w8 north
    after turn 4: in play 4 v 11
  -- turn 5
    p1: move t1 south; move t2 south; move t3 south; move t4 east
    p2: move w10 west; move w11 north; move w12 east; move w13 east; move w14 north; move w15 north; move w16 west; move w3 east; move w4 east; move w5 north; move w8 north
    after turn 5: in play 4 v 9
  -- turn 6
    p1: move t1 south; move t2 west; move t3 west; move t4 south
    p2: move w10 east; move w11 east; move w12 north; move w13 west; move w15 west; move w16 west; move w3 north; move w5 south; move w8 north
    after turn 6: in play 4 v 8
  -- turn 7
    p1: move t1 south; move t2 south; move t3 south; move t4 west
    p2: move w10 north; move w12 west; move w13 west; move w15 east; move w16 west; move w3 north; move w5 west; move w8 south
    after turn 7: in play 4 v 7
  -- turn 8
    p1: move t1 south; move t2 east; move t3 east; move t4 south
    p2: move w10 north; move w12 south; move w15 north; move w16 west; move w3 south; move w5 north; move w8 south
    after turn 8: in play 4 v 7
  -- turn 9
    p1: move t1 north; move t2 south; move t3 south; move t4 east
    p2: move w10 south; move w12 north; move w15 north; move w16 east; move w3 north; move w5 east; move w8 south
    after turn 9: in play 4 v 7
  -- turn 10
    p1: move t1 north; move t4 south
    p2: move w10 south; move w12 east; move w15 south; move w16 east; move w3 north; move w5 north; move w8 south
    after turn 10: in play 4 v 7
  -- turn 11
    p1: move t3 west
    p2: holds
    after turn 11: in play 4 v 7
  -- turn 12
    p1: move t2 west
    p2: move w10 south; move w12 north; move w15 south; move w16 east; move w3 south; move w5 south; move w8 south
    after turn 12: in play 4 v 6
  -- turn 13
    p1: holds
    p2: holds
    after turn 13: in play 4 v 6
  -- turn 14
    p1: move t1 north
    p2: move w10 south; move w12 north; move w15 south; move w16 east; move w3 south; move w5 south
    after turn 14: in play 4 v 6
  -- turn 15
    p1: move t3 south
    p2: holds
    after turn 15: in play 4 v 6
  -- turn 16
    p1: move t2 south; move t4 west
    p2: move w10 south; move w12 north; move w15 south; move w16 north; move w3 south; move w5 south
    after turn 16: in play 4 v 6
  -- turn 17
    p1: holds
    p2: holds
    after turn 17: in play 4 v 6
  -- turn 18
    p1: move t1 north
    p2: move w10 south; move w12 south; move w15 south; move w16 north; move w3 south; move w5 south
    after turn 18: in play 4 v 5
  -- turn 19
    p1: move t3 east
    p2: holds
    after turn 19: in play 4 v 5
  -- turn 20
    p1: move t2 east
    p2: move w10 south; move w12 south; move w16 north; move w3 south; move w5 south
    after turn 20: in play 4 v 5
  -- turn 21
    p1: holds
    p2: holds
    after turn 21: in play 4 v 5
  -- turn 22
    p1: move t1 north; move t4 south
    p2: move w10 south; move w12 south; move w16 south; move w3 south; move w5 south
    after turn 22: in play 4 v 5
  -- turn 23
    p1: move t3 south
    p2: holds
    after turn 23: in play 4 v 5
  -- turn 24
    p1: move t2 south
    p2: move w10 south; move w12 south; move w16 south; move w3 south; move w5 south
    after turn 24: in play 4 v 5
  -- turn 25
    p1: holds
    p2: holds
    after turn 25: in play 4 v 5
  -- turn 26
    p1: move t1 north; move t4 east
    p2: move w10 north; move w12 south; move w16 south; move w3 south; move w5 south
    after turn 26: in play 4 v 5
  -- turn 27
    p1: move t3 west
    p2: holds
    after turn 27: in play 4 v 5
  -- turn 28
    p1: move t2 west
    p2: move w10 north; move w12 south; move w16 south; move w3 south; move w5 south
    after turn 28: in play 4 v 5
  -- turn 29
    p1: holds
    p2: holds
    after turn 29: in play 4 v 5
  -- turn 30
    p1: move t1 north; move t4 south
    p2: move w10 north; move w12 south; move w16 south; move w3 north; move w5 north
    after turn 30: in play 4 v 5
  -- turn 31
    p1: move t3 south
    p2: holds
    after turn 31: in play 4 v 4
  -- turn 32
    p1: move t2 south
    p2: move w10 north; move w12 east; move w16 south; move w3 east
    after turn 32: in play 4 v 4
  -- turn 33
    p1: holds
    p2: holds
    after turn 33: in play 4 v 4
  -- turn 34
    p1: move t1 north; move t4 west
    p2: move w10 north; move w12 west; move w16 south; move w3 west
    after turn 34: in play 4 v 3
  -- turn 35
    p1: holds
    p2: holds
    after turn 35: in play 4 v 3
  -- turn 36
    p1: move t3 east
    p2: move w10 north; move w12 south; move w16 south
    after turn 36: in play 4 v 3
  -- turn 37
    p1: holds
    p2: holds
    after turn 37: in play 4 v 3
  -- turn 38
    p1: move t1 north; move t2 east; move t4 south
    p2: move w10 north; move w12 south; move w16 south
    after turn 38: in play 4 v 3
  -- turn 39
    p1: holds
    p2: holds
    after turn 39: in play 4 v 3
  -- turn 40
    p1: move t3 south
    p2: move w10 north; move w12 north; move w16 north
    after turn 40: in play 4 v 2
  -- turn 41
    p1: holds
    p2: holds
    after turn 41: in play 4 v 2
  -- turn 42
    p1: move t1 south; move t4 east
    p2: move w10 north; move w16 north
    after turn 42: in play 4 v 2
  -- turn 43
    p1: holds
    p2: holds
    after turn 43: in play 4 v 2
  -- turn 44
    p1: move t2 south; move t3 west
    p2: move w10 south; move w16 north
    after turn 44: in play 4 v 2
  -- turn 45
    p1: holds
    p2: holds
    after turn 45: in play 4 v 2
  -- turn 46
    p1: move t1 south; move t4 south
    p2: move w10 south; move w16 north
    after turn 46: in play 4 v 2
  -- turn 47
    p1: holds
    p2: holds
    after turn 47: in play 4 v 2
  -- turn 48
    p1: move t2 west; move t3 east
    p2: move w10 south; move w16 north
    after turn 48: in play 4 v 2
  -- turn 49
    p1: holds
    p2: holds
    after turn 49: in play 4 v 2
  -- turn 50
    p1: move t1 south; move t4 west
    p2: move w10 south; move w16 north
    after turn 50: in play 4 v 2
  -- turn 51
    p1: holds
    p2: holds
    after turn 51: in play 4 v 2
  -- turn 52
    p1: move t2 east; move t3 north
    p2: move w10 south; move w16 north
    after turn 52: in play 4 v 2
  -- turn 53
    p1: holds
    p2: holds
    after turn 53: in play 4 v 2
  -- turn 54
    p1: move t1 south; move t4 east
    p2: move w10 south; move w16 north
    after turn 54: in play 4 v 2
  -- turn 55
    p1: holds
    p2: holds
    after turn 55: in play 4 v 2
  -- turn 56
    p1: move t2 north; move t3 west
    p2: move w10 south; move w16 north
    after turn 56: in play 4 v 2
  -- turn 57
    p1: holds
    p2: holds
    after turn 57: in play 4 v 2
  -- turn 58
    p1: move t1 south; move t4 north
    p2: move w10 south; move w16 south
    after turn 58: in play 4 v 2
  -- turn 59
    p1: holds
    p2: holds
    after turn 59: in play 4 v 2
  -- turn 60
    p1: move t2 west; move t3 north
    p2: move w10 south; move w16 south
    after turn 60: in play 4 v 2
+-+-+-+-+-+-+-+-+-+-+
|#|#|#|#|#|#|#|#|#|#|
+-+-+-+-+-+-+-+-+-+-+
|#|#|#|#|#|#|#|#|#|#|
+-+-+-+-+-+-+-+-+-+-+
|#|#|#|#|#|#|#|w|#|#|
+-+-+-+-+-+-+-+-+-+-+
|#|#|#|#|#|#|#|#|#|#|
+-+-+-+-+-+-+-+-+-+-+
|#|#|#|#|#|#|#|#|#|#|
+-+-+-+-+-+-+-+-+-+-+
|#|T|#|#|#|#|#|#|#|#|
+-+-+-+-+-+-+-+-+-+-+
|#|#|#|#|#|#|#|#|#|#|
+-+-+-+-+-+-+-+-+-+-+
|#|#|#|#|T|#|#|#|#|#|
+-+-+-+-+-+-+-+-+-+-+
|#|#|T|#|#|#|#|T|#|#|
+-+-+-+-+-+-+-+-+-+-+
|#|#|#|#|#|#|#|#|#|w|
+-+-+-+-+-+-+-+-+-+-+
SYMBOL  PLAYER  TYPE
T            1  T
w            2  W
  undecided after 60 turns
  final units:
    p1 s1   S   a1 h0 destroyed
    p1 s2   S   a1 h0 destroyed
    p1 t1   T   a1 h9 (1,5) hp 9 en 4
    p1 t2   T   a1 h5 (2,8) hp 5 en 2
    p1 t3   T   a1 h7 (4,7) hp 7 en 2
    p1 t4   T   a1 h7 (7,8) hp 7 en 4
    p2 w1   W   a1 h0 destroyed
    p2 w10  W   a1 h1 (9,9) hp 1 en 1
    p2 w11  W   a1 h0 destroyed
    p2 w12  W   a1 h0 destroyed
    p2 w13  W   a1 h0 destroyed
    p2 w14  W   a1 h0 destroyed
    p2 w15  W   a1 h0 destroyed
    p2 w16  W   a1 h1 (7,2) hp 1 en 1
    p2 w2   W   a1 h0 destroyed
    p2 w3   W   a1 h0 destroyed
    p2 w4   W   a1 h0 destroyed
    p2 w5   W   a1 h0 destroyed
    p2 w6   W   a1 h0 destroyed
    p2 w7   W   a1 h0 destroyed
    p2 w8   W   a1 h0 destroyed
    p2 w9   W   a1 h0 destroyed
