=== game 213: p1 Lancers vs p2 Bulwark
  board 8x8, p1: 250 points, rows 0-3, p2: 250 points, rows 4-7
  p1 Lancers: 11 x Lance (a8 h2 e10) + Keep with the flag; every Lance hunts
  p2 Bulwark: 8 x Wall across the frontier row + 4 x Heavy behind + Keep with the flag, Runner, Scout; nobody hunts
  p1 is handed 16 units: heavy1, heavy2, keep1, keep2, line1, line2, pawn1, pawn2, pawn3, pawn4, runner1, runner2, scout1, scout2, wall1, wall2
  p1 setup: remove unit heavy1; remove unit heavy2; remove unit keep1; remove unit keep2; remove unit line1; remove unit line2; remove unit pawn1; remove unit pawn2; remove unit pawn3; remove unit pawn4; remove unit runner1; remove unit runner2; remove unit scout1; remove unit scout2; remove unit wall1; remove unit wall2; add type Lance ! 8 2 10; add unit Lance lance1 0 3; add unit Lance lance2 1 3; add unit Lance lance3 2 3; add unit Lance lance4 3 3; add unit Lance lance5 4 3; add unit Lance lance6 5 3; add unit Lance lance7 6 3; add unit Lance lance8 7 3; add unit Lance lance9 1 2; add unit Lance lance10 4 2; add unit Lance lance11 6 2; add type Keep K 1 10 5; add unit Keep keep1 3 0; set flag keep1
  p2 is handed 16 units: heavy1, heavy2, keep1, keep2, line1, line2, pawn1, pawn2, pawn3, pawn4, runner1, runner2, scout1, scout2, wall1, wall2
  p2 setup: remove unit heavy1; remove unit heavy2; remove unit keep1; remove unit keep2; remove unit line1; remove unit line2; remove unit pawn1; remove unit pawn2; remove unit pawn3; remove unit pawn4; remove unit runner1; remove unit runner2; remove unit scout1; remove unit scout2; remove unit wall1; remove unit wall2; add type Wall W 0 10 0; add unit Wall wall1 0 4; add unit Wall wall2 1 4; add unit Wall wall3 2 4; add unit Wall wall4 3 4; add unit Wall wall5 4 4; add unit Wall wall6 5 4; add unit Wall wall7 6 4; add unit Wall wall8 7 4; add type Heavy H 5 10 15; add unit Heavy heavy1 1 5; add unit Heavy heavy2 3 5; add unit Heavy heavy3 4 5; add unit Heavy heavy4 6 5; add type Keep K 1 10 5; add unit Keep keep1 3 7; add type Runner r 2 4 10; add unit Runner runner1 4 7; add type Scout o 0 2 12; add unit Scout scout1 0 7; set flag keep1
    after turn 1: in play 12 v 7  (walls: 0 v 8)
  -- turn 2
    p1: move lance1 south; move lance10 south; move lance11 south; move lance2 south; move lance3 south; move lance4 south; move lance5 south; move lance6 south; move lance7 south; move lance8 south; move lance9 south
    p2: holds
    p1: 8 order(s) rejected last turn:
    p1:   - lance1 at (0,3): the contest at (0, 4) was undecided
    p1:   - lance2 at (1,4): the contest at (1, 4) was undecided
    p1:   - lance3 at (2,3): the contest at (2, 4) was undecided
    p1:   - lance4 at (3,3): the contest at (3, 4) was undecided
    p1:   - lance5 at (4,4): the contest at (4, 4) was undecided
    p1:   - lance6 at (5,3): the contest at (5, 4) was undecided
    p1:   - lance7 at (6,4): the contest at (6, 4) was undecided
    p1:   - lance8 at (7,3): the contest at (7, 4) was undecided
    p2: 8 order(s) rejected last turn:
    p2:   - wall1 at (0,4): the contest at (0, 4) was undecided
    p2:   - wall2 at (1,4): the contest at (1, 4) was undecided
    p2:   - wall3 at (2,4): the contest at (2, 4) was undecided
    p2:   - wall4 at (3,4): the contest at (3, 4) was undecided
    p2:   - wall5 at (4,4): the contest at (4, 4) was undecided
    p2:   - wall6 at (5,4): the contest at (5, 4) was undecided
    p2:   - wall7 at (6,4): the contest at (6, 4) was undecided
    p2:   - wall8 at (7,4): the contest at (7, 4) was undecided
    after turn 2: in play 9 v 7  (walls: 0 v 8)
  -- turn 3
    p1: move lance10 south; move lance11 south; move lance9 south
    p2: holds
    after turn 3: in play 9 v 7  (walls: 0 v 5)
  -- turn 4
    p1: holds
    p2: move heavy1 north; move heavy2 east; move heavy3 north; move heavy4 north
    after turn 4: in play 6 v 7  (walls: 0 v 5)
  -- turn 5
    p1: holds
    p2: holds
    after turn 5: in play 6 v 7  (walls: 0 v 5)
  -- turn 6
    p1: holds
    p2: holds
    after turn 6: in play 6 v 7  (walls: 0 v 5)
  -- turn 7
    p1: holds
    p2: holds
    after turn 7: in play 6 v 7  (walls: 0 v 5)
  -- turn 8
    p1: holds
    p2: holds
    after turn 8: in play 6 v 7  (walls: 0 v 5)
  -- turn 9
    p1: holds
    p2: holds
    after turn 9: in play 6 v 7  (walls: 0 v 5)
  -- turn 10
    p1: holds
    p2: holds
    after turn 10: in play 6 v 7  (walls: 0 v 5)
  -- turn 11
    p1: move lance1 south; move lance3 south; move lance4 south; move lance6 south; move lance8 west
    p2: holds
    after turn 11: in play 6 v 7  (walls: 0 v 1)
  -- turn 12
    p1: holds
    p2: move heavy1 west; move heavy2 west; move heavy3 west; move heavy4 west
    after turn 12: in play 3 v 7  (walls: 0 v 1)
  -- turn 13
    p1: move lance8 west
    p2: holds
    after turn 13: in play 3 v 7  (walls: 0 v 1)
  -- turn 14
    p1: holds
    p2: holds
    after turn 14: in play 3 v 7  (walls: 0 v 1)
  -- turn 15
    p1: move lance8 south
    p2: holds
    after turn 15: in play 2 v 7  (walls: 0 v 1)
  -- turn 16
    p1: holds
    p2: holds
    after turn 16: in play 2 v 7  (walls: 0 v 1)
  -- turn 17
    p1: holds
    p2: holds
    after turn 17: in play 2 v 7  (walls: 0 v 1)
  -- turn 18
    p1: holds
    p2: holds
    after turn 18: in play 2 v 7  (walls: 0 v 1)
  -- turn 19
    p1: holds
    p2: holds
    after turn 19: in play 2 v 7  (walls: 0 v 1)
  -- turn 20
    p1: holds
    p2: holds
    after turn 20: in play 2 v 7  (walls: 0 v 1)
  -- turn 21
    p1: move lance3 south
    p2: holds
    after turn 21: in play 2 v 7  (walls: 0 v 1)
  -- turn 22
    p1: holds
    p2: holds
    after turn 22: in play 2 v 7  (walls: 0 v 1)
  -- turn 23
    p1: move lance3 south
    p2: holds
    after turn 23: in play 2 v 7  (walls: 0 v 1)
  -- turn 24
    p1: holds
    p2: holds
    after turn 24: in play 2 v 7  (walls: 0 v 1)
  -- turn 25
    p1: move lance3 east
    p2: holds
    after turn 25: in play 2 v 7  (walls: 0 v 1)
  -- turn 26
    p1: holds
    p2: holds
    after turn 26: in play 2 v 7  (walls: 0 v 1)
  -- turn 27
    p1: move lance3 south
    p2: holds
    p1: 2 order(s) rejected last turn:
    p1:   - keep1 at (3,0): the contest at (3, 7) was undecided
    p1:   - lance3 at (3,6): the contest at (3, 7) was undecided
    after turn 27: in play 2 v 7  (walls: 0 v 1)
  -- turn 28
    p1: holds
    p2: move heavy2 south; move heavy3 south; move keep1 north
    p1: game over: player 1 wins on turn 28
    p2: game over: player 1 wins on turn 28
    p2 is eliminated from turn 28
    after turn 28: in play 1 v 6  (walls: 0 v 1)
+-+-+-+-+-+-+-+-+
| | | |K| | | | |
+-+-+-+-+-+-+-+-+
| | | | | | | | |
+-+-+-+-+-+-+-+-+
| | | | | | | | |
+-+-+-+-+-+-+-+-+
| | | | | | | | |
+-+-+-+-+-+-+-+-+
|H| | | | |H| |W|
+-+-+-+-+-+-+-+-+
| | | |H| | | | |
+-+-+-+-+-+-+-+-+
| | | |H| | | | |
+-+-+-+-+-+-+-+-+
|o| | | |r| | | |
+-+-+-+-+-+-+-+-+
SYMBOL  PLAYER  TYPE
H            2  Heavy
K            1  Keep
W            2  Wall
o            2  Scout
r            2  Runner
  game over: player 1 wins on turn 28
  final units:
    p1 keep1   Keep    a1 h10 (3,0) hp 10 en 5 flag
    p1 lance1  Lance   a8 h-3 destroyed
    p1 lance10 Lance   a8 h-3 destroyed
    p1 lance11 Lance   a8 h-3 destroyed
    p1 lance2  Lance   a8 h-6 destroyed
    p1 lance3  Lance   a8 h-5 destroyed
    p1 lance4  Lance   a8 h-3 destroyed
    p1 lance5  Lance   a8 h-6 destroyed
    p1 lance6  Lance   a8 h-3 destroyed
    p1 lance7  Lance   a8 h-6 destroyed
    p1 lance8  Lance   a8 h-3 destroyed
    p1 lance9  Lance   a8 h-3 destroyed
    p2 heavy1  Heavy   a5 h10 (0,4) hp 10 en 15
    p2 heavy2  Heavy   a5 h9 (3,6) hp 9 en 7
    p2 heavy3  Heavy   a5 h10 (3,5) hp 10 en 12
    p2 heavy4  Heavy   a5 h2 (5,4) hp 2 en 15
    p2 keep1   Keep    a1 h-3 destroyed flag
    p2 runner1 Runner  a2 h4 (4,7) hp 4 en 10
    p2 scout1  Scout   a0 h2 (0,7) hp 2 en 12
    p2 wall1   Wall    a0 h-6 destroyed
    p2 wall2   Wall    a0 h-6 destroyed
    p2 wall3   Wall    a0 h-6 destroyed
    p2 wall4   Wall    a0 h-6 destroyed
    p2 wall5   Wall    a0 h-6 destroyed
    p2 wall6   Wall    a0 h-6 destroyed
    p2 wall7   Wall    a0 h-6 destroyed
    p2 wall8   Wall    a0 h2 (7,4) hp 2 en 0
