=== game 21: p1 Swarm vs p2 Grinder
  board 10x10, budget p1: 200 / p2: 200, deployment split: p1 in rows 0-4, p2 in rows 5-9
  p1 Swarm: 18 x (a1 h1 e9), two ranks abreast, sweep across the frontier
  p2 Grinder: 6 x (a1 h10 e20), spread across the middle, grind forward
  p1 deploys: add type S s 1 1 9; add unit S s1 0 4; add unit S s2 1 4; add unit S s3 2 4; add unit S s4 3 4; add unit S s5 4 4; add unit S s6 5 4; add unit S s7 6 4; add unit S s8 7 4; add unit S s9 8 4; add unit S s10 0 3; add unit S s11 1 3; add unit S s12 2 3; add unit S s13 3 3; add unit S s14 4 3; add unit S s15 5 3; add unit S s16 6 3; add unit S s17 7 3; add unit S s18 8 3
  p2 deploys: add type G G 1 10 20; add unit G g1 0 6; add unit G g2 2 6; add unit G g3 4 6; add unit G g4 5 6; add unit G g5 7 6; add unit G g6 9 6
    after turn 1: standing 18 v 6
  -- turn 2
    p1: move s18 south; move s8 south; move s9 east
    p2: move g1 north; move g2 west; move g3 west; move g4 west; move g5 west; move g6 west
    after turn 2: standing 18 v 6
  -- turn 3
    p1: move s18 south; move s8 south; move s9 south
    p2: move g1 north; move g2 north; move g3 west; move g4 east; move g5 east; move g6 east
    after turn 3: standing 16 v 6
  -- turn 4
    p1: move s10 south; move s11 west; move s12 west; move s17 south; move s18 west; move s7 south; move s9 west
    p2: move g1 north; move g2 north; move g3 east; move g4 north; move g5 north; move g6 north
    after turn 4: standing 12 v 6
  -- turn 5
    p1: move s12 south; move s13 west; move s14 west; move s15 west; move s16 south; move s17 south; move s6 south; move s9 east
    p2: move g1 north; move g2 north; move g3 north; move g4 west; move g5 west; move g6 west
    after turn 5: standing 9 v 6
  -- turn 6
    p1: move s13 west; move s14 west; move s15 west; move s16 south; move s17 north; move s3 west; move s4 west; move s5 east; move s6 west
    p2: move g1 north; move g2 north; move g3 west; move g4 north; move g5 north; move g6 north
    after turn 6: standing 8 v 6
  -- turn 7
    p1: move s17 west; move s5 west; move s6 east
    p2: move g1 north; move g2 north; move g3 north; move g4 east; move g5 east; move g6 east
    after turn 7: standing 5 v 6
  -- turn 8
    p1: move s13 east; move s14 south; move s15 south; move s6 north
    p2: move g1 north; move g2 north; move g3 east; move g4 north; move g6 north
    after turn 8: standing 4 v 6
  -- turn 9
    p1: move s13 east; move s14 east; move s3 east; move s6 west
    p2: move g1 south; move g2 south; move g3 north; move g4 west; move g6 west
    after turn 9: standing 3 v 6
  -- turn 10
    p1: move s14 north; move s3 east; move s6 north
    p2: move g1 south; move g4 north; move g6 north
    after turn 10: standing 2 v 6
  -- turn 11
    p1: move s3 north; move s6 south
    p2: holds
    after turn 11: standing 1 v 6
  -- turn 12
    p1: move s6 west
    p2: holds
    after turn 12: standing 1 v 6
  -- turn 13
    p1: holds
    p2: holds
    after turn 13: standing 1 v 6
  -- turn 14
    p1: holds
    p2: holds
    after turn 14: standing 1 v 6
  -- turn 15
    p1: holds
    p2: holds
    after turn 15: standing 1 v 6
  -- turn 16
    p1: holds
    p2: holds
    after turn 16: standing 1 v 6
  -- turn 17
    p1: holds
    p2: holds
    after turn 17: standing 1 v 6
  -- turn 18
    p1: holds
    p2: holds
    after turn 18: standing 1 v 6
  -- turn 19
    p1: holds
    p2: holds
    after turn 19: standing 1 v 6
  -- turn 20
    p1: holds
    p2: holds
    after turn 20: standing 1 v 6
  -- turn 21
    p1: holds
    p2: holds
    after turn 21: standing 1 v 6
  -- turn 22
    p1: holds
    p2: holds
    after turn 22: standing 1 v 6
  -- turn 23
    p1: holds
    p2: holds
    after turn 23: standing 1 v 6
  -- turn 24
    p1: holds
    p2: holds
    after turn 24: standing 1 v 6
  -- turn 25
    p1: holds
    p2: holds
    after turn 25: standing 1 v 6
  -- turn 26
    p1: holds
    p2: holds
    after turn 26: standing 1 v 6
  -- turn 27
    p1: holds
    p2: holds
    after turn 27: standing 1 v 6
  -- turn 28
    p1: holds
    p2: holds
    after turn 28: standing 1 v 6
  -- turn 29
    p1: holds
    p2: holds
    after turn 29: standing 1 v 6
  -- turn 30
    p1: holds
    p2: holds
    after turn 30: standing 1 v 6
  -- turn 31
    p1: holds
    p2: holds
    after turn 31: standing 1 v 6
  -- turn 32
    p1: holds
    p2: holds
    after turn 32: standing 1 v 6
  -- turn 33
    p1: holds
    p2: holds
    after turn 33: standing 1 v 6
  -- turn 34
    p1: holds
    p2: holds
    after turn 34: standing 1 v 6
  -- turn 35
    p1: holds
    p2: holds
    after turn 35: standing 1 v 6
  -- turn 36
    p1: holds
    p2: holds
    after turn 36: standing 1 v 6
  -- turn 37
    p1: holds
    p2: holds
    after turn 37: standing 1 v 6
  -- turn 38
    p1: holds
    p2: holds
    after turn 38: standing 1 v 6
  -- turn 39
    p1: holds
    p2: holds
    after turn 39: standing 1 v 6
  -- turn 40
    p1: holds
    p2: holds
    after turn 40: standing 1 v 6
  -- turn 41
    p1: holds
    p2: holds
    after turn 41: standing 1 v 6
  -- turn 42
    p1: holds
    p2: holds
    after turn 42: standing 1 v 6
  -- turn 43
    p1: holds
    p2: holds
    after turn 43: standing 1 v 6
  -- turn 44
    p1: holds
    p2: holds
    after turn 44: standing 1 v 6
  -- turn 45
    p1: holds
    p2: holds
    after turn 45: standing 1 v 6
  -- turn 46
    p1: holds
    p2: holds
    after turn 46: standing 1 v 6
  -- turn 47
    p1: holds
    p2: holds
    after turn 47: standing 1 v 6
  -- turn 48
    p1: holds
    p2: holds
    after turn 48: standing 1 v 6
  -- turn 49
    p1: holds
    p2: holds
    after turn 49: standing 1 v 6
  -- turn 50
    p1: holds
    p2: holds
    after turn 50: standing 1 v 6
  -- turn 51
    p1: holds
    p2: holds
    after turn 51: standing 1 v 6
  -- turn 52
    p1: holds
    p2: holds
    after turn 52: standing 1 v 6
  -- turn 53
    p1: holds
    p2: holds
    after turn 53: standing 1 v 6
  -- turn 54
    p1: holds
    p2: holds
    after turn 54: standing 1 v 6
  -- turn 55
    p1: holds
    p2: holds
    after turn 55: standing 1 v 6
  -- turn 56
    p1: holds
    p2: holds
    after turn 56: standing 1 v 6
  -- turn 57
    p1: holds
    p2: holds
    after turn 57: standing 1 v 6
  -- turn 58
    p1: holds
    p2: holds
    after turn 58: standing 1 v 6
  -- turn 59
    p1: holds
    p2: holds
    after turn 59: standing 1 v 6
  -- turn 60
    p1: holds
    p2: holds
    after turn 60: standing 1 v 6
+-+-+-+-+-+-+-+-+-+-+
|#|#|#|#|#|#|#|#|#|#|
+-+-+-+-+-+-+-+-+-+-+
|#|G|#|#|#|#|#|#|#|#|
+-+-+-+-+-+-+-+-+-+-+
|G|#|#|#|G|#|#|#|G|#|
+-+-+-+-+-+-+-+-+-+-+
|#|#|#|G|#|#|#|#|#|#|
+-+-+-+-+-+-+-+-+-+-+
|#|#|#|s|#|#|#|G|#|#|
+-+-+-+-+-+-+-+-+-+-+
|#|#|#|#|#|#|#|#|#|#|
+-+-+-+-+-+-+-+-+-+-+
|#|#|#|#|#|#|#|#|#|#|
+-+-+-+-+-+-+-+-+-+-+
|#|#|#|#|#|#|#|#|#|#|
+-+-+-+-+-+-+-+-+-+-+
|#|#|#|#|#|#|#|#|#|#|
+-+-+-+-+-+-+-+-+-+-+
|#|#|#|#|#|#|#|#|#|#|
+-+-+-+-+-+-+-+-+-+-+
SYMBOL  PLAYER  TYPE
G            2  G
s            1  S
  undecided after 60 turns
  final units:
    p1 s1   S   a1 h0 destroyed
    p1 s10  S   a1 h0 destroyed
    p1 s11  S   a1 h0 destroyed
    p1 s12  S   a1 h0 destroyed
    p1 s13  S   a1 h0 destroyed
    p1 s14  S   a1 h0 destroyed
    p1 s15  S   a1 h0 destroyed
    p1 s16  S   a1 h0 destroyed
    p1 s17  S   a1 h0 destroyed
    p1 s18  S   a1 h0 destroyed
    p1 s2   S   a1 h0 destroyed
    p1 s3   S   a1 h0 destroyed
    p1 s4   S   a1 h0 destroyed
    p1 s5   S   a1 h0 destroyed
    p1 s6   S   a1 h1 (3,4) hp 1 en 1
    p1 s7   S   a1 h0 destroyed
    p1 s8   S   a1 h0 destroyed
    p1 s9   S   a1 h0 destroyed
    p2 g1   G   a1 h9 (0,2) hp 9 en 10
    p2 g2   G   a1 h8 (1,1) hp 8 en 10
    p2 g3   G   a1 h5 (3,3) hp 5 en 7
    p2 g4   G   a1 h9 (4,2) hp 9 en 10
    p2 g5   G   a1 h5 (7,4) hp 5 en 9
    p2 g6   G   a1 h9 (8,2) hp 9 en 10
