=== game 209: p1 Flag Hunt vs p2 Executioner
  board 8x8, p1: 250 points, rows 0-3, p2: 250 points, rows 4-7
  p1 Flag Hunt: the stock army; everything but the Keeps and Walls goes for the enemy flag square by the shortest route round its own
  p2 Executioner: 9 x Exec (a10 h4 e12, our own type) + Keep with the flag; every Exec hunts
  p1 is handed 16 units: heavy1, heavy2, keep1, keep2, line1, line2, pawn1, pawn2, pawn3, pawn4, runner1, runner2, scout1, scout2, wall1, wall2
  p1 setup: keeps the army as given
  p2 is handed 16 units: heavy1, heavy2, keep1, keep2, line1, line2, pawn1, pawn2, pawn3, pawn4, runner1, runner2, scout1, scout2, wall1, wall2
  p2 setup: remove unit heavy1; remove unit heavy2; remove unit keep1; remove unit keep2; remove unit line1; remove unit line2; remove unit pawn1; remove unit pawn2; remove unit pawn3; remove unit pawn4; remove unit runner1; remove unit runner2; remove unit scout1; remove unit scout2; remove unit wall1; remove unit wall2; add type Exec X 10 4 12; add unit Exec exec1 0 4; add unit Exec exec2 1 4; add unit Exec exec3 2 4; add unit Exec exec4 3 4; add unit Exec exec5 4 4; add unit Exec exec6 5 4; add unit Exec exec7 6 4; add unit Exec exec8 7 4; add unit Exec exec9 4 5; add type Keep K 1 10 5; add unit Keep keep1 3 7; set flag keep1
    after turn 1: in play 14 v 10  (walls: 2 v 0)
  -- turn 2
    p1: move heavy1 south; move heavy2 south; move pawn1 south; move pawn2 south; move pawn3 south; move pawn4 south; move runner1 south; move runner2 south; move scout1 south; move scout2 south
    p2: move exec1 north; move exec2 north; move exec3 north; move exec4 north; move exec5 north; move exec6 north; move exec7 north; move exec8 north; move exec9 north
    after turn 2: in play 14 v 10  (walls: 2 v 0)
  -- turn 3
    p1: move heavy1 south; move heavy2 south
    p2: move exec1 north; move exec2 north; move exec3 north; move exec4 north; move exec5 north; move exec6 north; move exec7 north; move exec8 north; move exec9 north
    after turn 3: in play 9 v 7  (walls: 2 v 0)
  -- turn 4
    p1: move heavy2 east; move runner1 south; move runner2 south; move scout1 south; move scout2 south
    p2: holds
    p1: 4 order(s) rejected last turn:
    p1:   - runner1 at (0,1): the contest at (0, 2) was undecided
    p1:   - scout1 at (1,1): the contest at (1, 2) was undecided
    p1:   - scout2 at (6,1): the contest at (6, 2) was undecided
    p1:   - runner2 at (7,1): the contest at (7, 2) was undecided
    p2: 4 order(s) rejected last turn:
    p2:   - exec1 at (0,2): the contest at (0, 2) was undecided
    p2:   - exec2 at (1,2): the contest at (1, 2) was undecided
    p2:   - exec7 at (6,2): the contest at (6, 2) was undecided
    p2:   - exec8 at (7,2): the contest at (7, 2) was undecided
    after turn 4: in play 8 v 6  (walls: 2 v 0)
  -- turn 5
    p1: move runner1 south; move runner2 south; move scout1 west; move scout2 east
    p2: move exec3 north
    after turn 5: in play 8 v 4  (walls: 1 v 0)
  -- turn 6
    p1: move line1 south; move line2 east; move runner1 east; move runner2 south; move scout1 east; move scout2 west
    p2: holds
    p1: 2 order(s) rejected last turn:
    p1:   - runner1 at (0,2): the contest at (1, 2) was undecided
    p1:   - line1 at (2,0): the contest at (2, 1) was undecided
    p2: 2 order(s) rejected last turn:
    p2:   - exec2 at (1,2): the contest at (1, 2) was undecided
    p2:   - exec3 at (2,1): the contest at (2, 1) was undecided
    after turn 6: in play 8 v 4  (walls: 1 v 0)
  -- turn 7
    p1: move line1 south; move line2 east; move runner2 south; move scout1 south; move scout2 south
    p2: holds
    p1: 2 order(s) rejected last turn:
    p1:   - scout1 at (1,1): the contest at (1, 2) was undecided
    p1:   - scout2 at (6,1): the contest at (6, 2) was undecided
    p2: 2 order(s) rejected last turn:
    p2:   - exec2 at (1,2): the contest at (1, 2) was undecided
    p2:   - exec7 at (6,2): the contest at (6, 2) was undecided
    after turn 7: in play 8 v 3  (walls: 1 v 0)
  -- turn 8
    p1: move line2 south; move scout1 south; move scout2 south
    p2: holds
    p1: 2 order(s) rejected last turn:
    p1:   - scout1 at (1,1): the contest at (1, 2) was undecided
    p1:   - scout2 at (6,1): the contest at (6, 2) was undecided
    p2: 2 order(s) rejected last turn:
    p2:   - exec2 at (1,2): the contest at (1, 2) was undecided
    p2:   - exec7 at (6,2): the contest at (6, 2) was undecided
    after turn 8: in play 8 v 3  (walls: 1 v 0)
  -- turn 9
    p1: move line2 south; move runner1 east; move runner2 south; move scout2 south
    p2: holds
    p1: 1 order(s) rejected last turn:
    p1:   - scout2 at (6,1): the contest at (6, 2) was undecided
    p2: 1 order(s) rejected last turn:
    p2:   - exec7 at (6,2): the contest at (6, 2) was undecided
    after turn 9: in play 8 v 2  (walls: 1 v 0)
  -- turn 10
    p1: move scout1 west; move scout2 south
    p2: holds
    p1: 1 order(s) rejected last turn:
    p1:   - scout2 at (6,1): the contest at (6, 2) was undecided
    p2: 1 order(s) rejected last turn:
    p2:   - exec7 at (6,2): the contest at (6, 2) was undecided
    after turn 10: in play 8 v 2  (walls: 1 v 0)
  -- turn 11
    p1: move line1 east; move line2 south; move runner2 south; move scout1 south; move scout2 south
    p2: holds
    p1: 1 order(s) rejected last turn:
    p1:   - scout2 at (6,1): the contest at (6, 2) was undecided
    p2: 1 order(s) rejected last turn:
    p2:   - exec7 at (6,2): the contest at (6, 2) was undecided
    after turn 11: in play 8 v 2  (walls: 1 v 0)
  -- turn 12
    p1: move scout1 south; move scout2 south
    p2: holds
    p1: 1 order(s) rejected last turn:
    p1:   - scout2 at (6,1): the contest at (6, 2) was undecided
    p2: 1 order(s) rejected last turn:
    p2:   - exec7 at (6,2): the contest at (6, 2) was undecided
    after turn 12: in play 8 v 2  (walls: 1 v 0)
  -- turn 13
    p1: move runner1 east; move runner2 south; move scout1 east; move scout2 south
    p2: holds
    p1: 1 order(s) rejected last turn:
    p1:   - scout2 at (6,1): the contest at (6, 2) was undecided
    p2: 1 order(s) rejected last turn:
    p2:   - exec7 at (6,2): the contest at (6, 2) was undecided
    after turn 13: in play 8 v 2  (walls: 1 v 0)
  -- turn 14
    p1: move line1 south; move line2 south; move scout1 east; move scout2 south
    p2: holds
    after turn 14: in play 7 v 2  (walls: 1 v 0)
  -- turn 15
    p1: move runner1 west; move runner2 west; move scout1 east
    p2: holds
    after turn 15: in play 7 v 2  (walls: 1 v 0)
  -- turn 16
    p1: move scout1 south
    p2: holds
    after turn 16: in play 7 v 2  (walls: 1 v 0)
  -- turn 17
    p1: move line1 east; move line2 south; move runner1 east; move runner2 west; move scout1 south
    p2: holds
    after turn 17: in play 6 v 2  (walls: 2 v 0)
  -- turn 18
    p1: holds
    p2: holds
    after turn 18: in play 7 v 2  (walls: 1 v 0)
  -- turn 19
    p1: move runner1 south; move runner2 west; move scout1 south
    p2: holds
    after turn 19: in play 6 v 2  (walls: 2 v 0)
  -- turn 20
    p1: move line1 south; move line2 west
    p2: holds
    after turn 20: in play 7 v 2  (walls: 1 v 0)
  -- turn 21
    p1: move runner1 south; move runner2 west; move scout1 south
    p2: holds
    p1: 2 order(s) rejected last turn:
    p1:   - keep1 at (3,0): the contest at (3, 7) was undecided
    p1:   - runner2 at (4,7): the contest at (3, 7) was undecided
    after turn 21: in play 6 v 2  (walls: 1 v 0)
  -- turn 22
    p1: holds
    p2: move keep1 east
    p1: 2 order(s) rejected last turn:
    p1:   - keep1 at (3,0): the contest at (4, 7) was undecided
    p1:   - runner2 at (4,7): the contest at (4, 7) was undecided
    after turn 22: in play 6 v 2  (walls: 1 v 0)
  -- turn 23
    p1: move line1 south; move line2 south; move runner1 east
    p2: holds
    after turn 23: in play 6 v 2  (walls: 1 v 0)
  -- turn 24
    p1: holds
    p2: holds
    after turn 24: in play 6 v 2  (walls: 1 v 0)
  -- turn 25
    p1: move runner1 south; move runner2 west
    p2: holds
    p1: 2 order(s) rejected last turn:
    p1:   - keep1 at (3,0): the contest at (3, 7) was undecided
    p1:   - runner2 at (4,7): the contest at (3, 7) was undecided
    after turn 25: in play 6 v 2  (walls: 1 v 0)
  -- turn 26
    p1: move line1 south; move line2 west
    p2: move exec7 north
    after turn 26: in play 6 v 2  (walls: 1 v 0)
  -- turn 27
    p1: move runner1 south
    p2: holds
    after turn 27: in play 6 v 2  (walls: 1 v 0)
  -- turn 28
    p1: holds
    p2: move exec7 north
    after turn 28: in play 6 v 2  (walls: 1 v 0)
  -- turn 29
    p1: move line1 west; move line2 north; move runner1 south; move runner2 west
    p2: holds
    p1: 2 order(s) rejected last turn:
    p1:   - keep1 at (3,0): the contest at (3, 7) was undecided
    p1:   - runner1 at (3,6): the contest at (3, 7) was undecided
    after turn 29: in play 5 v 2  (walls: 1 v 0)
  -- turn 30
    p1: holds
    p2: move exec7 west
    after turn 30: in play 5 v 2  (walls: 1 v 0)
  -- turn 31
    p1: holds
    p2: holds
    after turn 31: in play 5 v 2  (walls: 1 v 0)
  -- turn 32
    p1: move line1 east; move line2 south
    p2: move exec7 west
    after turn 32: in play 4 v 2  (walls: 1 v 0)
  -- turn 33
    p1: move keep1 east; move runner1 south
    p2: holds
    p1: game over: player 1 wins on turn 33
    p1: 1 order(s) rejected last turn:
    p1:   - keep1 at (3,0): the contest at (4, 0) was undecided
    p2: game over: player 1 wins on turn 33
    p2: 1 order(s) rejected last turn:
    p2:   - exec7 at (4,0): the contest at (4, 0) was undecided
    p2 is eliminated from turn 33
    after turn 33: in play 3 v 1  (walls: 1 v 0)
+-+-+-+-+-+-+-+-+
| | | |K|X| | | |
+-+-+-+-+-+-+-+-+
| | | | | |W| | |
+-+-+-+-+-+-+-+-+
| | | | | | | | |
+-+-+-+-+-+-+-+-+
| | | | | | | | |
+-+-+-+-+-+-+-+-+
| | | | | | | | |
+-+-+-+-+-+-+-+-+
| | | | |L| | | |
+-+-+-+-+-+-+-+-+
| | | | | |L| | |
+-+-+-+-+-+-+-+-+
| | | | | | | | |
+-+-+-+-+-+-+-+-+
SYMBOL  PLAYER  TYPE
K            1  Keep
L            1  Line
W            1  Wall
X            2  Exec
  game over: player 1 wins on turn 33
  final units:
    p1 heavy1  Heavy   a5 h0 destroyed
    p1 heavy2  Heavy   a5 h0 destroyed
    p1 keep1   Keep    a1 h10 (3,0) hp 10 en 1 flag
    p1 keep2   Keep    a1 h0 destroyed
    p1 line1   Line    a3 h6 (4,5) hp 6 en 4
    p1 line2   Line    a3 h6 (5,6) hp 6 en 4
    p1 pawn1   Pawn    a1 h-6 destroyed
    p1 pawn2   Pawn    a1 h-6 destroyed
    p1 pawn3   Pawn    a1 h-6 destroyed
    p1 pawn4   Pawn    a1 h-6 destroyed
    p1 runner1 Runner  a2 h0 destroyed
    p1 runner2 Runner  a2 h-2 destroyed
    p1 scout1  Scout   a0 h-1 destroyed
    p1 scout2  Scout   a0 h-8 destroyed
    p1 wall1   Wall    a0 h0 destroyed
    p1 wall2   Wall    a0 h10 (5,1) hp 10 en 0
    p2 exec1   Exec    a10 h-1 destroyed
    p2 exec2   Exec    a10 h-1 destroyed
    p2 exec3   Exec    a10 h-2 destroyed
    p2 exec4   Exec    a10 h-1 destroyed
    p2 exec5   Exec    a10 h-6 destroyed
    p2 exec6   Exec    a10 h-1 destroyed
    p2 exec7   Exec    a10 h1 (4,0) hp 1 en 1
    p2 exec8   Exec    a10 h-1 destroyed
    p2 exec9   Exec    a10 h-6 destroyed
    p2 keep1   Keep    a1 h0 destroyed flag
