=== game 48: p1 Reaper vs p2 Grinder
  board 10x10, budget p1: 200 / p2: 200, deployment split: p1 in rows 0-4, p2 in rows 5-9
  p1 Reaper: 2 x (a10 h10 e80), sweep the enemy half and clear it
  p2 Grinder: 6 x (a1 h10 e20), spread across the middle, grind forward
  p1 deploys: add type R R 10 10 80; add unit R r1 2 3; add unit R r2 7 3
  p2 deploys: add type G G 1 10 20; add unit G g1 0 6; add unit G g2 2 6; add unit G g3 4 6; add unit G g4 5 6; add unit G g5 7 6; add unit G g6 9 6
    after turn 1: in play 2 v 6
  -- turn 2
    p1: move r1 west; move r2 west
    p2: move g1 north; move g2 west; move g3 west; move g4 west; move g5 west; move g6 west
    after turn 2: in play 2 v 6
  -- turn 3
    p1: move r1 west; move r2 west
    p2: move g1 north; move g2 north; move g3 west; move g4 east; move g5 east; move g6 east
    after turn 3: in play 2 v 6
  -- turn 4
    p1: move r1 east; move r2 east
    p2: move g1 north; move g2 north; move g3 east; move g4 north; move g5 north; move g6 north
    after turn 4: in play 2 v 6
  -- turn 5
    p1: move r1 east; move r2 east
    p2: move g1 north; move g2 north; move g3 north; move g4 west; move g5 west; move g6 west
    after turn 5: in play 2 v 6
  -- turn 6
    p1: move r1 east; move r2 east
    p2: move g1 north; move g2 north; move g3 west; move g4 north; move g5 north; move g6 north
    after turn 6: in play 2 v 6
  -- turn 7
    p1: move r1 east; move r2 east
    p2: move g1 north; move g2 north; move g3 north; move g4 east; move g5 east; move g6 east
    after turn 7: in play 2 v 6
  -- turn 8
    p1: move r1 south; move r2 south
    p2: move g1 south; move g2 north; move g3 east; move g4 north; move g5 north; move g6 north
    after turn 8: in play 2 v 5
  -- turn 9
    p1: move r1 west; move r2 west
    p2: move g1 south; move g2 south; move g3 north; move g4 west; move g5 east
    after turn 9: in play 2 v 5
  -- turn 10
    p1: move r1 west; move r2 west
    p2: move g1 south; move g2 south; move g3 west; move g4 north; move g5 west
    after turn 10: in play 2 v 5
  -- turn 11
    p1: move r1 west; move r2 west
    p2: move g1 south; move g2 south; move g3 north; move g4 east; move g5 west
    after turn 11: in play 2 v 5
  -- turn 12
    p1: move r1 west; move r2 west
    p2: move g1 south; move g2 south; move g3 east; move g4 north; move g5 north
    after turn 12: in play 2 v 5
  -- turn 13
    p1: move r1 south; move r2 south
    p2: move g1 south; move g2 south; move g3 north; move g4 west; move g5 east
    after turn 13: in play 2 v 5
  -- turn 14
    p1: move r1 east; move r2 east
    p2: move g1 south; move g2 south; move g3 west; move g4 north; move g5 north
    after turn 14: in play 2 v 5
  -- turn 15
    p1: move r1 east; move r2 east
    p2: move g1 south; move g2 south; move g3 north; move g4 east; move g5 west
    after turn 15: in play 2 v 5
  -- turn 16
    p1: move r1 east; move r2 east
    p2: move g1 south; move g2 south; move g3 east; move g4 west; move g5 north
    after turn 16: in play 2 v 5
  -- turn 17
    p1: move r1 east; move r2 east
    p2: move g1 north; move g2 south; move g3 west; move g4 east; move g5 east
    after turn 17: in play 2 v 5
  -- turn 18
    p1: move r1 south; move r2 south
    p2: move g1 north; move g2 north; move g3 east; move g4 south; move g5 west
    after turn 18: in play 2 v 5
  -- turn 19
    p1: move r1 west; move r2 west
    p2: move g1 north; move g2 north; move g3 south; move g4 west; move g5 east
    after turn 19: in play 2 v 5
  -- turn 20
    p1: move r1 west; move r2 west
    p2: move g1 north; move g2 north; move g3 west; move g4 south; move g5 south
    after turn 20: in play 2 v 5
  -- turn 21
    p1: move r1 west; move r2 west
    p2: holds
    after turn 21: in play 2 v 4
  -- turn 22
    p1: move r1 west; move r2 west
    p2: holds
    after turn 22: in play 2 v 4
  -- turn 23
    p1: move r1 south; move r2 south
    p2: holds
    after turn 23: in play 2 v 4
  -- turn 24
    p1: move r1 east; move r2 east
    p2: holds
    after turn 24: in play 2 v 4
  -- turn 25
    p1: move r1 east; move r2 east
    p2: holds
    after turn 25: in play 2 v 4
  -- turn 26
    p1: move r1 east; move r2 east
    p2: holds
    after turn 26: in play 2 v 4
  -- turn 27
    p1: move r1 east; move r2 east
    p2: holds
    after turn 27: in play 2 v 4
  -- turn 28
    p1: move r1 south; move r2 south
    p2: holds
    after turn 28: in play 2 v 4
  -- turn 29
    p1: move r1 west; move r2 west
    p2: holds
    after turn 29: in play 2 v 4
  -- turn 30
    p1: move r1 west; move r2 west
    p2: holds
    after turn 30: in play 2 v 4
  -- turn 31
    p1: move r1 west; move r2 west
    p2: holds
    after turn 31: in play 2 v 4
  -- turn 32
    p1: move r1 west; move r2 west
    p2: holds
    after turn 32: in play 2 v 4
  -- turn 33
    p1: move r1 south; move r2 south
    p2: holds
    after turn 33: in play 2 v 4
  -- turn 34
    p1: move r1 east; move r2 east
    p2: holds
    after turn 34: in play 2 v 4
  -- turn 35
    p1: move r1 east; move r2 east
    p2: holds
    after turn 35: in play 2 v 4
  -- turn 36
    p1: move r1 east; move r2 east
    p2: holds
    after turn 36: in play 2 v 4
  -- turn 37
    p1: move r1 east; move r2 east
    p2: holds
    after turn 37: in play 2 v 4
  -- turn 38
    p1: move r1 west; move r2 west
    p2: holds
    after turn 38: in play 2 v 4
  -- turn 39
    p1: move r1 west; move r2 west
    p2: holds
    after turn 39: in play 2 v 4
  -- turn 40
    p1: move r1 west; move r2 west
    p2: holds
    after turn 40: in play 2 v 4
  -- turn 41
    p1: move r1 west; move r2 west
    p2: holds
    after turn 41: in play 2 v 4
  -- turn 42
    p1: move r1 east; move r2 east
    p2: holds
    after turn 42: in play 2 v 4
  -- turn 43
    p1: move r1 east; move r2 east
    p2: holds
    after turn 43: in play 2 v 4
  -- turn 44
    p1: move r1 east; move r2 east
    p2: holds
    after turn 44: in play 2 v 4
  -- turn 45
    p1: move r1 east; move r2 east
    p2: holds
    after turn 45: in play 2 v 4
  -- turn 46
    p1: move r1 north; move r2 north
    p2: holds
    after turn 46: in play 2 v 4
  -- turn 47
    p1: move r1 west; move r2 west
    p2: holds
    after turn 47: in play 2 v 4
  -- turn 48
    p1: move r1 west; move r2 west
    p2: holds
    after turn 48: in play 2 v 4
  -- turn 49
    p1: move r1 west; move r2 west
    p2: holds
    after turn 49: in play 2 v 4
  -- turn 50
    p1: move r1 west; move r2 west
    p2: holds
    after turn 50: in play 2 v 4
  -- turn 51
    p1: move r1 north; move r2 north
    p2: holds
    after turn 51: in play 2 v 4
  -- turn 52
    p1: move r1 east; move r2 east
    p2: holds
    after turn 52: in play 2 v 4
  -- turn 53
    p1: move r1 east; move r2 east
    p2: holds
    after turn 53: in play 2 v 4
  -- turn 54
    p1: move r1 east; move r2 east
    p2: holds
    after turn 54: in play 2 v 4
  -- turn 55
    p1: move r1 east; move r2 east
    p2: holds
    after turn 55: in play 2 v 4
  -- turn 56
    p1: move r1 north; move r2 north
    p2: holds
    after turn 56: in play 2 v 4
  -- turn 57
    p1: move r1 west; move r2 west
    p2: holds
    after turn 57: in play 2 v 4
  -- turn 58
    p1: move r1 west; move r2 west
    p2: holds
    after turn 58: in play 2 v 4
  -- turn 59
    p1: move r1 west; move r2 west
    p2: holds
    after turn 59: in play 2 v 4
  -- turn 60
    p1: move r1 west; move r2 west
    p2: holds
    after turn 60: in play 2 v 4
+-+-+-+-+-+-+-+-+-+-+
|#|#|#|#|#|#|#|#|#|#|
+-+-+-+-+-+-+-+-+-+-+
|#|#|G|#|#|#|#|G|#|#|
+-+-+-+-+-+-+-+-+-+-+
|#|#|#|#|G|#|#|#|#|#|
+-+-+-+-+-+-+-+-+-+-+
|#|#|#|#|#|#|#|#|#|#|
+-+-+-+-+-+-+-+-+-+-+
|#|#|#|#|#|#|#|#|#|#|
+-+-+-+-+-+-+-+-+-+-+
|G|#|#|#|#|#|#|#|#|#|
+-+-+-+-+-+-+-+-+-+-+
|R|#|#|#|#|R|#|#|#|#|
+-+-+-+-+-+-+-+-+-+-+
|#|#|#|#|#|#|#|#|#|#|
+-+-+-+-+-+-+-+-+-+-+
|#|#|#|#|#|#|#|#|#|#|
+-+-+-+-+-+-+-+-+-+-+
|#|#|#|#|#|#|#|#|#|#|
+-+-+-+-+-+-+-+-+-+-+
SYMBOL  PLAYER  TYPE
G            2  G
R            1  R
  undecided after 60 turns
  final units:
    p1 r1   R   a10 h9 (0,6) hp 9 en 11
    p1 r2   R   a10 h9 (5,6) hp 9 en 11
    p2 g1   G   a1 h10 (0,5) hp 10 en 1
    p2 g2   G   a1 h0 destroyed
    p2 g3   G   a1 h10 (2,1) hp 10 en 1
    p2 g4   G   a1 h10 (4,2) hp 10 en 1
    p2 g5   G   a1 h10 (7,1) hp 10 en 1
    p2 g6   G   a1 h0 destroyed
