=== game 211: p1 Lancers vs p2 Heavies
  board 8x8, p1: 250 points, rows 0-3, p2: 250 points, rows 4-7
  p1 Lancers: 11 x Lance (a8 h2 e10) + Keep with the flag; every Lance hunts
  p2 Heavies: 7 x Heavy (a5 h10 e15) + Keep with the flag + Runner; the Heavies hunt
  p1 is handed 16 units: heavy1, heavy2, keep1, keep2, line1, line2, pawn1, pawn2, pawn3, pawn4, runner1, runner2, scout1, scout2, wall1, wall2
  p1 setup: remove unit heavy1; remove unit heavy2; remove unit keep1; remove unit keep2; remove unit line1; remove unit line2; remove unit pawn1; remove unit pawn2; remove unit pawn3; remove unit pawn4; remove unit runner1; remove unit runner2; remove unit scout1; remove unit scout2; remove unit wall1; remove unit wall2; add type Lance ! 8 2 10; add unit Lance lance1 0 3; add unit Lance lance2 1 3; add unit Lance lance3 2 3; add unit Lance lance4 3 3; add unit Lance lance5 4 3; add unit Lance lance6 5 3; add unit Lance lance7 6 3; add unit Lance lance8 7 3; add unit Lance lance9 1 2; add unit Lance lance10 4 2; add unit Lance lance11 6 2; add type Keep K 1 10 5; add unit Keep keep1 3 0; set flag keep1
  p2 is handed 16 units: heavy1, heavy2, keep1, keep2, line1, line2, pawn1, pawn2, pawn3, pawn4, runner1, runner2, scout1, scout2, wall1, wall2
  p2 setup: remove unit heavy1; remove unit heavy2; remove unit keep1; remove unit keep2; remove unit line1; remove unit line2; remove unit pawn1; remove unit pawn2; remove unit pawn3; remove unit pawn4; remove unit runner1; remove unit runner2; remove unit scout1; remove unit scout2; remove unit wall1; remove unit wall2; add type Heavy H 5 10 15; add unit Heavy heavy1 1 4; add unit Heavy heavy2 2 4; add unit Heavy heavy3 3 4; add unit Heavy heavy4 4 4; add unit Heavy heavy5 5 4; add unit Heavy heavy6 6 4; add unit Heavy heavy7 4 5; add type Keep K 1 10 5; add unit Keep keep1 3 7; add type Runner r 2 4 10; add unit Runner runner1 4 7; set flag keep1
    after turn 1: in play 12 v 9
  -- turn 2
    p1: move lance1 south; move lance10 south; move lance11 south; move lance2 south; move lance3 south; move lance4 south; move lance5 south; move lance6 south; move lance7 south; move lance8 south; move lance9 south
    p2: move heavy1 north; move heavy2 north; move heavy3 north; move heavy4 north; move heavy5 north; move heavy6 north; move heavy7 north
    p2: 2 order(s) rejected last turn:
    p2:   - heavy4 at (4,4): the contest at (4, 4) was undecided
    p2:   - heavy7 at (4,5): the contest at (4, 4) was undecided
    after turn 2: in play 3 v 9
  -- turn 3
    p1: move lance1 east; move lance8 west
    p2: move heavy1 north; move heavy6 north
    after turn 3: in play 3 v 9
  -- turn 4
    p1: holds
    p2: move heavy1 north; move heavy2 north; move heavy3 north; move heavy4 north; move heavy5 north; move heavy6 west; move heavy7 north
    after turn 4: in play 3 v 9
  -- turn 5
    p1: move lance1 south; move lance8 west
    p2: holds
    after turn 5: in play 3 v 9
  -- turn 6
    p1: holds
    p2: holds
    after turn 6: in play 3 v 9
  -- turn 7
    p1: move lance1 east; move lance8 south
    p2: move heavy1 north
    after turn 7: in play 3 v 9
  -- turn 8
    p1: holds
    p2: move heavy2 north; move heavy3 north; move heavy4 north; move heavy5 north; move heavy6 north; move heavy7 north
    after turn 8: in play 3 v 9
  -- turn 9
    p1: move lance1 south; move lance8 west
    p2: holds
    after turn 9: in play 3 v 9
  -- turn 10
    p1: holds
    p2: holds
    after turn 10: in play 3 v 9
  -- turn 11
    p1: move lance1 east; move lance8 south
    p2: move heavy1 north
    after turn 11: in play 3 v 9
  -- turn 12
    p1: holds
    p2: move heavy2 east; move heavy3 north; move heavy4 north; move heavy5 north; move heavy6 west; move heavy7 west
    p1: 1 order(s) rejected last turn:
    p1:   - keep1 at (3,0): the contest at (3, 0) was undecided
    p2: 1 order(s) rejected last turn:
    p2:   - heavy3 at (3,0): the contest at (3, 0) was undecided
    after turn 12: in play 3 v 8
  -- turn 13
    p1: move lance1 south; move lance8 west
    p2: holds
    p1: 2 order(s) rejected last turn:
    p1:   - keep1 at (3,0): the contest at (3, 7) was undecided
    p1:   - lance1 at (3,7): the contest at (3, 7) was undecided
    after turn 13: in play 2 v 8
  -- turn 14
    p1: holds
    p2: holds
    after turn 14: in play 2 v 8
  -- turn 15
    p1: move lance8 south
    p2: move heavy1 east; move heavy6 west
    p1: game over: player 1 wins on turn 15
    p2: game over: player 1 wins on turn 15
    p2 is eliminated from turn 15
    after turn 15: in play 2 v 7
+-+-+-+-+-+-+-+-+
| | |H|K| |H| | |
+-+-+-+-+-+-+-+-+
| | | |H|H| | | |
+-+-+-+-+-+-+-+-+
| | | |H| | | | |
+-+-+-+-+-+-+-+-+
| | | |H| | | | |
+-+-+-+-+-+-+-+-+
| | | | | | | | |
+-+-+-+-+-+-+-+-+
| | | | | | | | |
+-+-+-+-+-+-+-+-+
| | | | | | | | |
+-+-+-+-+-+-+-+-+
| | | |!|r| | | |
+-+-+-+-+-+-+-+-+
SYMBOL  PLAYER  TYPE
!            1  Lance
H            2  Heavy
K            1  Keep
r            2  Runner
  game over: player 1 wins on turn 15
  final units:
    p1 keep1   Keep    a1 h5 (3,0) hp 5 en 5 flag
    p1 lance1  Lance   a8 h-7 destroyed
    p1 lance10 Lance   a8 h-6 destroyed
    p1 lance11 Lance   a8 h-6 destroyed
    p1 lance2  Lance   a8 h-6 destroyed
    p1 lance3  Lance   a8 h-3 destroyed
    p1 lance4  Lance   a8 h-3 destroyed
    p1 lance5  Lance   a8 h-6 destroyed
    p1 lance6  Lance   a8 h-3 destroyed
    p1 lance7  Lance   a8 h-6 destroyed
    p1 lance8  Lance   a8 h1 (3,7) hp 1 en 0
    p1 lance9  Lance   a8 h-6 destroyed
    p2 heavy1  Heavy   a5 h10 (2,0) hp 10 en 5
    p2 heavy2  Heavy   a5 h2 (3,1) hp 2 en 8
    p2 heavy3  Heavy   a5 h-4 destroyed
    p2 heavy4  Heavy   a5 h5 (4,1) hp 5 en 8
    p2 heavy5  Heavy   a5 h2 (5,0) hp 2 en 8
    p2 heavy6  Heavy   a5 h10 (3,2) hp 10 en 5
    p2 heavy7  Heavy   a5 h5 (3,3) hp 5 en 8
    p2 keep1   Keep    a1 h-6 destroyed flag
    p2 runner1 Runner  a2 h4 (4,7) hp 4 en 10
