=== game 97: p1 Bulwark vs p2 Drain
  board 10x10, budget p1: 200 / p2: 200, deployment split: p1 in rows 0-4, p2 in rows 5-9
  p1 Bulwark: 10 x wall (a0 h10 e0) across the frontier + 2 x (a2 h10 e28)
  p2 Drain: 10 x (a1 h10 e9), one per column, walk in and soak
  p1 deploys: add type W W 0 10 0; add unit W w1 0 4; add unit W w2 1 4; add unit W w3 2 4; add unit W w4 3 4; add unit W w5 4 4; add unit W w6 5 4; add unit W w7 6 4; add unit W w8 7 4; add unit W w9 8 4; add unit W w10 9 4; add type K K 2 10 28; add unit K k1 3 2; add unit K k2 6 2; add type S s 1 1 18; add unit S s1 0 0
  p2 deploys: add type D D 1 10 9; add unit D d1 0 5; add unit D d2 1 5; add unit D d3 2 5; add unit D d4 3 5; add unit D d5 4 5; add unit D d6 5 5; add unit D d7 6 5; add unit D d8 7 5; add unit D d9 8 5; add unit D d10 9 5
    after turn 1: in play 3 v 10  (walls: 10 v 0)
  -- turn 2
    p1: holds
    p2: move d1 north; move d10 north; move d2 north; move d3 north; move d4 north; move d5 north; move d6 north; move d7 north; move d8 north; move d9 north
    p1: 10 order(s) rejected last turn:
    p1: - w1 at (0,4): the contest at (0, 4) was undecided
    p1: - w2 at (1,4): the contest at (1, 4) was undecided
    p1: - w3 at (2,4): the contest at (2, 4) was undecided
    p1: - w4 at (3,4): the contest at (3, 4) was undecided
    p1: - w5 at (4,4): the contest at (4, 4) was undecided
    p1: - w6 at (5,4): the contest at (5, 4) was undecided
    p1: - w7 at (6,4): the contest at (6, 4) was undecided
    p1: - w8 at (7,4): the contest at (7, 4) was undecided
    p1: - w9 at (8,4): the contest at (8, 4) was undecided
    p1: - w10 at (9,4): the contest at (9, 4) was undecided
    p2: 10 order(s) rejected last turn:
    p2: - d1 at (0,5): the contest at (0, 4) was undecided
    p2: - d2 at (1,5): the contest at (1, 4) was undecided
    p2: - d3 at (2,5): the contest at (2, 4) was undecided
    p2: - d4 at (3,5): the contest at (3, 4) was undecided
    p2: - d5 at (4,5): the contest at (4, 4) was undecided
    p2: - d6 at (5,5): the contest at (5, 4) was undecided
    p2: - d7 at (6,5): the contest at (6, 4) was undecided
    p2: - d8 at (7,5): the contest at (7, 4) was undecided
    p2: - d9 at (8,5): the contest at (8, 4) was undecided
    p2: - d10 at (9,5): the contest at (9, 4) was undecided
    after turn 2: in play 3 v 10  (walls: 10 v 0)
  -- turn 3
    p1: move k1 south; move k2 south
    p2: holds
    after turn 3: in play 3 v 10  (walls: 10 v 0)
  -- turn 4
    p1: holds
    p2: holds
    after turn 4: in play 3 v 10  (walls: 10 v 0)
  -- turn 5
    p1: holds
    p2: move d1 north; move d10 north; move d2 north; move d3 north; move d4 north; move d5 north; move d6 north; move d7 north; move d8 north; move d9 north
    p1: 10 order(s) rejected last turn:
    p1: - w1 at (0,4): the contest at (0, 4) was undecided
    p1: - w2 at (1,4): the contest at (1, 4) was undecided
    p1: - w3 at (2,4): the contest at (2, 4) was undecided
    p1: - w4 at (3,4): the contest at (3, 4) was undecided
    p1: - w5 at (4,4): the contest at (4, 4) was undecided
    p1: - w6 at (5,4): the contest at (5, 4) was undecided
    p1: - w7 at (6,4): the contest at (6, 4) was undecided
    p1: - w8 at (7,4): the contest at (7, 4) was undecided
    p1: - w9 at (8,4): the contest at (8, 4) was undecided
    p1: - w10 at (9,4): the contest at (9, 4) was undecided
    p2: 10 order(s) rejected last turn:
    p2: - d1 at (0,5): the contest at (0, 4) was undecided
    p2: - d2 at (1,5): the contest at (1, 4) was undecided
    p2: - d3 at (2,5): the contest at (2, 4) was undecided
    p2: - d4 at (3,5): the contest at (3, 4) was undecided
    p2: - d5 at (4,5): the contest at (4, 4) was undecided
    p2: - d6 at (5,5): the contest at (5, 4) was undecided
    p2: - d7 at (6,5): the contest at (6, 4) was undecided
    p2: - d8 at (7,5): the contest at (7, 4) was undecided
    p2: - d9 at (8,5): the contest at (8, 4) was undecided
    p2: - d10 at (9,5): the contest at (9, 4) was undecided
    after turn 5: in play 3 v 10  (walls: 10 v 0)
  -- turn 6
    p1: holds
    p2: holds
    after turn 6: in play 3 v 10  (walls: 10 v 0)
  -- turn 7
    p1: holds
    p2: holds
    after turn 7: in play 3 v 10  (walls: 10 v 0)
  -- turn 8
    p1: holds
    p2: move d1 north; move d10 north; move d2 north; move d3 north; move d4 north; move d5 north; move d6 north; move d7 north; move d8 north; move d9 north
    after turn 8: in play 3 v 10
  -- turn 9
    p1: move k1 south; move k2 south; move s1 south
    p2: holds
    after turn 9: in play 3 v 8
  -- turn 10
    p1: move s1 south
    p2: holds
    after turn 10: in play 3 v 8
  -- turn 11
    p1: move s1 south
    p2: move d1 north; move d10 north; move d2 north; move d3 north; move d5 north; move d6 north; move d8 north; move d9 north
    after turn 11: in play 2 v 8
  -- turn 12
    p1: move k1 west
    p2: holds
    after turn 12: in play 2 v 8
  -- turn 13
    p1: holds
    p2: move d10 north; move d2 north; move d3 north; move d5 north; move d6 north; move d8 north; move d9 north
    after turn 13: in play 2 v 8
  -- turn 14
    p1: holds
    p2: move d1 north
    after turn 14: in play 2 v 8
  -- turn 15
    p1: holds
    p2: move d10 north; move d2 north; move d3 north; move d5 north; move d6 north; move d8 north; move d9 north
    after turn 15: in play 2 v 8
  -- turn 16
    p1: holds
    p2: move d1 north
    after turn 16: in play 2 v 8
  -- turn 17
    p1: holds
    p2: move d10 north; move d2 north; move d3 north; move d5 north; move d6 north; move d8 north; move d9 north
    after turn 17: in play 2 v 8
  -- turn 18
    p1: holds
    p2: move d1 north
    after turn 18: in play 2 v 8
  -- turn 19
    p1: holds
    p2: move d10 south; move d2 south; move d3 south; move d5 south; move d6 south; move d8 south; move d9 south
    after turn 19: in play 2 v 8
  -- turn 20
    p1: holds
    p2: move d1 south
    after turn 20: in play 2 v 8
  -- turn 21
    p1: holds
    p2: move d10 south; move d2 south; move d3 south; move d5 south; move d6 south; move d8 south; move d9 south
    after turn 21: in play 2 v 8
  -- turn 22
    p1: holds
    p2: move d1 south
    after turn 22: in play 2 v 8
  -- turn 23
    p1: holds
    p2: move d10 south; move d2 south; move d3 south; move d5 south; move d6 south; move d8 south; move d9 south
    after turn 23: in play 2 v 8
  -- turn 24
    p1: holds
    p2: move d1 south
    after turn 24: in play 2 v 8
  -- turn 25
    p1: holds
    p2: move d10 south; move d2 south; move d3 south; move d5 south; move d6 south; move d8 south; move d9 south
    after turn 25: in play 2 v 7
  -- turn 26
    p1: holds
    p2: move d1 east
    after turn 26: in play 2 v 7
  -- turn 27
    p1: holds
    p2: move d10 south; move d2 south; move d5 south; move d6 south; move d8 south; move d9 south
    after turn 27: in play 2 v 7
  -- turn 28
    p1: holds
    p2: move d1 west
    after turn 28: in play 2 v 7
  -- turn 29
    p1: holds
    p2: move d10 south; move d2 south; move d5 south; move d6 south; move d8 south; move d9 south
    after turn 29: in play 2 v 7
  -- turn 30
    p1: holds
    p2: move d1 south
    after turn 30: in play 2 v 7
  -- turn 31
    p1: holds
    p2: move d10 south; move d2 south; move d5 south; move d6 south; move d8 south; move d9 south
    after turn 31: in play 2 v 7
  -- turn 32
    p1: holds
    p2: move d1 south
    after turn 32: in play 2 v 7
  -- turn 33
    p1: holds
    p2: move d10 south; move d2 south; move d5 south; move d6 south; move d8 south; move d9 south
    after turn 33: in play 2 v 7
  -- turn 34
    p1: holds
    p2: move d1 south
    after turn 34: in play 2 v 7
  -- turn 35
    p1: holds
    p2: move d10 south; move d2 south; move d5 south; move d6 south; move d8 south; move d9 south
    after turn 35: in play 2 v 7
  -- turn 36
    p1: holds
    p2: move d1 south
    after turn 36: in play 2 v 7
  -- turn 37
    p1: holds
    p2: move d10 north; move d2 north; move d5 north; move d6 north; move d8 north; move d9 north
    after turn 37: in play 2 v 7
  -- turn 38
    p1: holds
    p2: move d1 south
    after turn 38: in play 2 v 7
  -- turn 39
    p1: holds
    p2: move d10 north; move d2 north; move d5 north; move d6 north; move d8 north; move d9 north
    after turn 39: in play 2 v 7
  -- turn 40
    p1: holds
    p2: move d1 south
    after turn 40: in play 2 v 7
  -- turn 41
    p1: holds
    p2: move d10 north; move d2 north; move d5 north; move d6 north; move d8 north; move d9 north
    after turn 41: in play 2 v 7
  -- turn 42
    p1: holds
    p2: move d1 north
    after turn 42: in play 2 v 7
  -- turn 43
    p1: holds
    p2: move d10 north; move d2 north; move d5 north; move d6 north; move d8 north; move d9 north
    after turn 43: in play 2 v 7
  -- turn 44
    p1: holds
    p2: move d1 north
    after turn 44: in play 2 v 7
  -- turn 45
    p1: holds
    p2: move d10 north; move d2 north; move d5 north; move d6 north; move d8 north; move d9 north
    after turn 45: in play 2 v 7
  -- turn 46
    p1: holds
    p2: move d1 north
    after turn 46: in play 2 v 7
  -- turn 47
    p1: holds
    p2: move d10 north; move d2 north; move d5 north; move d6 north; move d8 north; move d9 north
    after turn 47: in play 2 v 7
  -- turn 48
    p1: holds
    p2: move d1 north
    after turn 48: in play 2 v 7
  -- turn 49
    p1: holds
    p2: move d10 north; move d2 north; move d5 north; move d6 north; move d8 north; move d9 north
    after turn 49: in play 2 v 7
  -- turn 50
    p1: holds
    p2: move d1 north
    after turn 50: in play 2 v 7
  -- turn 51
    p1: holds
    p2: move d10 north; move d2 north; move d5 north; move d6 north; move d8 north; move d9 north
    after turn 51: in play 2 v 7
  -- turn 52
    p1: holds
    p2: move d1 north
    after turn 52: in play 2 v 7
  -- turn 53
    p1: holds
    p2: move d10 north; move d2 north; move d5 north; move d6 north; move d8 north; move d9 north
    after turn 53: in play 2 v 7
  -- turn 54
    p1: holds
    p2: move d1 north
    after turn 54: in play 2 v 7
  -- turn 55
    p1: holds
    p2: move d10 south; move d2 south; move d5 south; move d6 south; move d8 south; move d9 south
    after turn 55: in play 2 v 7
  -- turn 56
    p1: holds
    p2: move d1 north
    after turn 56: in play 2 v 7
  -- turn 57
    p1: holds
    p2: move d10 south; move d2 south; move d5 south; move d6 south; move d8 south; move d9 south
    after turn 57: in play 2 v 7
  -- turn 58
    p1: holds
    p2: move d1 north
    after turn 58: in play 2 v 7
  -- turn 59
    p1: holds
    p2: move d10 south; move d2 south; move d5 south; move d6 south; move d8 south; move d9 south
    after turn 59: in play 2 v 7
  -- turn 60
    p1: holds
    p2: move d1 south
    after turn 60: in play 2 v 7
+-+-+-+-+-+-+-+-+-+-+
|#|#|#|#|#|#|#|#|#|#|
+-+-+-+-+-+-+-+-+-+-+
|D|#|#|#|#|#|#|#|#|#|
+-+-+-+-+-+-+-+-+-+-+
|#|#|#|#|#|#|#|#|#|#|
+-+-+-+-+-+-+-+-+-+-+
|#|D|#|#|D|D|#|D|D|D|
+-+-+-+-+-+-+-+-+-+-+
|#|#|K|#|#|#|K|#|#|#|
+-+-+-+-+-+-+-+-+-+-+
|#|#|#|#|#|#|#|#|#|#|
+-+-+-+-+-+-+-+-+-+-+
|#|#|#|#|#|#|#|#|#|#|
+-+-+-+-+-+-+-+-+-+-+
|#|#|#|#|#|#|#|#|#|#|
+-+-+-+-+-+-+-+-+-+-+
|#|#|#|#|#|#|#|#|#|#|
+-+-+-+-+-+-+-+-+-+-+
|#|#|#|#|#|#|#|#|#|#|
+-+-+-+-+-+-+-+-+-+-+
SYMBOL  PLAYER  TYPE
D            2  D
K            1  K
  undecided after 60 turns
  final units:
    p1 k1   K   a2 h9 (2,4) hp 9 en 28
    p1 k2   K   a2 h10 (6,4) hp 10 en 28
    p1 s1   S   a1 h0 destroyed
    p1 w1   W   a0 h0 destroyed
    p1 w10  W   a0 h0 destroyed
    p1 w2   W   a0 h0 destroyed
    p1 w3   W   a0 h0 destroyed
    p1 w4   W   a0 h0 destroyed
    p1 w5   W   a0 h0 destroyed
    p1 w6   W   a0 h0 destroyed
    p1 w7   W   a0 h0 destroyed
    p1 w8   W   a0 h0 destroyed
    p1 w9   W   a0 h0 destroyed
    p2 d1   D   a1 h9 (0,1) hp 9 en 1
    p2 d10  D   a1 h10 (9,3) hp 10 en 2
    p2 d2   D   a1 h10 (1,3) hp 10 en 2
    p2 d3   D   a1 h0 destroyed
    p2 d4   D   a1 h0 destroyed
    p2 d5   D   a1 h10 (4,3) hp 10 en 2
    p2 d6   D   a1 h10 (5,3) hp 10 en 2
    p2 d7   D   a1 h0 destroyed
    p2 d8   D   a1 h10 (7,3) hp 10 en 2
    p2 d9   D   a1 h10 (8,3) hp 10 en 2
