=== game 50: p1 Reaper vs p2 Turtle
  board 10x10, budget p1: 200 / p2: 200, deployment split: p1 in rows 0-4, p2 in rows 5-9
  p1 Reaper: 2 x (a10 h10 e80), sweep the enemy half and clear it
  p2 Turtle: 9 x (a1 h10 e10) + 1 x (a1 h5 e5), dispersed at the back, never move
  p1 deploys: add type R R 10 10 80; add unit R r1 2 3; add unit R r2 7 3
  p2 deploys: add type F F 1 10 10; add unit F f1 0 9; add unit F f2 3 9; add unit F f3 6 9; add unit F f4 9 9; add unit F f5 1 8; add unit F f6 5 8; add unit F f7 8 8; add unit F f8 2 7; add unit F f9 7 7; add type T T 1 5 5; add unit T t1 4 7
    after turn 1: in play 2 v 10
  -- turn 2
    p1: move r1 west; move r2 west
    p2: holds
    after turn 2: in play 2 v 10
  -- turn 3
    p1: move r1 west; move r2 west
    p2: holds
    after turn 3: in play 2 v 10
  -- turn 4
    p1: move r1 east; move r2 east
    p2: holds
    after turn 4: in play 2 v 10
  -- turn 5
    p1: move r1 east; move r2 east
    p2: holds
    after turn 5: in play 2 v 10
  -- turn 6
    p1: move r1 east; move r2 east
    p2: holds
    after turn 6: in play 2 v 10
  -- turn 7
    p1: move r1 east; move r2 east
    p2: holds
    after turn 7: in play 2 v 10
  -- turn 8
    p1: move r1 south; move r2 south
    p2: holds
    after turn 8: in play 2 v 10
  -- turn 9
    p1: move r1 west; move r2 west
    p2: holds
    after turn 9: in play 2 v 10
  -- turn 10
    p1: move r1 west; move r2 west
    p2: holds
    after turn 10: in play 2 v 10
  -- turn 11
    p1: move r1 west; move r2 west
    p2: holds
    after turn 11: in play 2 v 10
  -- turn 12
    p1: move r1 west; move r2 west
    p2: holds
    after turn 12: in play 2 v 10
  -- turn 13
    p1: move r1 south; move r2 south
    p2: holds
    after turn 13: in play 2 v 10
  -- turn 14
    p1: move r1 east; move r2 east
    p2: holds
    after turn 14: in play 2 v 10
  -- turn 15
    p1: move r1 east; move r2 east
    p2: holds
    after turn 15: in play 2 v 10
  -- turn 16
    p1: move r1 east; move r2 east
    p2: holds
    after turn 16: in play 2 v 10
  -- turn 17
    p1: move r1 east; move r2 east
    p2: holds
    after turn 17: in play 2 v 10
  -- turn 18
    p1: move r1 south; move r2 south
    p2: holds
    after turn 18: in play 2 v 10
  -- turn 19
    p1: move r1 west; move r2 west
    p2: holds
    after turn 19: in play 2 v 10
  -- turn 20
    p1: move r1 west; move r2 west
    p2: holds
    after turn 20: in play 2 v 10
  -- turn 21
    p1: move r1 west; move r2 west
    p2: holds
    after turn 21: in play 2 v 10
  -- turn 22
    p1: move r1 west; move r2 west
    p2: holds
    after turn 22: in play 2 v 10
  -- turn 23
    p1: move r1 south; move r2 south
    p2: holds
    after turn 23: in play 2 v 10
  -- turn 24
    p1: move r1 east; move r2 east
    p2: holds
    after turn 24: in play 2 v 10
  -- turn 25
    p1: move r1 east; move r2 east
    p2: holds
    after turn 25: in play 2 v 8
  -- turn 26
    p1: move r1 east; move r2 east
    p2: holds
    after turn 26: in play 2 v 8
  -- turn 27
    p1: move r1 east; move r2 east
    p2: holds
    after turn 27: in play 2 v 7
  -- turn 28
    p1: move r1 south; move r2 south
    p2: holds
    after turn 28: in play 2 v 7
  -- turn 29
    p1: move r1 west; move r2 west
    p2: holds
    after turn 29: in play 2 v 6
  -- turn 30
    p1: move r1 west; move r2 west
    p2: holds
    after turn 30: in play 2 v 6
  -- turn 31
    p1: move r1 west; move r2 west
    p2: holds
    after turn 31: in play 2 v 5
  -- turn 32
    p1: move r1 west; move r2 west
    p2: holds
    after turn 32: in play 2 v 4
  -- turn 33
    p1: move r1 south; move r2 south
    p2: holds
    after turn 33: in play 2 v 3
  -- turn 34
    p1: move r2 east
    p2: holds
    after turn 34: in play 2 v 2
  -- turn 35
    p1: holds
    p2: holds
    after turn 35: in play 2 v 2
  -- turn 36
    p1: holds
    p2: holds
    after turn 36: in play 2 v 2
  -- turn 37
    p1: holds
    p2: holds
    after turn 37: in play 2 v 2
  -- turn 38
    p1: holds
    p2: holds
    after turn 38: in play 2 v 2
  -- turn 39
    p1: holds
    p2: holds
    after turn 39: in play 2 v 2
  -- turn 40
    p1: holds
    p2: holds
    after turn 40: in play 2 v 2
  -- turn 41
    p1: holds
    p2: holds
    after turn 41: in play 2 v 2
  -- turn 42
    p1: holds
    p2: holds
    after turn 42: in play 2 v 2
  -- turn 43
    p1: holds
    p2: holds
    after turn 43: in play 2 v 2
  -- turn 44
    p1: holds
    p2: holds
    after turn 44: in play 2 v 2
  -- turn 45
    p1: holds
    p2: holds
    after turn 45: in play 2 v 2
  -- turn 46
    p1: holds
    p2: holds
    after turn 46: in play 2 v 2
  -- turn 47
    p1: holds
    p2: holds
    after turn 47: in play 2 v 2
  -- turn 48
    p1: holds
    p2: holds
    after turn 48: in play 2 v 2
  -- turn 49
    p1: holds
    p2: holds
    after turn 49: in play 2 v 2
  -- turn 50
    p1: holds
    p2: holds
    after turn 50: in play 2 v 2
  -- turn 51
    p1: holds
    p2: holds
    after turn 51: in play 2 v 2
  -- turn 52
    p1: holds
    p2: holds
    after turn 52: in play 2 v 2
  -- turn 53
    p1: holds
    p2: holds
    after turn 53: in play 2 v 2
  -- turn 54
    p1: holds
    p2: holds
    after turn 54: in play 2 v 2
  -- turn 55
    p1: holds
    p2: holds
    after turn 55: in play 2 v 2
  -- turn 56
    p1: holds
    p2: holds
    after turn 56: in play 2 v 2
  -- turn 57
    p1: holds
    p2: holds
    after turn 57: in play 2 v 2
  -- turn 58
    p1: holds
    p2: holds
    after turn 58: in play 2 v 2
  -- turn 59
    p1: holds
    p2: holds
    after turn 59: in play 2 v 2
  -- turn 60
    p1: holds
    p2: holds
    after turn 60: in play 2 v 2
  -- turn 61
    p1: holds
    p2: holds
    after turn 61: in play 2 v 2
  -- turn 62
    p1: holds
    p2: holds
    after turn 62: in play 2 v 2
  -- turn 63
    p1: holds
    p2: holds
    after turn 63: in play 2 v 2
  -- turn 64
    p1: holds
    p2: holds
    after turn 64: in play 2 v 2
  -- turn 65
    p1: holds
    p2: holds
    after turn 65: in play 2 v 2
  -- turn 66
    p1: holds
    p2: holds
    after turn 66: in play 2 v 2
  -- turn 67
    p1: holds
    p2: holds
    after turn 67: in play 2 v 2
  -- turn 68
    p1: holds
    p2: holds
    after turn 68: in play 2 v 2
  -- turn 69
    p1: holds
    p2: holds
    after turn 69: in play 2 v 2
  -- turn 70
    p1: holds
    p2: holds
    after turn 70: in play 2 v 2
  -- turn 71
    p1: holds
    p2: holds
    after turn 71: in play 2 v 2
  -- turn 72
    p1: holds
    p2: holds
    after turn 72: in play 2 v 2
  -- turn 73
    p1: holds
    p2: holds
    after turn 73: in play 2 v 2
  -- turn 74
    p1: holds
    p2: holds
    after turn 74: in play 2 v 2
  -- turn 75
    p1: holds
    p2: holds
    after turn 75: in play 2 v 2
  -- turn 76
    p1: holds
    p2: holds
    after turn 76: in play 2 v 2
  -- turn 77
    p1: holds
    p2: holds
    after turn 77: in play 2 v 2
  -- turn 78
    p1: holds
    p2: holds
    after turn 78: in play 2 v 2
  -- turn 79
    p1: holds
    p2: holds
    after turn 79: in play 2 v 2
  -- turn 80
    p1: holds
    p2: holds
    after turn 80: in play 2 v 2
  -- turn 81
    p1: holds
    p2: holds
    after turn 81: in play 2 v 2
  -- turn 82
    p1: holds
    p2: holds
    after turn 82: in play 2 v 2
  -- turn 83
    p1: holds
    p2: holds
    after turn 83: in play 2 v 2
  -- turn 84
    p1: holds
    p2: holds
    after turn 84: in play 2 v 2
  -- turn 85
    p1: holds
    p2: holds
    after turn 85: in play 2 v 2
  -- turn 86
    p1: holds
    p2: holds
    after turn 86: in play 2 v 2
  -- turn 87
    p1: holds
    p2: holds
    after turn 87: in play 2 v 2
  -- turn 88
    p1: holds
    p2: holds
    after turn 88: in play 2 v 2
  -- turn 89
    p1: holds
    p2: holds
    after turn 89: in play 2 v 2
  -- turn 90
    p1: holds
    p2: holds
    after turn 90: in play 2 v 2
  -- turn 91
    p1: holds
    p2: holds
    after turn 91: in play 2 v 2
  -- turn 92
    p1: holds
    p2: holds
    after turn 92: in play 2 v 2
  -- turn 93
    p1: holds
    p2: holds
    after turn 93: in play 2 v 2
  -- turn 94
    p1: holds
    p2: holds
    after turn 94: in play 2 v 2
  -- turn 95
    p1: holds
    p2: holds
    after turn 95: in play 2 v 2
  -- turn 96
    p1: holds
    p2: holds
    after turn 96: in play 2 v 2
  -- turn 97
    p1: holds
    p2: holds
    after turn 97: in play 2 v 2
  -- turn 98
    p1: holds
    p2: holds
    after turn 98: in play 2 v 2
  -- turn 99
    p1: holds
    p2: holds
    after turn 99: in play 2 v 2
  -- turn 100
    p1: holds
    p2: holds
    after turn 100: in play 2 v 2
  -- turn 101
    p1: holds
    p2: holds
    after turn 101: in play 2 v 2
  -- turn 102
    p1: holds
    p2: holds
    after turn 102: in play 2 v 2
  -- turn 103
    p1: holds
    p2: holds
    after turn 103: in play 2 v 2
  -- turn 104
    p1: holds
    p2: holds
    after turn 104: in play 2 v 2
  -- turn 105
    p1: holds
    p2: holds
    after turn 105: in play 2 v 2
  -- turn 106
    p1: holds
    p2: holds
    after turn 106: in play 2 v 2
  -- turn 107
    p1: holds
    p2: holds
    after turn 107: in play 2 v 2
  -- turn 108
    p1: holds
    p2: holds
    after turn 108: in play 2 v 2
  -- turn 109
    p1: holds
    p2: holds
    after turn 109: in play 2 v 2
  -- turn 110
    p1: holds
    p2: holds
    after turn 110: in play 2 v 2
  -- turn 111
    p1: holds
    p2: holds
    after turn 111: in play 2 v 2
  -- turn 112
    p1: holds
    p2: holds
    after turn 112: in play 2 v 2
  -- turn 113
    p1: holds
    p2: holds
    after turn 113: in play 2 v 2
  -- turn 114
    p1: holds
    p2: holds
    after turn 114: in play 2 v 2
  -- turn 115
    p1: holds
    p2: holds
    after turn 115: in play 2 v 2
  -- turn 116
    p1: holds
    p2: holds
    after turn 116: in play 2 v 2
  -- turn 117
    p1: holds
    p2: holds
    after turn 117: in play 2 v 2
  -- turn 118
    p1: holds
    p2: holds
    after turn 118: in play 2 v 2
  -- turn 119
    p1: holds
    p2: holds
    after turn 119: in play 2 v 2
  -- turn 120
    p1: holds
    p2: holds
    after turn 120: in play 2 v 2
  -- turn 121
    p1: holds
    p2: holds
    after turn 121: in play 2 v 2
  -- turn 122
    p1: holds
    p2: holds
    after turn 122: in play 2 v 2
  -- turn 123
    p1: holds
    p2: holds
    after turn 123: in play 2 v 2
  -- turn 124
    p1: holds
    p2: holds
    after turn 124: in play 2 v 2
  -- turn 125
    p1: holds
    p2: holds
    after turn 125: in play 2 v 2
  -- turn 126
    p1: holds
    p2: holds
    after turn 126: in play 2 v 2
  -- turn 127
    p1: holds
    p2: holds
    after turn 127: in play 2 v 2
  -- turn 128
    p1: holds
    p2: holds
    after turn 128: in play 2 v 2
  -- turn 129
    p1: holds
    p2: holds
    after turn 129: in play 2 v 2
  -- turn 130
    p1: holds
    p2: holds
    after turn 130: in play 2 v 2
  -- turn 131
    p1: holds
    p2: holds
    after turn 131: in play 2 v 2
  -- turn 132
    p1: holds
    p2: holds
    after turn 132: in play 2 v 2
  -- turn 133
    p1: holds
    p2: holds
    after turn 133: in play 2 v 2
  -- turn 134
    p1: holds
    p2: holds
    after turn 134: in play 2 v 2
  -- turn 135
    p1: holds
    p2: holds
    after turn 135: in play 2 v 2
  -- turn 136
    p1: holds
    p2: holds
    after turn 136: in play 2 v 2
  -- turn 137
    p1: holds
    p2: holds
    after turn 137: in play 2 v 2
  -- turn 138
    p1: holds
    p2: holds
    after turn 138: in play 2 v 2
  -- turn 139
    p1: holds
    p2: holds
    after turn 139: in play 2 v 2
  -- turn 140
    p1: holds
    p2: holds
    after turn 140: in play 2 v 2
+-+-+-+-+-+-+-+-+-+-+
|#|#|#|#|#|#|#|#|#|#|
+-+-+-+-+-+-+-+-+-+-+
|#|#|#|#|#|#|#|#|#|#|
+-+-+-+-+-+-+-+-+-+-+
|#|#|#|#|#|#|#|#|#|#|
+-+-+-+-+-+-+-+-+-+-+
|#|#|#|#|#|#|#|#|#|#|
+-+-+-+-+-+-+-+-+-+-+
|#|#|#|#|#|#|#|#|#|#|
+-+-+-+-+-+-+-+-+-+-+
|#|#|#|#|#|#|#|#|#|#|
+-+-+-+-+-+-+-+-+-+-+
|#|#|#|#|#|#|#|#|#|#|
+-+-+-+-+-+-+-+-+-+-+
|#|#|#|#|#|#|#|#|#|#|
+-+-+-+-+-+-+-+-+-+-+
|#|#|#|#|#|#|#|#|#|#|
+-+-+-+-+-+-+-+-+-+-+
|R|#|#|F|#|#|R|#|#|F|
+-+-+-+-+-+-+-+-+-+-+
SYMBOL  PLAYER  TYPE
F            2  F
R            1  R
  undecided after 140 turns
  final units:
    p1 r1   R   a10 h6 (0,9) hp 6 en 8
    p1 r2   R   a10 h6 (6,9) hp 6 en 7
    p2 f1   F   a1 h0 destroyed
    p2 f2   F   a1 h10 (3,9) hp 10 en 10
    p2 f3   F   a1 h0 destroyed
    p2 f4   F   a1 h10 (9,9) hp 10 en 10
    p2 f5   F   a1 h0 destroyed
    p2 f6   F   a1 h0 destroyed
    p2 f7   F   a1 h0 destroyed
    p2 f8   F   a1 h0 destroyed
    p2 f9   F   a1 h0 destroyed
    p2 t1   T   a1 h-5 destroyed
