=== game 3: p1 Mixed vs p2 Turtle
  p1 Mixed: scout (a1 h1 e30) + assassin (a10 h1 e21) + tank (a1 h10 e20)
  p2 Turtle: 4 x (a1 h10 e10) + 1 x (a1 h10 e5), dispersed, never move
  p1 deploys: add type C C 1 1 30; add unit C c1 0 0; add type A A 10 1 21; add unit A a1 0 2; add type G G 1 10 20; add unit G g1 0 4
  p2 deploys: add type F F 1 10 10; add unit F f1 0 9; add unit F f2 9 0; add unit F f3 0 4; add unit F f4 9 5; add type T T 1 10 5; add unit T t1 4 9
    p1: 1 order(s) rejected last turn:
    p1: - g1 at (0,4): two units were deployed at (0, 4), so both were refused
    p2: 1 order(s) rejected last turn:
    p2: - f3 at (0,4): two units were deployed at (0, 4), so both were refused
    after turn 1: standing 2 v 4
  -- turn 2
    p1: move c1 east
    p2: holds
    after turn 2: standing 2 v 4
  -- turn 3
    p1: move c1 east
    p2: holds
    after turn 3: standing 2 v 4
  -- turn 4
    p1: move c1 east
    p2: holds
    after turn 4: standing 2 v 4
  -- turn 5
    p1: move c1 east
    p2: holds
    after turn 5: standing 2 v 4
  -- turn 6
    p1: move c1 east
    p2: holds
    after turn 6: standing 2 v 4
  -- turn 7
    p1: move c1 east
    p2: holds
    after turn 7: standing 2 v 4
  -- turn 8
    p1: move c1 east
    p2: holds
    after turn 8: standing 2 v 4
  -- turn 9
    p1: move c1 east
    p2: holds
    after turn 9: standing 2 v 4
  -- turn 10
    p1: move c1 east
    p2: holds
    after turn 10: standing 1 v 4
  -- turn 11
    p1: holds
    p2: holds
    after turn 11: standing 1 v 4
  -- turn 12
    p1: holds
    p2: holds
    after turn 12: standing 1 v 4
  -- turn 13
    p1: holds
    p2: holds
    after turn 13: standing 1 v 4
  -- turn 14
    p1: holds
    p2: holds
    after turn 14: standing 1 v 4
  -- turn 15
    p1: holds
    p2: holds
    after turn 15: standing 1 v 4
  -- turn 16
    p1: holds
    p2: holds
    after turn 16: standing 1 v 4
  -- turn 17
    p1: holds
    p2: holds
    after turn 17: standing 1 v 4
  -- turn 18
    p1: holds
    p2: holds
    after turn 18: standing 1 v 4
  -- turn 19
    p1: holds
    p2: holds
    after turn 19: standing 1 v 4
  -- turn 20
    p1: holds
    p2: holds
    after turn 20: standing 1 v 4
  -- turn 21
    p1: holds
    p2: holds
    after turn 21: standing 1 v 4
  -- turn 22
    p1: holds
    p2: holds
    after turn 22: standing 1 v 4
  -- turn 23
    p1: holds
    p2: holds
    after turn 23: standing 1 v 4
  -- turn 24
    p1: holds
    p2: holds
    after turn 24: standing 1 v 4
  -- turn 25
    p1: holds
    p2: holds
    after turn 25: standing 1 v 4
  -- turn 26
    p1: holds
    p2: holds
    after turn 26: standing 1 v 4
  -- turn 27
    p1: holds
    p2: holds
    after turn 27: standing 1 v 4
  -- turn 28
    p1: holds
    p2: holds
    after turn 28: standing 1 v 4
  -- turn 29
    p1: holds
    p2: holds
    after turn 29: standing 1 v 4
  -- turn 30
    p1: holds
    p2: holds
    after turn 30: standing 1 v 4
  -- turn 31
    p1: holds
    p2: holds
    after turn 31: standing 1 v 4
  -- turn 32
    p1: holds
    p2: holds
    after turn 32: standing 1 v 4
  -- turn 33
    p1: holds
    p2: holds
    after turn 33: standing 1 v 4
  -- turn 34
    p1: holds
    p2: holds
    after turn 34: standing 1 v 4
  -- turn 35
    p1: holds
    p2: holds
    after turn 35: standing 1 v 4
  -- turn 36
    p1: holds
    p2: holds
    after turn 36: standing 1 v 4
  -- turn 37
    p1: holds
    p2: holds
    after turn 37: standing 1 v 4
  -- turn 38
    p1: holds
    p2: holds
    after turn 38: standing 1 v 4
  -- turn 39
    p1: holds
    p2: holds
    after turn 39: standing 1 v 4
  -- turn 40
    p1: holds
    p2: holds
    after turn 40: standing 1 v 4
  -- turn 41
    p1: holds
    p2: holds
    after turn 41: standing 1 v 4
  -- turn 42
    p1: holds
    p2: holds
    after turn 42: standing 1 v 4
  -- turn 43
    p1: holds
    p2: holds
    after turn 43: standing 1 v 4
  -- turn 44
    p1: holds
    p2: holds
    after turn 44: standing 1 v 4
  -- turn 45
    p1: holds
    p2: holds
    after turn 45: standing 1 v 4
  -- turn 46
    p1: holds
    p2: holds
    after turn 46: standing 1 v 4
  -- turn 47
    p1: holds
    p2: holds
    after turn 47: standing 1 v 4
  -- turn 48
    p1: holds
    p2: holds
    after turn 48: standing 1 v 4
  -- turn 49
    p1: holds
    p2: holds
    after turn 49: standing 1 v 4
  -- turn 50
    p1: holds
    p2: holds
    after turn 50: standing 1 v 4
  -- turn 51
    p1: holds
    p2: holds
    after turn 51: standing 1 v 4
  -- turn 52
    p1: holds
    p2: holds
    after turn 52: standing 1 v 4
  -- turn 53
    p1: holds
    p2: holds
    after turn 53: standing 1 v 4
  -- turn 54
    p1: holds
    p2: holds
    after turn 54: standing 1 v 4
  -- turn 55
    p1: holds
    p2: holds
    after turn 55: standing 1 v 4
  -- turn 56
    p1: holds
    p2: holds
    after turn 56: standing 1 v 4
  -- turn 57
    p1: holds
    p2: holds
    after turn 57: standing 1 v 4
  -- turn 58
    p1: holds
    p2: holds
    after turn 58: standing 1 v 4
  -- turn 59
    p1: holds
    p2: holds
    after turn 59: standing 1 v 4
  -- turn 60
    p1: holds
    p2: holds
    after turn 60: standing 1 v 4
+-+-+-+-+-+-+-+-+-+-+
|#|#|#|#|#|#|#|#|#|F|
+-+-+-+-+-+-+-+-+-+-+
|#|#|#|#|#|#|#|#|#|#|
+-+-+-+-+-+-+-+-+-+-+
|A|#|#|#|#|#|#|#|#|#|
+-+-+-+-+-+-+-+-+-+-+
|#|#|#|#|#|#|#|#|#|#|
+-+-+-+-+-+-+-+-+-+-+
|#|#|#|#|#|#|#|#|#|#|
+-+-+-+-+-+-+-+-+-+-+
|#|#|#|#|#|#|#|#|#|F|
+-+-+-+-+-+-+-+-+-+-+
|#|#|#|#|#|#|#|#|#|#|
+-+-+-+-+-+-+-+-+-+-+
|#|#|#|#|#|#|#|#|#|#|
+-+-+-+-+-+-+-+-+-+-+
|#|#|#|#|#|#|#|#|#|#|
+-+-+-+-+-+-+-+-+-+-+
|F|#|#|#|T|#|#|#|#|#|
+-+-+-+-+-+-+-+-+-+-+
SYMBOL  PLAYER  TYPE
A            1  A
F            2  F
T            2  T
  undecided after 60 turns
  final units:
    p1 a1   A   a10 h1 (0,2) hp 1 en 21
    p1 c1   C   a1 h0 destroyed
    p2 f1   F   a1 h10 (0,9) hp 10 en 10
    p2 f2   F   a1 h9 (9,0) hp 9 en 9
    p2 f4   F   a1 h10 (9,5) hp 10 en 10
    p2 t1   T   a1 h10 (4,9) hp 10 en 5
