=== game 176: p1 Bulwark vs p2 Swarm
  board 10x10, budget p1: 200 / p2: 200, deployment split: p1 in rows 0-4, p2 in rows 5-9
  p1 Bulwark: 10 x wall (a0 h10 e0) across the frontier + 2 x (a2 h10 e28)
  p2 Swarm: 18 x (a1 h1 e9), two ranks abreast, sweep across the frontier
  p1 deploys: add type W W 0 10 0; add unit W w1 0 4; add unit W w2 1 4; add unit W w3 2 4; add unit W w4 3 4; add unit W w5 4 4; add unit W w6 5 4; add unit W w7 6 4; add unit W w8 7 4; add unit W w9 8 4; add unit W w10 9 4; add type K K 2 10 28; add unit K k1 3 2; add unit K k2 6 2; add type S s 1 1 18; add unit S s1 0 0
  p2 deploys: add type S s 1 1 9; add unit S s1 0 5; add unit S s2 1 5; add unit S s3 2 5; add unit S s4 3 5; add unit S s5 4 5; add unit S s6 5 5; add unit S s7 6 5; add unit S s8 7 5; add unit S s9 8 5; add unit S s10 0 6; add unit S s11 1 6; add unit S s12 2 6; add unit S s13 3 6; add unit S s14 4 6; add unit S s15 5 6; add unit S s16 6 6; add unit S s17 7 6; add unit S s18 8 6
    after turn 1: in play 3 v 18  (walls: 10 v 0)
  -- turn 2
    p1: holds
    p2: move s1 north; move s10 north; move s11 north; move s12 north; move s13 north; move s14 north; move s15 north; move s16 north; move s17 north; move s18 north; move s2 north; move s3 north; move s4 north; move s5 north; move s6 north; move s7 north; move s8 north; move s9 north
    p1: 10 order(s) rejected last turn:
    p1: - s1 at (0,0): the contest at (0, 4) was undecided
    p1: - w1 at (0,4): the contest at (0, 4) was undecided
    p1: - w2 at (1,4): the contest at (1, 4) was undecided
    p1: - w3 at (2,4): the contest at (2, 4) was undecided
    p1: - w4 at (3,4): the contest at (3, 4) was undecided
    p1: - w5 at (4,4): the contest at (4, 4) was undecided
    p1: - w6 at (5,4): the contest at (5, 4) was undecided
    p1: - w7 at (6,4): the contest at (6, 4) was undecided
    p1: - w8 at (7,4): the contest at (7, 4) was undecided
    p1: - w9 at (8,4): the contest at (8, 4) was undecided
    p2: 8 order(s) rejected last turn:
    p2: - s2 at (1,4): the contest at (1, 4) was undecided
    p2: - s3 at (2,4): the contest at (2, 4) was undecided
    p2: - s4 at (3,4): the contest at (3, 4) was undecided
    p2: - s5 at (4,4): the contest at (4, 4) was undecided
    p2: - s6 at (5,4): the contest at (5, 4) was undecided
    p2: - s7 at (6,4): the contest at (6, 4) was undecided
    p2: - s8 at (7,4): the contest at (7, 4) was undecided
    p2: - s9 at (8,4): the contest at (8, 4) was undecided
    after turn 2: in play 3 v 18  (walls: 10 v 0)
  -- turn 3
    p1: move k1 south; move k2 south; move s1 south
    p2: holds
    p1: 10 order(s) rejected last turn:
    p1: - s1 at (0,1): the contest at (0, 4) was undecided
    p1: - w1 at (0,4): the contest at (0, 4) was undecided
    p1: - w2 at (1,4): the contest at (1, 4) was undecided
    p1: - w3 at (2,4): the contest at (2, 4) was undecided
    p1: - w4 at (3,4): the contest at (3, 4) was undecided
    p1: - w5 at (4,4): the contest at (4, 4) was undecided
    p1: - w6 at (5,4): the contest at (5, 4) was undecided
    p1: - w7 at (6,4): the contest at (6, 4) was undecided
    p1: - w8 at (7,4): the contest at (7, 4) was undecided
    p1: - w9 at (8,4): the contest at (8, 4) was undecided
    p2: 8 order(s) rejected last turn:
    p2: - s2 at (1,4): the contest at (1, 4) was undecided
    p2: - s3 at (2,4): the contest at (2, 4) was undecided
    p2: - s4 at (3,4): the contest at (3, 4) was undecided
    p2: - s5 at (4,4): the contest at (4, 4) was undecided
    p2: - s6 at (5,4): the contest at (5, 4) was undecided
    p2: - s7 at (6,4): the contest at (6, 4) was undecided
    p2: - s8 at (7,4): the contest at (7, 4) was undecided
    p2: - s9 at (8,4): the contest at (8, 4) was undecided
    after turn 3: in play 3 v 18  (walls: 10 v 0)
  -- turn 4
    p1: move s1 south
    p2: holds
    p1: 10 order(s) rejected last turn:
    p1: - s1 at (0,2): the contest at (0, 4) was undecided
    p1: - w1 at (0,4): the contest at (0, 4) was undecided
    p1: - w2 at (1,4): the contest at (1, 4) was undecided
    p1: - w3 at (2,4): the contest at (2, 4) was undecided
    p1: - w4 at (3,4): the contest at (3, 4) was undecided
    p1: - w5 at (4,4): the contest at (4, 4) was undecided
    p1: - w6 at (5,4): the contest at (5, 4) was undecided
    p1: - w7 at (6,4): the contest at (6, 4) was undecided
    p1: - w8 at (7,4): the contest at (7, 4) was undecided
    p1: - w9 at (8,4): the contest at (8, 4) was undecided
    p2: 8 order(s) rejected last turn:
    p2: - s2 at (1,4): the contest at (1, 4) was undecided
    p2: - s3 at (2,4): the contest at (2, 4) was undecided
    p2: - s4 at (3,4): the contest at (3, 4) was undecided
    p2: - s5 at (4,4): the contest at (4, 4) was undecided
    p2: - s6 at (5,4): the contest at (5, 4) was undecided
    p2: - s7 at (6,4): the contest at (6, 4) was undecided
    p2: - s8 at (7,4): the contest at (7, 4) was undecided
    p2: - s9 at (8,4): the contest at (8, 4) was undecided
    after turn 4: in play 3 v 18  (walls: 10 v 0)
  -- turn 5
    p1: move s1 south
    p2: holds
    p1: 10 order(s) rejected last turn:
    p1: - s1 at (0,3): the contest at (0, 4) was undecided
    p1: - w1 at (0,4): the contest at (0, 4) was undecided
    p1: - w2 at (1,4): the contest at (1, 4) was undecided
    p1: - w3 at (2,4): the contest at (2, 4) was undecided
    p1: - w4 at (3,4): the contest at (3, 4) was undecided
    p1: - w5 at (4,4): the contest at (4, 4) was undecided
    p1: - w6 at (5,4): the contest at (5, 4) was undecided
    p1: - w7 at (6,4): the contest at (6, 4) was undecided
    p1: - w8 at (7,4): the contest at (7, 4) was undecided
    p1: - w9 at (8,4): the contest at (8, 4) was undecided
    p2: 8 order(s) rejected last turn:
    p2: - s2 at (1,4): the contest at (1, 4) was undecided
    p2: - s3 at (2,4): the contest at (2, 4) was undecided
    p2: - s4 at (3,4): the contest at (3, 4) was undecided
    p2: - s5 at (4,4): the contest at (4, 4) was undecided
    p2: - s6 at (5,4): the contest at (5, 4) was undecided
    p2: - s7 at (6,4): the contest at (6, 4) was undecided
    p2: - s8 at (7,4): the contest at (7, 4) was undecided
    p2: - s9 at (8,4): the contest at (8, 4) was undecided
    after turn 5: in play 3 v 18  (walls: 10 v 0)
  -- turn 6
    p1: holds
    p2: holds
    after turn 6: in play 3 v 18  (walls: 1 v 0)
  -- turn 7
    p1: move k1 south; move k2 south; move s1 south
    p2: holds
    after turn 7: in play 3 v 15  (walls: 1 v 0)
  -- turn 8
    p1: holds
    p2: move s10 north; move s11 west; move s12 east; move s13 north; move s15 east; move s16 north; move s18 west
    after turn 8: in play 2 v 10  (walls: 1 v 0)
  -- turn 9
    p1: holds
    p2: move s11 east; move s12 north; move s14 west; move s15 north; move s2 east; move s3 north; move s5 north; move s6 north; move s8 north; move s9 west
    after turn 9: in play 2 v 8  (walls: 1 v 0)
  -- turn 10
    p1: holds
    p2: move s11 east; move s14 north
    after turn 10: in play 2 v 7  (walls: 1 v 0)
  -- turn 11
    p1: holds
    p2: move s11 east; move s2 east; move s3 east; move s5 south; move s6 west; move s8 north; move s9 east
    after turn 11: in play 2 v 6  (walls: 1 v 0)
  -- turn 12
    p1: holds
    p2: move s11 north
    p1: 1 order(s) rejected last turn:
    p1: - k1 at (3,4): the contest at (3, 4) was undecided
    p2: 1 order(s) rejected last turn:
    p2: - s11 at (3,5): the contest at (3, 4) was undecided
    after turn 12: in play 2 v 6  (walls: 1 v 0)
  -- turn 13
    p1: holds
    p2: move s3 south; move s5 north; move s6 west; move s8 north; move s9 north
    after turn 13: in play 2 v 5  (walls: 1 v 0)
  -- turn 14
    p1: holds
    p2: holds
    after turn 14: in play 2 v 5  (walls: 1 v 0)
  -- turn 15
    p1: holds
    p2: move s11 west; move s5 north; move s6 east; move s8 north; move s9 north
    after turn 15: in play 2 v 5  (walls: 1 v 0)
  -- turn 16
    p1: holds
    p2: holds
    after turn 16: in play 2 v 5  (walls: 1 v 0)
  -- turn 17
    p1: holds
    p2: move s11 west; move s5 north; move s6 east; move s8 south; move s9 north
    after turn 17: in play 2 v 5  (walls: 1 v 0)
  -- turn 18
    p1: holds
    p2: holds
    after turn 18: in play 2 v 5  (walls: 1 v 0)
  -- turn 19
    p1: holds
    p2: move s11 north; move s5 north; move s6 north; move s8 south; move s9 north
    after turn 19: in play 2 v 5  (walls: 1 v 0)
  -- turn 20
    p1: holds
    p2: holds
    after turn 20: in play 2 v 5  (walls: 1 v 0)
  -- turn 21
    p1: holds
    p2: move s11 north; move s5 south; move s6 north; move s8 south; move s9 south
    after turn 21: in play 2 v 5  (walls: 1 v 0)
  -- turn 22
    p1: holds
    p2: holds
    after turn 22: in play 2 v 5  (walls: 1 v 0)
  -- turn 23
    p1: holds
    p2: move s11 north; move s5 south; move s6 north; move s8 south; move s9 south
    after turn 23: in play 2 v 5  (walls: 1 v 0)
  -- turn 24
    p1: holds
    p2: holds
    after turn 24: in play 2 v 5  (walls: 1 v 0)
  -- turn 25
    p1: holds
    p2: move s11 north; move s5 south; move s6 south; move s8 south; move s9 south
    after turn 25: in play 2 v 5  (walls: 1 v 0)
  -- turn 26
    p1: holds
    p2: holds
    after turn 26: in play 2 v 5  (walls: 1 v 0)
  -- turn 27
    p1: holds
    p2: move s11 north; move s5 south; move s6 south; move s8 south; move s9 south
    after turn 27: in play 2 v 5  (walls: 1 v 0)
  -- turn 28
    p1: holds
    p2: holds
    after turn 28: in play 2 v 5  (walls: 1 v 0)
  -- turn 29
    p1: holds
    p2: move s11 south; move s5 south; move s6 south; move s8 south; move s9 south
    after turn 29: in play 2 v 5  (walls: 1 v 0)
  -- turn 30
    p1: holds
    p2: holds
    after turn 30: in play 2 v 5  (walls: 1 v 0)
  -- turn 31
    p1: holds
    p2: move s11 south; move s5 south; move s6 south; move s8 south; move s9 south
    after turn 31: in play 2 v 5  (walls: 1 v 0)
  -- turn 32
    p1: holds
    p2: holds
    after turn 32: in play 2 v 5  (walls: 1 v 0)
  -- turn 33
    p1: holds
    p2: move s11 south; move s5 south; move s6 south; move s8 south; move s9 south
    after turn 33: in play 2 v 5  (walls: 1 v 0)
  -- turn 34
    p1: holds
    p2: holds
    after turn 34: in play 2 v 5  (walls: 1 v 0)
  -- turn 35
    p1: holds
    p2: move s11 south; move s5 south; move s6 south; move s8 north; move s9 south
    after turn 35: in play 2 v 5  (walls: 1 v 0)
  -- turn 36
    p1: holds
    p2: holds
    after turn 36: in play 2 v 5  (walls: 1 v 0)
  -- turn 37
    p1: holds
    p2: move s11 south; move s5 south; move s6 south; move s8 north; move s9 south
    after turn 37: in play 2 v 5  (walls: 1 v 0)
  -- turn 38
    p1: holds
    p2: holds
    after turn 38: in play 2 v 5  (walls: 1 v 0)
  -- turn 39
    p1: holds
    p2: move s11 south; move s5 north; move s6 south; move s8 north; move s9 north
    after turn 39: in play 2 v 5  (walls: 1 v 0)
  -- turn 40
    p1: holds
    p2: holds
    after turn 40: in play 2 v 5  (walls: 1 v 0)
  -- turn 41
    p1: holds
    p2: move s11 south; move s5 north; move s6 south; move s8 north; move s9 north
    after turn 41: in play 2 v 5  (walls: 1 v 0)
  -- turn 42
    p1: holds
    p2: holds
    after turn 42: in play 2 v 5  (walls: 1 v 0)
  -- turn 43
    p1: holds
    p2: move s11 south; move s5 north; move s6 north; move s8 north; move s9 north
    after turn 43: in play 2 v 5  (walls: 1 v 0)
  -- turn 44
    p1: holds
    p2: holds
    after turn 44: in play 2 v 5  (walls: 1 v 0)
  -- turn 45
    p1: holds
    p2: move s11 south; move s5 north; move s6 north; move s8 north; move s9 north
    after turn 45: in play 2 v 5  (walls: 1 v 0)
  -- turn 46
    p1: holds
    p2: holds
    after turn 46: in play 2 v 5  (walls: 1 v 0)
  -- turn 47
    p1: holds
    p2: move s11 north; move s5 north; move s6 north; move s8 north; move s9 north
    after turn 47: in play 2 v 5  (walls: 1 v 0)
  -- turn 48
    p1: holds
    p2: holds
    after turn 48: in play 2 v 5  (walls: 1 v 0)
  -- turn 49
    p1: holds
    p2: move s11 north; move s5 north; move s6 north; move s8 north; move s9 north
    after turn 49: in play 2 v 5  (walls: 1 v 0)
  -- turn 50
    p1: holds
    p2: holds
    after turn 50: in play 2 v 5  (walls: 1 v 0)
  -- turn 51
    p1: holds
    p2: move s11 north; move s5 north; move s6 north; move s8 north; move s9 north
    after turn 51: in play 2 v 5  (walls: 1 v 0)
  -- turn 52
    p1: holds
    p2: holds
    after turn 52: in play 2 v 5  (walls: 1 v 0)
  -- turn 53
    p1: holds
    p2: move s11 north; move s5 north; move s6 north; move s8 south; move s9 north
    after turn 53: in play 2 v 5  (walls: 1 v 0)
  -- turn 54
    p1: holds
    p2: holds
    after turn 54: in play 2 v 5  (walls: 1 v 0)
  -- turn 55
    p1: holds
    p2: move s11 north; move s5 north; move s6 north; move s8 south; move s9 north
    after turn 55: in play 2 v 5  (walls: 1 v 0)
  -- turn 56
    p1: holds
    p2: holds
    after turn 56: in play 2 v 5  (walls: 1 v 0)
  -- turn 57
    p1: holds
    p2: move s11 north; move s5 south; move s6 north; move s8 south; move s9 south
    after turn 57: in play 2 v 5  (walls: 1 v 0)
  -- turn 58
    p1: holds
    p2: holds
    after turn 58: in play 2 v 5  (walls: 1 v 0)
  -- turn 59
    p1: holds
    p2: move s11 north; move s5 south; move s6 north; move s8 south; move s9 south
    after turn 59: in play 2 v 5  (walls: 1 v 0)
  -- turn 60
    p1: holds
    p2: holds
    after turn 60: in play 2 v 5  (walls: 1 v 0)
+-+-+-+-+-+-+-+-+-+-+
|#|#|#|#|#|s|#|#|#|#|
+-+-+-+-+-+-+-+-+-+-+
|#|#|#|#|#|#|#|#|#|#|
+-+-+-+-+-+-+-+-+-+-+
|#|s|#|#|s|#|#|#|s|#|
+-+-+-+-+-+-+-+-+-+-+
|#|#|#|#|#|#|#|#|#|#|
+-+-+-+-+-+-+-+-+-+-+
|#|#|#|K|#|#|K|s|#|W|
+-+-+-+-+-+-+-+-+-+-+
|#|#|#|#|#|#|#|#|#|#|
+-+-+-+-+-+-+-+-+-+-+
|#|#|#|#|#|#|#|#|#|#|
+-+-+-+-+-+-+-+-+-+-+
|#|#|#|#|#|#|#|#|#|#|
+-+-+-+-+-+-+-+-+-+-+
|#|#|#|#|#|#|#|#|#|#|
+-+-+-+-+-+-+-+-+-+-+
|#|#|#|#|#|#|#|#|#|#|
+-+-+-+-+-+-+-+-+-+-+
SYMBOL  PLAYER  TYPE
K            1  K
W            1  W
s            2  S
  undecided after 60 turns
  final units:
    p1 k1   K   a2 h1 (3,4) hp 1 en 28
    p1 k2   K   a2 h8 (6,4) hp 8 en 28
    p1 s1   S   a1 h0 destroyed
    p1 w1   W   a0 h0 destroyed
    p1 w10  W   a0 h10 (9,4) hp 10 en 0
    p1 w2   W   a0 h0 destroyed
    p1 w3   W   a0 h0 destroyed
    p1 w4   W   a0 h0 destroyed
    p1 w5   W   a0 h0 destroyed
    p1 w6   W   a0 h0 destroyed
    p1 w7   W   a0 h0 destroyed
    p1 w8   W   a0 h0 destroyed
    p1 w9   W   a0 h0 destroyed
    p2 s1   S   a1 h0 destroyed
    p2 s10  S   a1 h0 destroyed
    p2 s11  S   a1 h1 (1,2) hp 1 en 2
    p2 s12  S   a1 h-1 destroyed
    p2 s13  S   a1 h-1 destroyed
    p2 s14  S   a1 h-1 destroyed
    p2 s15  S   a1 h-1 destroyed
    p2 s16  S   a1 h-1 destroyed
    p2 s17  S   a1 h0 destroyed
    p2 s18  S   a1 h0 destroyed
    p2 s2   S   a1 h-1 destroyed
    p2 s3   S   a1 h-1 destroyed
    p2 s4   S   a1 h-1 destroyed
    p2 s5   S   a1 h1 (4,2) hp 1 en 2
    p2 s6   S   a1 h1 (5,0) hp 1 en 2
    p2 s7   S   a1 h-1 destroyed
    p2 s8   S   a1 h1 (7,4) hp 1 en 2
    p2 s9   S   a1 h1 (8,2) hp 1 en 2
