=== game 30: p1 Attrition vs p2 Duellist
  board 10x10, budget p1: 200 / p2: 200, deployment split: p1 in rows 0-4, p2 in rows 5-9
  p1 Attrition: 4 x (a1 h10 e30) + 2 scouts (a1 h1 e16), sweep and grind
  p2 Duellist: 4 x (a10 h10 e20) + 2 scouts (a1 h1 e18), champions hold the frontier
  p1 deploys: add type T T 1 10 30; add unit T t1 1 2; add unit T t2 4 2; add unit T t3 6 2; add unit T t4 9 2; add type S s 1 1 16; add unit S s1 0 4; add unit S s2 9 4
  p2 deploys: add type C C 10 10 20; add unit C c1 2 7; add unit C c2 4 7; add unit C c3 5 7; add unit C c4 7 7; add type S s 1 1 18; add unit S s1 0 5; add unit S s2 9 5
    after turn 1: standing 6 v 6
  -- turn 2
    p1: move s1 south; move s2 west; move t1 south; move t2 west; move t3 west; move t4 west
    p2: move c1 east; move c2 east; move c3 north; move c4 west; move s1 north; move s2 west
    after turn 2: standing 5 v 5
  -- turn 3
    p1: move s2 east; move t1 south; move t2 west; move t3 west; move t4 west
    p2: move c1 east; move c4 north; move s2 west
    after turn 3: standing 5 v 5
  -- turn 4
    p1: move s2 south; move t1 south; move t2 east; move t3 east; move t4 west
    p2: move c1 north; move s2 west
    after turn 4: standing 5 v 5
  -- turn 5
    p1: move s2 west; move t1 south; move t2 south; move t3 south; move t4 east
    p2: move s2 west
    after turn 5: standing 5 v 5
  -- turn 6
    p1: move s2 south; move t1 south; move t2 west; move t3 west; move t4 south
    p2: move s2 west
    after turn 6: standing 5 v 5
  -- turn 7
    p1: move s2 east; move t1 south; move t2 south; move t3 south; move t4 west
    p2: move s2 north
    after turn 7: standing 5 v 4
  -- turn 8
    p1: move s2 south; move t1 south; move t2 east; move t3 east; move t4 south
    p2: move c1 north; move c2 north; move c3 north; move c4 north
    after turn 8: standing 5 v 4
  -- turn 9
    p1: move s2 west; move t1 north; move t2 south; move t3 south; move t4 east
    p2: move c1 north; move c2 north; move c3 west; move c4 north
    after turn 9: standing 4 v 4
  -- turn 10
    p1: move s2 south; move t1 north; move t2 east; move t4 west
    p2: move c1 south; move c3 north; move c4 west
    after turn 10: standing 3 v 3
  -- turn 11
    p1: move s2 east; move t1 north; move t4 east
    p2: move c4 west
    after turn 11: standing 3 v 3
  -- turn 12
    p1: move s2 south; move t1 north; move t4 south
    p2: move c4 east
    after turn 12: standing 3 v 3
  -- turn 13
    p1: move s2 west; move t1 north; move t4 west
    p2: move c4 west
    after turn 13: standing 3 v 3
  -- turn 14
    p1: move s2 east; move t1 north; move t4 south
    p2: move c4 east
    after turn 14: standing 3 v 3
  -- turn 15
    p1: move s2 north; move t1 north; move t4 east
    p2: move c4 west
    after turn 15: standing 3 v 3
  -- turn 16
    p1: move s2 west; move t1 north; move t4 south
    p2: holds
    after turn 16: standing 3 v 3
  -- turn 17
    p1: move t1 north; move t4 west
    p2: holds
    after turn 17: standing 3 v 3
  -- turn 18
    p1: move t1 south; move t4 south
    p2: holds
    after turn 18: standing 3 v 3
  -- turn 19
    p1: move t1 south; move t4 east
    p2: holds
    after turn 19: standing 3 v 3
  -- turn 20
    p1: move t1 south; move t4 south
    p2: holds
    after turn 20: standing 3 v 3
  -- turn 21
    p1: move t1 south; move t4 west
    p2: holds
    after turn 21: standing 3 v 3
  -- turn 22
    p1: holds
    p2: holds
    after turn 22: standing 3 v 3
  -- turn 23
    p1: holds
    p2: holds
    after turn 23: standing 3 v 3
  -- turn 24
    p1: holds
    p2: holds
    after turn 24: standing 3 v 3
  -- turn 25
    p1: holds
    p2: holds
    after turn 25: standing 3 v 3
  -- turn 26
    p1: holds
    p2: holds
    after turn 26: standing 3 v 3
  -- turn 27
    p1: holds
    p2: holds
    after turn 27: standing 3 v 3
  -- turn 28
    p1: holds
    p2: holds
    after turn 28: standing 3 v 3
  -- turn 29
    p1: holds
    p2: holds
    after turn 29: standing 3 v 3
  -- turn 30
    p1: holds
    p2: holds
    after turn 30: standing 3 v 3
  -- turn 31
    p1: holds
    p2: holds
    after turn 31: standing 3 v 3
  -- turn 32
    p1: holds
    p2: holds
    after turn 32: standing 3 v 3
  -- turn 33
    p1: holds
    p2: holds
    after turn 33: standing 3 v 3
  -- turn 34
    p1: holds
    p2: holds
    after turn 34: standing 3 v 3
  -- turn 35
    p1: holds
    p2: holds
    after turn 35: standing 3 v 3
  -- turn 36
    p1: holds
    p2: holds
    after turn 36: standing 3 v 3
  -- turn 37
    p1: holds
    p2: holds
    after turn 37: standing 3 v 3
  -- turn 38
    p1: holds
    p2: holds
    after turn 38: standing 3 v 3
  -- turn 39
    p1: holds
    p2: holds
    after turn 39: standing 3 v 3
  -- turn 40
    p1: holds
    p2: holds
    after turn 40: standing 3 v 3
  -- turn 41
    p1: holds
    p2: holds
    after turn 41: standing 3 v 3
  -- turn 42
    p1: holds
    p2: holds
    after turn 42: standing 3 v 3
  -- turn 43
    p1: holds
    p2: holds
    after turn 43: standing 3 v 3
  -- turn 44
    p1: holds
    p2: holds
    after turn 44: standing 3 v 3
  -- turn 45
    p1: holds
    p2: holds
    after turn 45: standing 3 v 3
  -- turn 46
    p1: holds
    p2: holds
    after turn 46: standing 3 v 3
  -- turn 47
    p1: holds
    p2: holds
    after turn 47: standing 3 v 3
  -- turn 48
    p1: holds
    p2: holds
    after turn 48: standing 3 v 3
  -- turn 49
    p1: holds
    p2: holds
    after turn 49: standing 3 v 3
  -- turn 50
    p1: holds
    p2: holds
    after turn 50: standing 3 v 3
  -- turn 51
    p1: holds
    p2: holds
    after turn 51: standing 3 v 3
  -- turn 52
    p1: holds
    p2: holds
    after turn 52: standing 3 v 3
  -- turn 53
    p1: holds
    p2: holds
    after turn 53: standing 3 v 3
  -- turn 54
    p1: holds
    p2: holds
    after turn 54: standing 3 v 3
  -- turn 55
    p1: holds
    p2: holds
    after turn 55: standing 3 v 3
  -- turn 56
    p1: holds
    p2: holds
    after turn 56: standing 3 v 3
  -- turn 57
    p1: holds
    p2: holds
    after turn 57: standing 3 v 3
  -- turn 58
    p1: holds
    p2: holds
    after turn 58: standing 3 v 3
  -- turn 59
    p1: holds
    p2: holds
    after turn 59: standing 3 v 3
  -- turn 60
    p1: holds
    p2: holds
    after turn 60: standing 3 v 3
+-+-+-+-+-+-+-+-+-+-+
|#|#|#|#|#|#|#|#|#|#|
+-+-+-+-+-+-+-+-+-+-+
|#|#|#|#|#|#|#|#|#|#|
+-+-+-+-+-+-+-+-+-+-+
|#|#|#|#|#|#|#|#|#|#|
+-+-+-+-+-+-+-+-+-+-+
|#|#|#|#|#|#|#|#|#|#|
+-+-+-+-+-+-+-+-+-+-+
|#|T|#|#|C|#|#|#|#|#|
+-+-+-+-+-+-+-+-+-+-+
|#|#|#|#|C|C|#|#|#|#|
+-+-+-+-+-+-+-+-+-+-+
|#|#|#|#|#|#|#|#|#|#|
+-+-+-+-+-+-+-+-+-+-+
|#|#|#|#|#|#|#|#|#|#|
+-+-+-+-+-+-+-+-+-+-+
|#|#|#|#|#|#|#|#|s|#|
+-+-+-+-+-+-+-+-+-+-+
|#|#|#|#|#|#|T|#|#|#|
+-+-+-+-+-+-+-+-+-+-+
SYMBOL  PLAYER  TYPE
C            2  C
T            1  T
s            1  S
  undecided after 60 turns
  final units:
    p1 s1   S   a1 h0 destroyed
    p1 s2   S   a1 h1 (8,8) hp 1 en 1
    p1 t1   T   a1 h10 (1,4) hp 10 en 10
    p1 t2   T   a1 h0 destroyed
    p1 t3   T   a1 h-1 destroyed
    p1 t4   T   a1 h10 (6,9) hp 10 en 10
    p2 c1   C   a10 h10 (4,5) hp 10 en 4
    p2 c2   C   a10 h9 (5,5) hp 9 en 7
    p2 c3   C   a10 h-1 destroyed
    p2 c4   C   a10 h10 (4,4) hp 10 en 10
    p2 s1   S   a1 h0 destroyed
    p2 s2   S   a1 h0 destroyed
