=== game 217: p1 Executioner vs p2 Lancers
  board 8x8, p1: 250 points, rows 0-3, p2: 250 points, rows 4-7
  p1 Executioner: 9 x Exec (a10 h4 e12, our own type) + Keep with the flag; every Exec hunts
  p2 Lancers: 11 x Lance (a8 h2 e10) + Keep with the flag; every Lance hunts
  p1 is handed 16 units: heavy1, heavy2, keep1, keep2, line1, line2, pawn1, pawn2, pawn3, pawn4, runner1, runner2, scout1, scout2, wall1, wall2
  p1 setup: remove unit heavy1; remove unit heavy2; remove unit keep1; remove unit keep2; remove unit line1; remove unit line2; remove unit pawn1; remove unit pawn2; remove unit pawn3; remove unit pawn4; remove unit runner1; remove unit runner2; remove unit scout1; remove unit scout2; remove unit wall1; remove unit wall2; add type Exec X 10 4 12; add unit Exec exec1 0 3; add unit Exec exec2 1 3; add unit Exec exec3 2 3; add unit Exec exec4 3 3; add unit Exec exec5 4 3; add unit Exec exec6 5 3; add unit Exec exec7 6 3; add unit Exec exec8 7 3; add unit Exec exec9 4 2; add type Keep K 1 10 5; add unit Keep keep1 3 0; set flag keep1
  p2 is handed 16 units: heavy1, heavy2, keep1, keep2, line1, line2, pawn1, pawn2, pawn3, pawn4, runner1, runner2, scout1, scout2, wall1, wall2
  p2 setup: remove unit heavy1; remove unit heavy2; remove unit keep1; remove unit keep2; remove unit line1; remove unit line2; remove unit pawn1; remove unit pawn2; remove unit pawn3; remove unit pawn4; remove unit runner1; remove unit runner2; remove unit scout1; remove unit scout2; remove unit wall1; remove unit wall2; add type Lance ! 8 2 10; add unit Lance lance1 0 4; add unit Lance lance2 1 4; add unit Lance lance3 2 4; add unit Lance lance4 3 4; add unit Lance lance5 4 4; add unit Lance lance6 5 4; add unit Lance lance7 6 4; add unit Lance lance8 7 4; add unit Lance lance9 1 5; add unit Lance lance10 4 5; add unit Lance lance11 6 5; add type Keep K 1 10 5; add unit Keep keep1 3 7; set flag keep1
    after turn 1: in play 10 v 12
  -- turn 2
    p1: move exec1 south; move exec2 south; move exec3 south; move exec4 south; move exec5 south; move exec6 south; move exec7 south; move exec8 west; move exec9 south
    p2: move lance1 north; move lance10 north; move lance11 north; move lance2 north; move lance3 north; move lance4 north; move lance5 north; move lance6 north; move lance7 north; move lance8 north; move lance9 north
    after turn 2: in play 2 v 2
  -- turn 3
    p1: move exec2 south
    p2: move lance8 west
    after turn 3: in play 2 v 2
  -- turn 4
    p1: holds
    p2: holds
    after turn 4: in play 2 v 2
  -- turn 5
    p1: move exec2 south
    p2: move lance8 west
    after turn 5: in play 2 v 2
  -- turn 6
    p1: holds
    p2: holds
    after turn 6: in play 2 v 2
  -- turn 7
    p1: move exec2 east
    p2: move lance8 north
    after turn 7: in play 2 v 2
  -- turn 8
    p1: holds
    p2: holds
    after turn 8: in play 2 v 2
  -- turn 9
    p1: move exec2 south
    p2: move lance8 west
    after turn 9: in play 2 v 2
  -- turn 10
    p1: holds
    p2: holds
    after turn 10: in play 2 v 2
  -- turn 11
    p1: move exec2 east
    p2: move lance8 north
    after turn 11: in play 2 v 2
  -- turn 12
    p1: holds
    p2: holds
    after turn 12: in play 2 v 2
  -- turn 13
    p1: move exec2 south
    p2: move lance8 west
    p1: game over: player 1 wins on turn 13
    p2: game over: player 1 wins on turn 13
    p2 is eliminated from turn 13
    after turn 13: in play 2 v 1
+-+-+-+-+-+-+-+-+
| | | |K| | | | |
+-+-+-+-+-+-+-+-+
| | | |!| | | | |
+-+-+-+-+-+-+-+-+
| | | | | | | | |
+-+-+-+-+-+-+-+-+
| | | | | | | | |
+-+-+-+-+-+-+-+-+
| | | | | | | | |
+-+-+-+-+-+-+-+-+
| | | | | | | | |
+-+-+-+-+-+-+-+-+
| | | | | | | | |
+-+-+-+-+-+-+-+-+
| | | |X| | | | |
+-+-+-+-+-+-+-+-+
SYMBOL  PLAYER  TYPE
!            2  Lance
K            1  Keep
X            1  Exec
  game over: player 1 wins on turn 13
  final units:
    p1 exec1   Exec    a10 h-4 destroyed
    p1 exec2   Exec    a10 h3 (3,7) hp 3 en 0
    p1 exec3   Exec    a10 h-4 destroyed
    p1 exec4   Exec    a10 h-4 destroyed
    p1 exec5   Exec    a10 h-6 destroyed
    p1 exec6   Exec    a10 h-4 destroyed
    p1 exec7   Exec    a10 h-6 destroyed
    p1 exec8   Exec    a10 h-6 destroyed
    p1 exec9   Exec    a10 h-6 destroyed
    p1 keep1   Keep    a1 h10 (3,0) hp 10 en 5 flag
    p2 keep1   Keep    a1 h0 destroyed flag
    p2 lance1  Lance   a8 h-8 destroyed
    p2 lance10 Lance   a8 h-6 destroyed
    p2 lance11 Lance   a8 h-6 destroyed
    p2 lance2  Lance   a8 h-6 destroyed
    p2 lance3  Lance   a8 h-8 destroyed
    p2 lance4  Lance   a8 h-8 destroyed
    p2 lance5  Lance   a8 h-6 destroyed
    p2 lance6  Lance   a8 h-8 destroyed
    p2 lance7  Lance   a8 h-6 destroyed
    p2 lance8  Lance   a8 h2 (3,1) hp 2 en 8
    p2 lance9  Lance   a8 h-6 destroyed
