=== game 13: p1 Marksman vs p2 Ambush
  p1 Marksman: 3 x (a5 h10 e100) on a 400-point budget, sweep and clear
  p2 Ambush: 4 x (a1 h10 e10) + 1 x (a1 h5 e10), centre squares, never move
  p1 deploys: add type M M 5 10 100; add unit M m1 0 0; add unit M m2 0 4; add unit M m3 0 9
  p2 deploys: add type A A 1 10 10; add unit A a1 3 3; add unit A a2 6 3; add unit A a3 3 6; add unit A a4 6 6; add type B B 1 5 10; add unit B b1 5 5
    after turn 1: standing 3 v 5
  -- turn 2
    p1: move m1 east; move m2 east; move m3 east
    p2: holds
    after turn 2: standing 3 v 5
  -- turn 3
    p1: move m1 east; move m2 east; move m3 east
    p2: holds
    after turn 3: standing 3 v 5
  -- turn 4
    p1: move m1 south; move m2 east; move m3 east
    p2: holds
    after turn 4: standing 3 v 5
  -- turn 5
    p1: move m1 west; move m2 east; move m3 east
    p2: holds
    after turn 5: standing 3 v 5
  -- turn 6
    p1: move m1 west; move m2 east; move m3 east
    p2: holds
    after turn 6: standing 3 v 5
  -- turn 7
    p1: move m1 south; move m2 south; move m3 east
    p2: holds
    after turn 7: standing 3 v 4
  -- turn 8
    p1: move m1 east; move m2 west; move m3 east
    p2: holds
    after turn 8: standing 3 v 4
  -- turn 9
    p1: move m1 east; move m2 west; move m3 east
    p2: holds
    after turn 9: standing 3 v 4
  -- turn 10
    p1: move m1 south; move m2 south; move m3 east
    p2: holds
    after turn 10: standing 3 v 3
  -- turn 11
    p1: move m1 west; move m2 east; move m3 north
    p2: holds
    after turn 11: standing 3 v 3
  -- turn 12
    p1: move m1 west; move m2 east; move m3 west
    p2: holds
    after turn 12: standing 3 v 3
  -- turn 13
    p1: move m1 south; move m2 south; move m3 west
    p2: holds
    after turn 13: standing 3 v 3
  -- turn 14
    p1: move m1 east; move m2 west; move m3 west
    p2: holds
    after turn 14: standing 3 v 3
  -- turn 15
    p1: move m1 east; move m2 west; move m3 north
    p2: holds
    after turn 15: standing 3 v 3
  -- turn 16
    p1: move m1 south; move m2 south; move m3 east
    p2: holds
    after turn 16: standing 3 v 3
  -- turn 17
    p1: move m1 west; move m2 east; move m3 east
    p2: holds
    after turn 17: standing 3 v 3
  -- turn 18
    p1: move m1 west; move m2 east; move m3 east
    p2: holds
    after turn 18: standing 3 v 3
  -- turn 19
    p1: move m1 south; move m2 south; move m3 north
    p2: holds
    after turn 19: standing 3 v 3
  -- turn 20
    p1: move m1 east; move m2 west; move m3 west
    p2: holds
    after turn 20: standing 3 v 3
  -- turn 21
    p1: move m1 east; move m2 west; move m3 west
    p2: holds
    after turn 21: standing 3 v 3
  -- turn 22
    p1: move m1 south; move m2 east; move m3 west
    p2: holds
    after turn 22: standing 3 v 2
  -- turn 23
    p1: move m1 west; move m2 east; move m3 north
    p2: holds
    after turn 23: standing 3 v 2
  -- turn 24
    p1: move m1 west; move m2 north; move m3 east
    p2: holds
    after turn 24: standing 3 v 2
  -- turn 25
    p1: move m1 south; move m2 west; move m3 east
    p2: holds
    after turn 25: standing 3 v 2
  -- turn 26
    p1: move m1 east; move m2 west; move m3 east
    p2: holds
    after turn 26: standing 3 v 2
  -- turn 27
    p1: move m1 east; move m2 north; move m3 north
    p2: holds
    after turn 27: standing 3 v 2
  -- turn 28
    p1: move m1 south; move m2 east; move m3 west
    p2: holds
    after turn 28: standing 3 v 2
  -- turn 29
    p1: move m1 west; move m2 east; move m3 west
    p2: holds
    after turn 29: standing 3 v 2
  -- turn 30
    p1: move m1 west; move m2 north; move m3 west
    p2: holds
    after turn 30: standing 3 v 2
  -- turn 31
    p1: move m1 east; move m2 west; move m3 north
    p2: holds
    after turn 31: standing 3 v 1
  -- turn 32
    p1: move m1 east; move m2 west; move m3 east
    p2: holds
    after turn 32: standing 3 v 1
  -- turn 33
    p1: move m1 north; move m2 north; move m3 east
    p2: holds
    after turn 33: standing 3 v 1
  -- turn 34
    p1: move m1 west; move m2 east; move m3 east
    p2: holds
    after turn 34: standing 3 v 1
  -- turn 35
    p1: move m1 west; move m2 east; move m3 north
    p2: holds
    after turn 35: standing 3 v 1
  -- turn 36
    p1: move m1 north; move m2 north; move m3 west
    p2: holds
    after turn 36: standing 3 v 1
  -- turn 37
    p1: move m1 east; move m2 west; move m3 west
    p2: holds
    after turn 37: standing 3 v 1
  -- turn 38
    p1: move m1 east; move m2 west; move m3 west
    p2: holds
    after turn 38: standing 3 v 1
  -- turn 39
    p1: move m1 north; move m2 north; move m3 north
    p2: holds
    after turn 39: standing 3 v 0
+-+-+-+-+-+-+-+-+-+-+
|#|#|#|#|#|#|#|#|#|#|
+-+-+-+-+-+-+-+-+-+-+
|#|#|#|#|#|#|M|#|#|#|
+-+-+-+-+-+-+-+-+-+-+
|#|#|#|#|#|#|#|#|#|#|
+-+-+-+-+-+-+-+-+-+-+
|#|#|#|M|#|#|#|#|#|#|
+-+-+-+-+-+-+-+-+-+-+
|#|#|#|#|#|#|#|#|#|#|
+-+-+-+-+-+-+-+-+-+-+
|#|#|#|#|#|#|#|#|#|#|
+-+-+-+-+-+-+-+-+-+-+
|#|#|M|#|#|#|#|#|#|#|
+-+-+-+-+-+-+-+-+-+-+
|#|#|#|#|#|#|#|#|#|#|
+-+-+-+-+-+-+-+-+-+-+
|#|#|#|#|#|#|#|#|#|#|
+-+-+-+-+-+-+-+-+-+-+
|#|#|#|#|#|#|#|#|#|#|
+-+-+-+-+-+-+-+-+-+-+
SYMBOL  PLAYER  TYPE
M            1  M
  game over: player 1 wins on turn 39
  final units:
    p1 m1   M   a5 h10 (2,6) hp 10 en 62
    p1 m2   M   a5 h5 (3,3) hp 5 en 37
    p1 m3   M   a5 h6 (6,1) hp 6 en 42
    p2 a1   A   a1 h0 destroyed
    p2 a2   A   a1 h0 destroyed
    p2 a3   A   a1 h0 destroyed
    p2 a4   A   a1 h0 destroyed
    p2 b1   B   a1 h0 destroyed
