=== game 42: p1 Drain vs p2 Ambush
  board 10x10, budget p1: 200 / p2: 200, deployment split: p1 in rows 0-4, p2 in rows 5-9
  p1 Drain: 10 x (a1 h10 e9), one per column, walk in and soak
  p2 Ambush: 8 x (a1 h10 e10) + 2 x (a1 h5 e10), behind the frontier, never move
  p1 deploys: add type D D 1 10 9; add unit D d1 0 4; add unit D d2 1 4; add unit D d3 2 4; add unit D d4 3 4; add unit D d5 4 4; add unit D d6 5 4; add unit D d7 6 4; add unit D d8 7 4; add unit D d9 8 4; add unit D d10 9 4
  p2 deploys: add type A A 1 10 10; add unit A a1 0 6; add unit A a2 3 6; add unit A a3 6 6; add unit A a4 9 6; add unit A a5 1 7; add unit A a6 4 7; add unit A a7 5 7; add unit A a8 8 7; add type B B 1 5 10; add unit B b1 2 8; add unit B b2 7 8
    after turn 1: standing 10 v 10
  -- turn 2
    p1: move d1 south; move d10 south; move d2 south; move d3 south; move d4 south; move d5 south; move d6 south; move d7 south; move d8 south; move d9 south
    p2: holds
    after turn 2: standing 10 v 10
  -- turn 3
    p1: move d1 south; move d10 south; move d2 south; move d3 south; move d4 south; move d5 south; move d6 south; move d7 south; move d8 south; move d9 south
    p2: holds
    after turn 3: standing 6 v 10
  -- turn 4
    p1: move d2 west; move d3 east; move d5 south; move d6 east; move d8 south; move d9 east
    p2: holds
    after turn 4: standing 5 v 6
  -- turn 5
    p1: move d2 east; move d3 east; move d6 west; move d8 west; move d9 west
    p2: holds
    after turn 5: standing 5 v 6
  -- turn 6
    p1: move d2 south; move d3 west; move d6 south; move d8 east; move d9 south
    p2: holds
    after turn 6: standing 2 v 6
  -- turn 7
    p1: move d8 east
    p2: holds
    p1: 1 order(s) rejected last turn:
    p1: - d8 at (7,7): the contest at (8, 7) was undecided
    p2: 1 order(s) rejected last turn:
    p2: - a8 at (8,7): the contest at (8, 7) was undecided
    after turn 7: standing 2 v 6
  -- turn 8
    p1: holds
    p2: holds
    after turn 8: standing 2 v 6
  -- turn 9
    p1: holds
    p2: holds
    after turn 9: standing 2 v 6
  -- turn 10
    p1: holds
    p2: holds
    after turn 10: standing 2 v 6
  -- turn 11
    p1: holds
    p2: holds
    after turn 11: standing 2 v 6
  -- turn 12
    p1: holds
    p2: holds
    after turn 12: standing 2 v 6
  -- turn 13
    p1: holds
    p2: holds
    after turn 13: standing 2 v 6
  -- turn 14
    p1: holds
    p2: holds
    after turn 14: standing 2 v 6
  -- turn 15
    p1: holds
    p2: holds
    after turn 15: standing 2 v 6
  -- turn 16
    p1: holds
    p2: holds
    after turn 16: standing 2 v 6
  -- turn 17
    p1: holds
    p2: holds
    after turn 17: standing 2 v 6
  -- turn 18
    p1: holds
    p2: holds
    after turn 18: standing 2 v 6
  -- turn 19
    p1: holds
    p2: holds
    after turn 19: standing 2 v 6
  -- turn 20
    p1: holds
    p2: holds
    after turn 20: standing 2 v 6
  -- turn 21
    p1: holds
    p2: holds
    after turn 21: standing 2 v 6
  -- turn 22
    p1: holds
    p2: holds
    after turn 22: standing 2 v 6
  -- turn 23
    p1: holds
    p2: holds
    after turn 23: standing 2 v 6
  -- turn 24
    p1: holds
    p2: holds
    after turn 24: standing 2 v 6
  -- turn 25
    p1: holds
    p2: holds
    after turn 25: standing 2 v 6
  -- turn 26
    p1: holds
    p2: holds
    after turn 26: standing 2 v 6
  -- turn 27
    p1: holds
    p2: holds
    after turn 27: standing 2 v 6
  -- turn 28
    p1: holds
    p2: holds
    after turn 28: standing 2 v 6
  -- turn 29
    p1: holds
    p2: holds
    after turn 29: standing 2 v 6
  -- turn 30
    p1: holds
    p2: holds
    after turn 30: standing 2 v 6
  -- turn 31
    p1: holds
    p2: holds
    after turn 31: standing 2 v 6
  -- turn 32
    p1: holds
    p2: holds
    after turn 32: standing 2 v 6
  -- turn 33
    p1: holds
    p2: holds
    after turn 33: standing 2 v 6
  -- turn 34
    p1: holds
    p2: holds
    after turn 34: standing 2 v 6
  -- turn 35
    p1: holds
    p2: holds
    after turn 35: standing 2 v 6
  -- turn 36
    p1: holds
    p2: holds
    after turn 36: standing 2 v 6
  -- turn 37
    p1: holds
    p2: holds
    after turn 37: standing 2 v 6
  -- turn 38
    p1: holds
    p2: holds
    after turn 38: standing 2 v 6
  -- turn 39
    p1: holds
    p2: holds
    after turn 39: standing 2 v 6
  -- turn 40
    p1: holds
    p2: holds
    after turn 40: standing 2 v 6
  -- turn 41
    p1: holds
    p2: holds
    after turn 41: standing 2 v 6
  -- turn 42
    p1: holds
    p2: holds
    after turn 42: standing 2 v 6
  -- turn 43
    p1: holds
    p2: holds
    after turn 43: standing 2 v 6
  -- turn 44
    p1: holds
    p2: holds
    after turn 44: standing 2 v 6
  -- turn 45
    p1: holds
    p2: holds
    after turn 45: standing 2 v 6
  -- turn 46
    p1: holds
    p2: holds
    after turn 46: standing 2 v 6
  -- turn 47
    p1: holds
    p2: holds
    after turn 47: standing 2 v 6
  -- turn 48
    p1: holds
    p2: holds
    after turn 48: standing 2 v 6
  -- turn 49
    p1: holds
    p2: holds
    after turn 49: standing 2 v 6
  -- turn 50
    p1: holds
    p2: holds
    after turn 50: standing 2 v 6
  -- turn 51
    p1: holds
    p2: holds
    after turn 51: standing 2 v 6
  -- turn 52
    p1: holds
    p2: holds
    after turn 52: standing 2 v 6
  -- turn 53
    p1: holds
    p2: holds
    after turn 53: standing 2 v 6
  -- turn 54
    p1: holds
    p2: holds
    after turn 54: standing 2 v 6
  -- turn 55
    p1: holds
    p2: holds
    after turn 55: standing 2 v 6
  -- turn 56
    p1: holds
    p2: holds
    after turn 56: standing 2 v 6
  -- turn 57
    p1: holds
    p2: holds
    after turn 57: standing 2 v 6
  -- turn 58
    p1: holds
    p2: holds
    after turn 58: standing 2 v 6
  -- turn 59
    p1: holds
    p2: holds
    after turn 59: standing 2 v 6
  -- turn 60
    p1: holds
    p2: holds
    after turn 60: standing 2 v 6
+-+-+-+-+-+-+-+-+-+-+
|#|#|#|#|#|#|#|#|#|#|
+-+-+-+-+-+-+-+-+-+-+
|#|#|#|#|#|#|#|#|#|#|
+-+-+-+-+-+-+-+-+-+-+
|#|#|#|#|#|#|#|#|#|#|
+-+-+-+-+-+-+-+-+-+-+
|#|#|#|#|#|#|#|#|#|#|
+-+-+-+-+-+-+-+-+-+-+
|#|#|#|#|#|#|#|#|#|#|
+-+-+-+-+-+-+-+-+-+-+
|#|#|#|#|#|#|#|#|#|#|
+-+-+-+-+-+-+-+-+-+-+
|#|#|#|D|#|#|#|#|#|#|
+-+-+-+-+-+-+-+-+-+-+
|#|A|#|#|A|A|#|D|A|#|
+-+-+-+-+-+-+-+-+-+-+
|#|#|B|#|#|#|#|B|#|#|
+-+-+-+-+-+-+-+-+-+-+
|#|#|#|#|#|#|#|#|#|#|
+-+-+-+-+-+-+-+-+-+-+
SYMBOL  PLAYER  TYPE
A            2  A
B            2  B
D            1  D
  undecided after 60 turns
  final units:
    p1 d1   D   a1 h0 destroyed
    p1 d10  D   a1 h0 destroyed
    p1 d2   D   a1 h0 destroyed
    p1 d3   D   a1 h10 (3,6) hp 10 en 1
    p1 d4   D   a1 h0 destroyed
    p1 d5   D   a1 h0 destroyed
    p1 d6   D   a1 h0 destroyed
    p1 d7   D   a1 h0 destroyed
    p1 d8   D   a1 h10 (7,7) hp 10 en 0
    p1 d9   D   a1 h0 destroyed
    p2 a1   A   a1 h0 destroyed
    p2 a2   A   a1 h0 destroyed
    p2 a3   A   a1 h0 destroyed
    p2 a4   A   a1 h0 destroyed
    p2 a5   A   a1 h9 (1,7) hp 9 en 0
    p2 a6   A   a1 h4 (4,7) hp 4 en 0
    p2 a7   A   a1 h9 (5,7) hp 9 en 0
    p2 a8   A   a1 h6 (8,7) hp 6 en 0
    p2 b1   B   a1 h5 (2,8) hp 5 en 10
    p2 b2   B   a1 h5 (7,8) hp 5 en 10
