=== game 177: p1 Bulwark vs p2 Drain
  board 10x10, budget p1: 200 / p2: 200, deployment split: p1 in rows 0-4, p2 in rows 5-9
  p1 Bulwark: 10 x wall (a0 h10 e0) across the frontier + 2 x (a2 h10 e28)
  p2 Drain: 9 x (a1 h10 e10), one per column, one step in and soak
  p1 deploys: add type W W 0 10 0; add unit W w1 0 4; add unit W w2 1 4; add unit W w3 2 4; add unit W w4 3 4; add unit W w5 4 4; add unit W w6 5 4; add unit W w7 6 4; add unit W w8 7 4; add unit W w9 8 4; add unit W w10 9 4; add type K K 2 10 28; add unit K k1 3 2; add unit K k2 6 2; add type S s 1 1 18; add unit S s1 0 0
  p2 deploys: add type D D 1 10 10; add unit D d1 0 5; add unit D d2 1 5; add unit D d3 2 5; add unit D d4 3 5; add unit D d5 4 5; add unit D d6 5 5; add unit D d7 6 5; add unit D d8 7 5; add unit D d9 8 5
    after turn 1: in play 3 v 9  (walls: 10 v 0)
  -- turn 2
    p1: holds
    p2: holds
    after turn 2: in play 3 v 9  (walls: 10 v 0)
  -- turn 3
    p1: holds
    p2: holds
    after turn 3: in play 3 v 9  (walls: 10 v 0)
  -- turn 4
    p1: holds
    p2: holds
    after turn 4: in play 3 v 9  (walls: 10 v 0)
  -- turn 5
    p1: holds
    p2: holds
    after turn 5: in play 3 v 9  (walls: 10 v 0)
  -- turn 6
    p1: holds
    p2: holds
    after turn 6: in play 3 v 9  (walls: 10 v 0)
  -- turn 7
    p1: holds
    p2: holds
    after turn 7: in play 3 v 9  (walls: 10 v 0)
  -- turn 8
    p1: holds
    p2: holds
    after turn 8: in play 3 v 9  (walls: 10 v 0)
  -- turn 9
    p1: holds
    p2: holds
    after turn 9: in play 3 v 9  (walls: 10 v 0)
  -- turn 10
    p1: holds
    p2: holds
    after turn 10: in play 3 v 9  (walls: 10 v 0)
  -- turn 11
    p1: holds
    p2: holds
    after turn 11: in play 3 v 9  (walls: 10 v 0)
  -- turn 12
    p1: holds
    p2: holds
    after turn 12: in play 3 v 9  (walls: 10 v 0)
  -- turn 13
    p1: holds
    p2: holds
    after turn 13: in play 3 v 9  (walls: 10 v 0)
  -- turn 14
    p1: holds
    p2: holds
    after turn 14: in play 3 v 9  (walls: 10 v 0)
  -- turn 15
    p1: holds
    p2: holds
    after turn 15: in play 3 v 9  (walls: 10 v 0)
  -- turn 16
    p1: holds
    p2: holds
    after turn 16: in play 3 v 9  (walls: 10 v 0)
  -- turn 17
    p1: holds
    p2: holds
    after turn 17: in play 3 v 9  (walls: 10 v 0)
  -- turn 18
    p1: holds
    p2: holds
    after turn 18: in play 3 v 9  (walls: 10 v 0)
  -- turn 19
    p1: holds
    p2: holds
    after turn 19: in play 3 v 9  (walls: 10 v 0)
  -- turn 20
    p1: holds
    p2: holds
    after turn 20: in play 3 v 9  (walls: 10 v 0)
  -- turn 21
    p1: holds
    p2: holds
    after turn 21: in play 3 v 9  (walls: 10 v 0)
  -- turn 22
    p1: holds
    p2: holds
    after turn 22: in play 3 v 9  (walls: 10 v 0)
  -- turn 23
    p1: holds
    p2: holds
    after turn 23: in play 3 v 9  (walls: 10 v 0)
  -- turn 24
    p1: holds
    p2: holds
    after turn 24: in play 3 v 9  (walls: 10 v 0)
  -- turn 25
    p1: holds
    p2: holds
    after turn 25: in play 3 v 9  (walls: 10 v 0)
  -- turn 26
    p1: holds
    p2: holds
    after turn 26: in play 3 v 9  (walls: 10 v 0)
  -- turn 27
    p1: holds
    p2: holds
    after turn 27: in play 3 v 9  (walls: 10 v 0)
  -- turn 28
    p1: holds
    p2: holds
    after turn 28: in play 3 v 9  (walls: 10 v 0)
  -- turn 29
    p1: holds
    p2: holds
    after turn 29: in play 3 v 9  (walls: 10 v 0)
  -- turn 30
    p1: holds
    p2: holds
    after turn 30: in play 3 v 9  (walls: 10 v 0)
  -- turn 31
    p1: holds
    p2: holds
    after turn 31: in play 3 v 9  (walls: 10 v 0)
  -- turn 32
    p1: holds
    p2: holds
    after turn 32: in play 3 v 9  (walls: 10 v 0)
  -- turn 33
    p1: holds
    p2: holds
    after turn 33: in play 3 v 9  (walls: 10 v 0)
  -- turn 34
    p1: holds
    p2: holds
    after turn 34: in play 3 v 9  (walls: 10 v 0)
  -- turn 35
    p1: holds
    p2: holds
    after turn 35: in play 3 v 9  (walls: 10 v 0)
  -- turn 36
    p1: holds
    p2: holds
    after turn 36: in play 3 v 9  (walls: 10 v 0)
  -- turn 37
    p1: holds
    p2: holds
    after turn 37: in play 3 v 9  (walls: 10 v 0)
  -- turn 38
    p1: holds
    p2: holds
    after turn 38: in play 3 v 9  (walls: 10 v 0)
  -- turn 39
    p1: holds
    p2: holds
    after turn 39: in play 3 v 9  (walls: 10 v 0)
  -- turn 40
    p1: holds
    p2: holds
    after turn 40: in play 3 v 9  (walls: 10 v 0)
  -- turn 41
    p1: holds
    p2: holds
    after turn 41: in play 3 v 9  (walls: 10 v 0)
  -- turn 42
    p1: holds
    p2: holds
    after turn 42: in play 3 v 9  (walls: 10 v 0)
  -- turn 43
    p1: holds
    p2: holds
    after turn 43: in play 3 v 9  (walls: 10 v 0)
  -- turn 44
    p1: holds
    p2: holds
    after turn 44: in play 3 v 9  (walls: 10 v 0)
  -- turn 45
    p1: holds
    p2: holds
    after turn 45: in play 3 v 9  (walls: 10 v 0)
  -- turn 46
    p1: holds
    p2: holds
    after turn 46: in play 3 v 9  (walls: 10 v 0)
  -- turn 47
    p1: holds
    p2: holds
    after turn 47: in play 3 v 9  (walls: 10 v 0)
  -- turn 48
    p1: holds
    p2: holds
    after turn 48: in play 3 v 9  (walls: 10 v 0)
  -- turn 49
    p1: holds
    p2: holds
    after turn 49: in play 3 v 9  (walls: 10 v 0)
  -- turn 50
    p1: holds
    p2: holds
    after turn 50: in play 3 v 9  (walls: 10 v 0)
  -- turn 51
    p1: holds
    p2: holds
    after turn 51: in play 3 v 9  (walls: 10 v 0)
  -- turn 52
    p1: holds
    p2: holds
    after turn 52: in play 3 v 9  (walls: 10 v 0)
  -- turn 53
    p1: holds
    p2: holds
    after turn 53: in play 3 v 9  (walls: 10 v 0)
  -- turn 54
    p1: holds
    p2: holds
    after turn 54: in play 3 v 9  (walls: 10 v 0)
  -- turn 55
    p1: holds
    p2: holds
    after turn 55: in play 3 v 9  (walls: 10 v 0)
  -- turn 56
    p1: holds
    p2: holds
    after turn 56: in play 3 v 9  (walls: 10 v 0)
  -- turn 57
    p1: holds
    p2: holds
    after turn 57: in play 3 v 9  (walls: 10 v 0)
  -- turn 58
    p1: holds
    p2: holds
    after turn 58: in play 3 v 9  (walls: 10 v 0)
  -- turn 59
    p1: holds
    p2: holds
    after turn 59: in play 3 v 9  (walls: 10 v 0)
  -- turn 60
    p1: holds
    p2: holds
    after turn 60: in play 3 v 9  (walls: 10 v 0)
+-+-+-+-+-+-+-+-+-+-+
|s|#|#|#|#|#|#|#|#|#|
+-+-+-+-+-+-+-+-+-+-+
|#|#|#|#|#|#|#|#|#|#|
+-+-+-+-+-+-+-+-+-+-+
|#|#|#|K|#|#|K|#|#|#|
+-+-+-+-+-+-+-+-+-+-+
|#|#|#|#|#|#|#|#|#|#|
+-+-+-+-+-+-+-+-+-+-+
|W|W|W|W|W|W|W|W|W|W|
+-+-+-+-+-+-+-+-+-+-+
|D|D|D|D|D|D|D|D|D|#|
+-+-+-+-+-+-+-+-+-+-+
|#|#|#|#|#|#|#|#|#|#|
+-+-+-+-+-+-+-+-+-+-+
|#|#|#|#|#|#|#|#|#|#|
+-+-+-+-+-+-+-+-+-+-+
|#|#|#|#|#|#|#|#|#|#|
+-+-+-+-+-+-+-+-+-+-+
|#|#|#|#|#|#|#|#|#|#|
+-+-+-+-+-+-+-+-+-+-+
SYMBOL  PLAYER  TYPE
D            2  D
K            1  K
W            1  W
s            1  S
  undecided after 60 turns
  final units:
    p1 k1   K   a2 h10 (3,2) hp 10 en 28
    p1 k2   K   a2 h10 (6,2) hp 10 en 28
    p1 s1   S   a1 h1 (0,0) hp 1 en 18
    p1 w1   W   a0 h10 (0,4) hp 10 en 0
    p1 w10  W   a0 h10 (9,4) hp 10 en 0
    p1 w2   W   a0 h10 (1,4) hp 10 en 0
    p1 w3   W   a0 h10 (2,4) hp 10 en 0
    p1 w4   W   a0 h10 (3,4) hp 10 en 0
    p1 w5   W   a0 h10 (4,4) hp 10 en 0
    p1 w6   W   a0 h10 (5,4) hp 10 en 0
    p1 w7   W   a0 h10 (6,4) hp 10 en 0
    p1 w8   W   a0 h10 (7,4) hp 10 en 0
    p1 w9   W   a0 h10 (8,4) hp 10 en 0
    p2 d1   D   a1 h10 (0,5) hp 10 en 10
    p2 d2   D   a1 h10 (1,5) hp 10 en 10
    p2 d3   D   a1 h10 (2,5) hp 10 en 10
    p2 d4   D   a1 h10 (3,5) hp 10 en 10
    p2 d5   D   a1 h10 (4,5) hp 10 en 10
    p2 d6   D   a1 h10 (5,5) hp 10 en 10
    p2 d7   D   a1 h10 (6,5) hp 10 en 10
    p2 d8   D   a1 h10 (7,5) hp 10 en 10
    p2 d9   D   a1 h10 (8,5) hp 10 en 10
