=== game 2: p1 Assassin vs p2 Hunter
  p1 Assassin: 3 x (a10 h1 e21), spread west edge, hunt
  p2 Hunter: 2 x (a10 h10 e30), lawnmower sweep of half the board each
  p1 deploys: add type A A 10 1 21; add unit A a1 0 0; add unit A a2 0 5; add unit A a3 0 9
  p2 deploys: add type H H 10 10 30; add unit H h1 9 0; add unit H h2 9 9
    after turn 1: standing 3 v 2
  -- turn 2
    p1: move a1 east; move a2 east; move a3 east
    p2: move h1 west; move h2 west
    after turn 2: standing 3 v 2
  -- turn 3
    p1: move a1 east; move a2 east; move a3 east
    p2: move h1 west; move h2 west
    after turn 3: standing 3 v 2
  -- turn 4
    p1: move a1 south; move a2 east; move a3 east
    p2: move h1 west; move h2 west
    after turn 4: standing 3 v 2
  -- turn 5
    p1: move a1 west; move a2 east; move a3 east
    p2: move h1 west; move h2 west
    after turn 5: standing 3 v 2
  -- turn 6
    p1: move a1 west; move a2 east; move a3 east
    p2: move h1 west; move h2 east
    after turn 6: standing 3 v 2
  -- turn 7
    p1: move a1 south; move a2 north; move a3 east
    p2: move h1 west; move h2 east
    after turn 7: standing 3 v 2
  -- turn 8
    p1: move a1 east; move a2 west; move a3 east
    p2: move h1 west; move h2 east
    after turn 8: standing 3 v 2
  -- turn 9
    p1: move a1 east; move a2 west; move a3 east
    p2: move h1 west; move h2 east
    after turn 9: standing 3 v 2
  -- turn 10
    p1: move a1 south; move a2 north; move a3 east
    p2: move h1 west; move h2 north
    after turn 10: standing 3 v 2
  -- turn 11
    p1: move a1 west; move a2 east; move a3 north
    p2: move h1 east; move h2 west
    after turn 11: standing 3 v 2
  -- turn 12
    p1: move a1 west; move a2 east; move a3 west
    p2: move h1 east; move h2 west
    after turn 12: standing 3 v 2
  -- turn 13
    p1: holds
    p2: move h1 east; move h2 west
    after turn 13: standing 3 v 2
  -- turn 14
    p1: holds
    p2: move h1 east; move h2 west
    after turn 14: standing 3 v 2
  -- turn 15
    p1: holds
    p2: move h1 south; move h2 north
    after turn 15: standing 3 v 2
  -- turn 16
    p1: holds
    p2: move h1 west; move h2 east
    after turn 16: standing 3 v 2
  -- turn 17
    p1: holds
    p2: move h1 west; move h2 east
    after turn 17: standing 3 v 2
  -- turn 18
    p1: holds
    p2: move h1 west; move h2 east
    after turn 18: standing 3 v 2
  -- turn 19
    p1: holds
    p2: move h1 west; move h2 east
    after turn 19: standing 3 v 2
  -- turn 20
    p1: holds
    p2: move h1 south; move h2 north
    after turn 20: standing 3 v 2
  -- turn 21
    p1: holds
    p2: move h1 east; move h2 west
    after turn 21: standing 3 v 2
  -- turn 22
    p1: holds
    p2: holds
    after turn 22: standing 3 v 2
  -- turn 23
    p1: holds
    p2: holds
    after turn 23: standing 3 v 2
  -- turn 24
    p1: holds
    p2: holds
    after turn 24: standing 3 v 2
  -- turn 25
    p1: holds
    p2: holds
    after turn 25: standing 3 v 2
  -- turn 26
    p1: holds
    p2: holds
    after turn 26: standing 3 v 2
  -- turn 27
    p1: holds
    p2: holds
    after turn 27: standing 3 v 2
  -- turn 28
    p1: holds
    p2: holds
    after turn 28: standing 3 v 2
  -- turn 29
    p1: holds
    p2: holds
    after turn 29: standing 3 v 2
  -- turn 30
    p1: holds
    p2: holds
    after turn 30: standing 3 v 2
  -- turn 31
    p1: holds
    p2: holds
    after turn 31: standing 3 v 2
  -- turn 32
    p1: holds
    p2: holds
    after turn 32: standing 3 v 2
  -- turn 33
    p1: holds
    p2: holds
    after turn 33: standing 3 v 2
  -- turn 34
    p1: holds
    p2: holds
    after turn 34: standing 3 v 2
  -- turn 35
    p1: holds
    p2: holds
    after turn 35: standing 3 v 2
  -- turn 36
    p1: holds
    p2: holds
    after turn 36: standing 3 v 2
  -- turn 37
    p1: holds
    p2: holds
    after turn 37: standing 3 v 2
  -- turn 38
    p1: holds
    p2: holds
    after turn 38: standing 3 v 2
  -- turn 39
    p1: holds
    p2: holds
    after turn 39: standing 3 v 2
  -- turn 40
    p1: holds
    p2: holds
    after turn 40: standing 3 v 2
  -- turn 41
    p1: holds
    p2: holds
    after turn 41: standing 3 v 2
  -- turn 42
    p1: holds
    p2: holds
    after turn 42: standing 3 v 2
  -- turn 43
    p1: holds
    p2: holds
    after turn 43: standing 3 v 2
  -- turn 44
    p1: holds
    p2: holds
    after turn 44: standing 3 v 2
  -- turn 45
    p1: holds
    p2: holds
    after turn 45: standing 3 v 2
  -- turn 46
    p1: holds
    p2: holds
    after turn 46: standing 3 v 2
  -- turn 47
    p1: holds
    p2: holds
    after turn 47: standing 3 v 2
  -- turn 48
    p1: holds
    p2: holds
    after turn 48: standing 3 v 2
  -- turn 49
    p1: holds
    p2: holds
    after turn 49: standing 3 v 2
  -- turn 50
    p1: holds
    p2: holds
    after turn 50: standing 3 v 2
  -- turn 51
    p1: holds
    p2: holds
    after turn 51: standing 3 v 2
  -- turn 52
    p1: holds
    p2: holds
    after turn 52: standing 3 v 2
  -- turn 53
    p1: holds
    p2: holds
    after turn 53: standing 3 v 2
  -- turn 54
    p1: holds
    p2: holds
    after turn 54: standing 3 v 2
  -- turn 55
    p1: holds
    p2: holds
    after turn 55: standing 3 v 2
  -- turn 56
    p1: holds
    p2: holds
    after turn 56: standing 3 v 2
  -- turn 57
    p1: holds
    p2: holds
    after turn 57: standing 3 v 2
  -- turn 58
    p1: holds
    p2: holds
    after turn 58: standing 3 v 2
  -- turn 59
    p1: holds
    p2: holds
    after turn 59: standing 3 v 2
  -- turn 60
    p1: holds
    p2: holds
    after turn 60: standing 3 v 2
+-+-+-+-+-+-+-+-+-+-+
|#|#|#|#|#|#|#|#|#|#|
+-+-+-+-+-+-+-+-+-+-+
|#|#|#|#|#|#|#|#|#|#|
+-+-+-+-+-+-+-+-+-+-+
|#|H|#|#|#|#|#|#|#|#|
+-+-+-+-+-+-+-+-+-+-+
|A|#|#|#|#|A|#|#|#|#|
+-+-+-+-+-+-+-+-+-+-+
|#|#|#|#|#|#|#|#|#|#|
+-+-+-+-+-+-+-+-+-+-+
|#|#|#|#|#|#|#|#|#|#|
+-+-+-+-+-+-+-+-+-+-+
|#|#|#|#|#|#|#|#|H|#|
+-+-+-+-+-+-+-+-+-+-+
|#|#|#|#|#|#|#|#|#|#|
+-+-+-+-+-+-+-+-+-+-+
|#|#|#|#|#|#|#|#|A|#|
+-+-+-+-+-+-+-+-+-+-+
|#|#|#|#|#|#|#|#|#|#|
+-+-+-+-+-+-+-+-+-+-+
SYMBOL  PLAYER  TYPE
A            1  A
H            2  H
  undecided after 60 turns
  final units:
    p1 a1   A   a10 h1 (0,3) hp 1 en 10
    p1 a2   A   a10 h1 (5,3) hp 1 en 10
    p1 a3   A   a10 h1 (8,8) hp 1 en 10
    p2 h1   H   a10 h10 (1,2) hp 10 en 10
    p2 h2   H   a10 h10 (8,6) hp 10 en 10
