=== game 69: p1 Sponge vs p2 Duellist
  board 10x10, budget p1: 200 / p2: 200, deployment split: p1 in rows 0-4, p2 in rows 5-9
  p1 Sponge: 11 x (a1 h10 e6) + 1 x (a1 h10 e2), walk in and soak
  p2 Duellist: 4 x (a10 h10 e20) + 2 scouts (a1 h1 e18), champions hold the frontier
  p1 deploys: add type S S 1 10 6; add unit S s1 0 4; add unit S s2 1 4; add unit S s3 2 4; add unit S s4 3 4; add unit S s5 4 4; add unit S s6 5 4; add unit S s7 6 4; add unit S s8 7 4; add unit S s9 8 4; add unit S s10 9 4; add unit S s11 4 3; add type D D 1 10 2; add unit D d1 5 3
  p2 deploys: add type C C 10 10 20; add unit C c1 2 7; add unit C c2 4 7; add unit C c3 5 7; add unit C c4 7 7; add type S s 1 1 18; add unit S s1 0 5; add unit S s2 9 5
    after turn 1: in play 12 v 6
  -- turn 2
    p1: move d1 south; move s1 south; move s10 south; move s11 south; move s2 south; move s3 south; move s4 south; move s5 south; move s6 south; move s7 south; move s8 south; move s9 south
    p2: move c1 east; move c2 east; move c3 north; move c4 west; move s1 north; move s2 west
    after turn 2: in play 12 v 4
  -- turn 3
    p1: move s1 south; move s10 south; move s11 south; move s2 south; move s3 south; move s4 south; move s5 south; move s6 south; move s7 south; move s8 south; move s9 south
    p2: move c1 west; move c2 east; move c3 east; move c4 east
    after turn 3: in play 11 v 4
  -- turn 4
    p1: move d1 south; move s1 south; move s10 west; move s11 south; move s2 south; move s3 south; move s4 south; move s5 east; move s6 east; move s8 south; move s9 west
    p2: move c1 west; move c2 east; move c4 north
    p1: 3 order(s) rejected last turn:
    p1: - s6 at (6,6): the contest at (6, 6) was undecided
    p1: - s8 at (7,6): the contest at (7, 6) was undecided
    p1: - s9 at (7,6): the contest at (7, 6) was undecided
    p2: 1 order(s) rejected last turn:
    p2: - c3 at (6,6): the contest at (6, 6) was undecided
    after turn 4: in play 7 v 2  (spent: 3 v 0)
  -- turn 5
    p1: move s1 east; move s10 east; move s11 east; move s3 south; move s4 west; move s5 west
    p2: holds
    p1: 6 order(s) rejected last turn:
    p1: - s1 at (0,7): the contest at (1, 7) was undecided
    p1: - s6 at (6,6): the contest at (6, 6) was undecided
    p1: - s8 at (7,6): the contest at (7, 6) was undecided
    p1: - s9 at (7,6): the contest at (7, 6) was undecided
    p1: - s11 at (4,6): the contest at (4, 6) was undecided
    p1: - s5 at (5,6): the contest at (4, 6) was undecided
    p2: 2 order(s) rejected last turn:
    p2: - c1 at (1,7): the contest at (1, 7) was undecided
    p2: - c3 at (6,6): the contest at (6, 6) was undecided
    after turn 5: in play 7 v 2  (spent: 3 v 0)
  -- turn 6
    p1: move s10 south; move s3 west; move s4 west
    p2: holds
    p1: 3 order(s) rejected last turn:
    p1: - s4 at (2,7): the contest at (1, 7) was undecided
    p1: - s8 at (7,6): the contest at (7, 6) was undecided
    p1: - s9 at (7,6): the contest at (7, 6) was undecided
    p2: 1 order(s) rejected last turn:
    p2: - c1 at (1,7): the contest at (1, 7) was undecided
    after turn 6: in play 6 v 1  (spent: 3 v 1)
  -- turn 7
    p1: move d1 east
    p2: holds
    p1: 2 order(s) rejected last turn:
    p1: - s8 at (7,6): the contest at (7, 6) was undecided
    p1: - s9 at (7,6): the contest at (7, 6) was undecided
    after turn 7: in play 9 v 2
  -- turn 8
    p1: move s1 south; move s10 south; move s11 south; move s3 east; move s5 west
    p2: holds
    p1: 2 order(s) rejected last turn:
    p1: - s8 at (7,6): the contest at (7, 6) was undecided
    p1: - s9 at (7,6): the contest at (7, 6) was undecided
    after turn 8: in play 7 v 2  (spent: 2 v 0)
  -- turn 9
    p1: move d1 west; move s4 east
    p2: move c1 west
    p1: 2 order(s) rejected last turn:
    p1: - s8 at (7,6): the contest at (7, 6) was undecided
    p1: - s9 at (7,6): the contest at (7, 6) was undecided
    after turn 9: in play 9 v 2
  -- turn 10
    p1: move s1 south; move s10 south; move s11 south; move s3 south; move s5 south
    p2: holds
    p1: 2 order(s) rejected last turn:
    p1: - s8 at (7,6): the contest at (7, 6) was undecided
    p1: - s9 at (7,6): the contest at (7, 6) was undecided
    after turn 10: in play 7 v 2  (spent: 2 v 0)
  -- turn 11
    p1: move d1 south; move s4 south
    p2: move c1 east
    p1: 2 order(s) rejected last turn:
    p1: - s8 at (7,6): the contest at (7, 6) was undecided
    p1: - s9 at (7,6): the contest at (7, 6) was undecided
    after turn 11: in play 9 v 2
  -- turn 12
    p1: move s1 north; move s10 north; move s11 south; move s3 north; move s5 south
    p2: holds
    p1: 2 order(s) rejected last turn:
    p1: - s8 at (7,6): the contest at (7, 6) was undecided
    p1: - s9 at (7,6): the contest at (7, 6) was undecided
    after turn 12: in play 7 v 2  (spent: 2 v 0)
  -- turn 13
    p1: move d1 south; move s4 south
    p2: move c1 west
    p1: 2 order(s) rejected last turn:
    p1: - s8 at (7,6): the contest at (7, 6) was undecided
    p1: - s9 at (7,6): the contest at (7, 6) was undecided
    after turn 13: in play 9 v 2
  -- turn 14
    p1: move s1 north; move s10 north; move s3 north
    p2: holds
    p1: 2 order(s) rejected last turn:
    p1: - s8 at (7,6): the contest at (7, 6) was undecided
    p1: - s9 at (7,6): the contest at (7, 6) was undecided
    after turn 14: in play 6 v 1  (spent: 2 v 1)
  -- turn 15
    p1: move d1 south; move s4 north
    p2: holds
    p1: 2 order(s) rejected last turn:
    p1: - s8 at (7,6): the contest at (7, 6) was undecided
    p1: - s9 at (7,6): the contest at (7, 6) was undecided
    after turn 15: in play 8 v 2
  -- turn 16
    p1: move s10 north; move s3 north
    p2: holds
    after turn 16: in play 6 v 2  (spent: 1 v 0)
  -- turn 17
    p1: move d1 south; move s4 north
    p2: holds
    after turn 17: in play 7 v 2
  -- turn 18
    p1: move s10 north; move s3 north
    p2: move c3 west
    after turn 18: in play 7 v 2
  -- turn 19
    p1: move d1 north; move s4 north; move s8 south
    p2: holds
    after turn 19: in play 7 v 2
  -- turn 20
    p1: move s10 north; move s3 north
    p2: move c3 east
    after turn 20: in play 7 v 2
  -- turn 21
    p1: move d1 north; move s4 north; move s8 south
    p2: holds
    after turn 21: in play 7 v 2
  -- turn 22
    p1: move s10 north; move s3 north
    p2: move c3 west
    after turn 22: in play 7 v 2
  -- turn 23
    p1: move d1 north; move s4 north; move s8 south
    p2: holds
    after turn 23: in play 6 v 1  (spent: 0 v 1)
  -- turn 24
    p1: move s10 north; move s11 north; move s3 north; move s5 north
    p2: holds
    after turn 24: in play 6 v 2
  -- turn 25
    p1: move s4 north; move s8 north
    p2: holds
    after turn 25: in play 6 v 2
  -- turn 26
    p1: move s10 north; move s3 north
    p2: move c1 east
    after turn 26: in play 6 v 2
  -- turn 27
    p1: move s4 north; move s8 north
    p2: holds
    after turn 27: in play 6 v 2
  -- turn 28
    p1: move s10 north; move s3 north
    p2: move c1 west
    after turn 28: in play 6 v 2
  -- turn 29
    p1: move s4 north; move s8 north
    p2: holds
    after turn 29: in play 6 v 2
  -- turn 30
    p1: move s10 south; move s3 south
    p2: move c1 east
    after turn 30: in play 6 v 2
  -- turn 31
    p1: move s4 north; move s8 north
    p2: holds
    after turn 31: in play 6 v 2
  -- turn 32
    p1: move s10 south; move s3 south
    p2: move c1 west
    after turn 32: in play 6 v 2
  -- turn 33
    p1: move s4 south; move s8 north
    p2: holds
    after turn 33: in play 6 v 2
  -- turn 34
    p1: move s10 south; move s3 south
    p2: move c1 east
    after turn 34: in play 6 v 2
  -- turn 35
    p1: move s4 south; move s8 north
    p2: move c3 east
    after turn 35: in play 6 v 2
  -- turn 36
    p1: move s10 south; move s3 south
    p2: move c1 west
    after turn 36: in play 6 v 2
  -- turn 37
    p1: move s4 south; move s8 north
    p2: move c3 west
    after turn 37: in play 6 v 2
  -- turn 38
    p1: move s10 south; move s3 south
    p2: move c1 east
    after turn 38: in play 6 v 2
  -- turn 39
    p1: move s4 south; move s8 north
    p2: move c3 east
    after turn 39: in play 6 v 2
  -- turn 40
    p1: move s10 south; move s3 south
    p2: move c1 west
    after turn 40: in play 6 v 2
  -- turn 41
    p1: move s4 south; move s8 north
    p2: move c3 west
    after turn 41: in play 6 v 2
  -- turn 42
    p1: move s10 south; move s3 south
    p2: move c1 east
    after turn 42: in play 6 v 2
  -- turn 43
    p1: move s4 south; move s8 south
    p2: move c3 east
    after turn 43: in play 6 v 2
  -- turn 44
    p1: move s10 south; move s3 south
    p2: move c1 west
    after turn 44: in play 6 v 2
  -- turn 45
    p1: move s4 south; move s8 south
    p2: move c3 west
    after turn 45: in play 6 v 2
  -- turn 46
    p1: move s10 south; move s3 south
    p2: move c1 east
    after turn 46: in play 6 v 2
  -- turn 47
    p1: move s4 south; move s8 south
    p2: move c3 east
    after turn 47: in play 6 v 2
  -- turn 48
    p1: move s10 north; move s3 north
    p2: move c1 west
    after turn 48: in play 6 v 2
  -- turn 49
    p1: move s4 south; move s8 south
    p2: move c3 west
    after turn 49: in play 6 v 2
  -- turn 50
    p1: move s10 north; move s3 north
    p2: move c1 east
    after turn 50: in play 6 v 2
  -- turn 51
    p1: move s4 north; move s8 south
    p2: move c3 east
    after turn 51: in play 6 v 2
  -- turn 52
    p1: move s10 north; move s3 north
    p2: move c1 west
    after turn 52: in play 6 v 2
  -- turn 53
    p1: move s4 north; move s8 south
    p2: move c3 west
    after turn 53: in play 6 v 2
  -- turn 54
    p1: move s10 north; move s3 north
    p2: move c1 east
    after turn 54: in play 6 v 2
  -- turn 55
    p1: move s4 north; move s8 south
    p2: move c3 east
    after turn 55: in play 6 v 2
  -- turn 56
    p1: move s10 north; move s3 north
    p2: move c1 west
    after turn 56: in play 6 v 2
  -- turn 57
    p1: move s4 north; move s8 south
    p2: move c3 west
    after turn 57: in play 6 v 2
  -- turn 58
    p1: move s10 north; move s3 north
    p2: move c1 east
    after turn 58: in play 6 v 2
  -- turn 59
    p1: move s4 north; move s8 south
    p2: move c3 east
    after turn 59: in play 6 v 2
  -- turn 60
    p1: move s10 north; move s3 north
    p2: move c1 west
    after turn 60: in play 6 v 2
+-+-+-+-+-+-+-+-+-+-+
|#|#|#|#|#|#|#|#|#|#|
+-+-+-+-+-+-+-+-+-+-+
|#|#|#|#|#|#|#|#|#|#|
+-+-+-+-+-+-+-+-+-+-+
|#|#|S|#|#|#|#|#|#|S|
+-+-+-+-+-+-+-+-+-+-+
|#|#|#|#|#|#|#|#|#|#|
+-+-+-+-+-+-+-+-+-+-+
|#|#|#|S|#|#|#|#|#|#|
+-+-+-+-+-+-+-+-+-+-+
|#|#|#|#|#|#|#|#|#|#|
+-+-+-+-+-+-+-+-+-+-+
|#|#|#|#|#|#|C|#|#|#|
+-+-+-+-+-+-+-+-+-+-+
|C|#|#|#|S|#|#|#|#|#|
+-+-+-+-+-+-+-+-+-+-+
|#|#|#|#|S|#|#|#|#|#|
+-+-+-+-+-+-+-+-+-+-+
|#|#|#|#|#|#|#|S|#|#|
+-+-+-+-+-+-+-+-+-+-+
SYMBOL  PLAYER  TYPE
C            2  C
S            1  S
  undecided after 60 turns
  final units:
    p1 d1   D   a1 h0 destroyed
    p1 s1   S   a1 h-1 destroyed
    p1 s10  S   a1 h10 (9,2) hp 10 en 1
    p1 s11  S   a1 h8 (4,8) hp 8 en 6
    p1 s2   S   a1 h0 destroyed
    p1 s3   S   a1 h10 (2,2) hp 10 en 1
    p1 s4   S   a1 h10 (3,4) hp 10 en 2
    p1 s5   S   a1 h8 (4,7) hp 8 en 6
    p1 s6   S   a1 h0 destroyed
    p1 s7   S   a1 h0 destroyed
    p1 s8   S   a1 h2 (7,9) hp 2 en 2
    p1 s9   S   a1 h0 destroyed
    p2 c1   C   a10 h6 (0,7) hp 6 en 10
    p2 c2   C   a10 h0 destroyed
    p2 c3   C   a10 h4 (6,6) hp 4 en 11
    p2 c4   C   a10 h0 destroyed
    p2 s1   S   a1 h0 destroyed
    p2 s2   S   a1 h0 destroyed
