=== game 206: p1 Flag Hunt vs p2 Heavies
  board 8x8, p1: 250 points, rows 0-3, p2: 250 points, rows 4-7
  p1 Flag Hunt: the stock army; everything but the Keeps and Walls goes for the enemy flag square by the shortest route round its own
  p2 Heavies: 7 x Heavy (a5 h10 e15) + Keep with the flag + Runner; the Heavies hunt
  p1 is handed 16 units: heavy1, heavy2, keep1, keep2, line1, line2, pawn1, pawn2, pawn3, pawn4, runner1, runner2, scout1, scout2, wall1, wall2
  p1 setup: keeps the army as given
  p2 is handed 16 units: heavy1, heavy2, keep1, keep2, line1, line2, pawn1, pawn2, pawn3, pawn4, runner1, runner2, scout1, scout2, wall1, wall2
  p2 setup: remove unit heavy1; remove unit heavy2; remove unit keep1; remove unit keep2; remove unit line1; remove unit line2; remove unit pawn1; remove unit pawn2; remove unit pawn3; remove unit pawn4; remove unit runner1; remove unit runner2; remove unit scout1; remove unit scout2; remove unit wall1; remove unit wall2; add type Heavy H 5 10 15; add unit Heavy heavy1 1 4; add unit Heavy heavy2 2 4; add unit Heavy heavy3 3 4; add unit Heavy heavy4 4 4; add unit Heavy heavy5 5 4; add unit Heavy heavy6 6 4; add unit Heavy heavy7 4 5; add type Keep K 1 10 5; add unit Keep keep1 3 7; add type Runner r 2 4 10; add unit Runner runner1 4 7; set flag keep1
    after turn 1: in play 14 v 9  (walls: 2 v 0)
  -- turn 2
    p1: move heavy1 south; move heavy2 south; move pawn1 south; move pawn2 south; move pawn3 south; move pawn4 south; move runner1 south; move runner2 south; move scout1 south; move scout2 south
    p2: move heavy1 north; move heavy2 north; move heavy3 north; move heavy4 north; move heavy5 north; move heavy6 north; move heavy7 east
    after turn 2: in play 14 v 9  (walls: 2 v 0)
  -- turn 3
    p1: move heavy1 south; move heavy2 south
    p2: move heavy1 north; move heavy2 north; move heavy3 north; move heavy4 north; move heavy5 north; move heavy6 north; move heavy7 north
    p1: 2 order(s) rejected last turn:
    p1:   - heavy1 at (3,2): the contest at (3, 2) was undecided
    p1:   - heavy2 at (4,2): the contest at (4, 2) was undecided
    p2: 2 order(s) rejected last turn:
    p2:   - heavy3 at (3,3): the contest at (3, 2) was undecided
    p2:   - heavy4 at (4,3): the contest at (4, 2) was undecided
    after turn 3: in play 12 v 9  (walls: 2 v 0)
  -- turn 4
    p1: move pawn1 east; move pawn4 west; move runner1 east; move runner2 west; move scout1 south; move scout2 south
    p2: move heavy2 east; move heavy5 west; move heavy7 north
    p1: 5 order(s) rejected last turn:
    p1:   - heavy1 at (3,2): the contest at (1, 2) was undecided
    p1:   - pawn1 at (0,2): the contest at (1, 2) was undecided
    p1:   - scout1 at (1,2): the contest at (1, 2) was undecided
    p1:   - pawn4 at (7,2): the contest at (6, 2) was undecided
    p1:   - scout2 at (6,2): the contest at (6, 2) was undecided
    p2: 1 order(s) rejected last turn:
    p2:   - heavy6 at (6,2): the contest at (6, 2) was undecided
    after turn 4: in play 8 v 9  (walls: 2 v 0)
  -- turn 5
    p1: move runner1 south; move runner2 south
    p2: holds
    after turn 5: in play 6 v 9  (walls: 2 v 0)
  -- turn 6
    p1: move line1 west; move line2 east
    p2: holds
    after turn 6: in play 6 v 9  (walls: 2 v 0)
  -- turn 7
    p1: move line1 south; move line2 south; move pawn1 east; move pawn4 south
    p2: move heavy7 north
    p1: 2 order(s) rejected last turn:
    p1:   - heavy1 at (3,2): the contest at (1, 2) was undecided
    p1:   - pawn1 at (0,2): the contest at (1, 2) was undecided
    after turn 7: in play 6 v 9  (walls: 2 v 0)
  -- turn 8
    p1: move line1 south; move line2 south
    p2: move heavy3 west; move heavy4 south
    p1: 3 order(s) rejected last turn:
    p1:   - heavy1 at (3,2): the contest at (1, 2) was undecided
    p1:   - line1 at (1,1): the contest at (1, 2) was undecided
    p1:   - line2 at (6,1): the contest at (6, 2) was undecided
    p2: 1 order(s) rejected last turn:
    p2:   - heavy6 at (6,2): the contest at (6, 2) was undecided
    after turn 8: in play 6 v 9  (walls: 2 v 0)
  -- turn 9
    p1: move pawn4 west
    p2: holds
    after turn 9: in play 6 v 9  (walls: 2 v 0)
  -- turn 10
    p1: move pawn1 east
    p2: holds
    p1: 2 order(s) rejected last turn:
    p1:   - heavy1 at (3,2): the contest at (1, 2) was undecided
    p1:   - pawn1 at (0,2): the contest at (1, 2) was undecided
    after turn 10: in play 6 v 9  (walls: 2 v 0)
  -- turn 11
    p1: move line1 south; move line2 south; move pawn4 south
    p2: move heavy7 north
    p1: 1 order(s) rejected last turn:
    p1:   - wall2 at (5,1): the contest at (5, 1) was undecided
    p2: 1 order(s) rejected last turn:
    p2:   - heavy7 at (5,2): the contest at (5, 1) was undecided
    after turn 11: in play 6 v 7  (walls: 2 v 0)
  -- turn 12
    p1: holds
    p2: move heavy2 west; move heavy3 west; move heavy4 north; move heavy5 north
    after turn 12: in play 6 v 7  (walls: 2 v 0)
  -- turn 13
    p1: move pawn1 south; move pawn4 south
    p2: holds
    after turn 13: in play 6 v 7  (walls: 2 v 0)
  -- turn 14
    p1: holds
    p2: holds
    after turn 14: in play 6 v 7  (walls: 2 v 0)
  -- turn 15
    p1: move pawn1 east; move pawn4 south
    p2: holds
    after turn 15: in play 5 v 7  (walls: 2 v 0)
  -- turn 16
    p1: holds
    p2: move heavy2 north; move heavy4 north; move heavy5 north
    p1: 3 order(s) rejected last turn:
    p1:   - heavy2 at (4,2): the contest at (2, 1) was undecided
    p1:   - wall1 at (2,1): the contest at (2, 1) was undecided
    p1:   - keep2 at (4,0): the contest at (4, 0) was undecided
    p2: 1 order(s) rejected last turn:
    p2:   - heavy5 at (4,1): the contest at (4, 0) was undecided
    after turn 16: in play 5 v 7  (walls: 2 v 0)
  -- turn 17
    p1: move keep2 south; move line1 east; move line2 south; move pawn4 south
    p2: holds
    p1: 3 order(s) rejected last turn:
    p1:   - heavy2 at (4,2): the contest at (2, 2) was undecided
    p1:   - line1 at (1,2): the contest at (2, 2) was undecided
    p1:   - keep2 at (4,0): the contest at (4, 1) was undecided
    p2: 1 order(s) rejected last turn:
    p2:   - heavy5 at (4,1): the contest at (4, 1) was undecided
    after turn 17: in play 5 v 7  (walls: 2 v 0)
  -- turn 18
    p1: holds
    p2: holds
    after turn 18: in play 5 v 7  (walls: 2 v 0)
  -- turn 19
    p1: move pawn4 west
    p2: holds
    after turn 19: in play 5 v 7  (walls: 2 v 0)
  -- turn 20
    p1: move line2 south
    p2: move heavy4 west; move heavy7 north
    after turn 20: in play 5 v 7  (walls: 1 v 0)
  -- turn 21
    p1: move pawn4 west
    p2: holds
    p1: 2 order(s) rejected last turn:
    p1:   - pawn4 at (5,7): the contest at (4, 7) was undecided
    p1:   - runner1 at (1,2): the contest at (4, 7) was undecided
    after turn 21: in play 5 v 7  (walls: 1 v 0)
  -- turn 22
    p1: holds
    p2: move heavy3 north; move runner1 east
    after turn 22: in play 3 v 7  (walls: 1 v 0)
  -- turn 23
    p1: move line2 south
    p2: holds
    after turn 23: in play 3 v 7  (walls: 1 v 0)
  -- turn 24
    p1: holds
    p2: move heavy4 north
    after turn 24: in play 3 v 7  (walls: 1 v 0)
  -- turn 25
    p1: holds
    p2: move heavy2 north; move heavy5 north
    after turn 25: in play 2 v 7
  -- turn 26
    p1: move keep1 east; move line2 south
    p2: holds
    p1: 1 order(s) rejected last turn:
    p1:   - keep1 at (3,0): the contest at (4, 0) was undecided
    p2: 1 order(s) rejected last turn:
    p2:   - heavy5 at (4,0): the contest at (4, 0) was undecided
    after turn 26: in play 2 v 7
  -- turn 27
    p1: holds
    p2: holds
    after turn 27: in play 2 v 7
  -- turn 28
    p1: holds
    p2: move heavy4 north
    p1: 1 order(s) rejected last turn:
    p1:   - keep1 at (3,0): the contest at (3, 0) was undecided
    p2: 1 order(s) rejected last turn:
    p2:   - heavy4 at (3,1): the contest at (3, 0) was undecided
    after turn 28: in play 2 v 7
  -- turn 29
    p1: move line2 south
    p2: move heavy7 south
    after turn 29: in play 2 v 7
  -- turn 30
    p1: holds
    p2: holds
    after turn 30: in play 2 v 7
  -- turn 31
    p1: holds
    p2: move heavy3 north
    after turn 31: in play 2 v 7
  -- turn 32
    p1: move line2 west
    p2: holds
    after turn 32: in play 1 v 6
  -- turn 33
    p1: holds
    p2: move heavy7 west
    after turn 33: in play 1 v 6
  -- turn 34
    p1: holds
    p2: move heavy2 north; move heavy5 west
    p1: game over: player 2 wins on turn 34
    p2: game over: player 2 wins on turn 34
    p1 is eliminated from turn 34
    after turn 34: in play 0 v 6
+-+-+-+-+-+-+-+-+
| | |H|H| | | | |
+-+-+-+-+-+-+-+-+
| |H| |H| | | | |
+-+-+-+-+-+-+-+-+
| | | | |H| | | |
+-+-+-+-+-+-+-+-+
| | | | | | | | |
+-+-+-+-+-+-+-+-+
| | | | | | | | |
+-+-+-+-+-+-+-+-+
| | | | | | | | |
+-+-+-+-+-+-+-+-+
| | | | | | | | |
+-+-+-+-+-+-+-+-+
| | | |K| | | | |
+-+-+-+-+-+-+-+-+
SYMBOL  PLAYER  TYPE
H            2  Heavy
K            2  Keep
  game over: player 2 wins on turn 34
  final units:
    p1 heavy1  Heavy   a5 h0 destroyed
    p1 heavy2  Heavy   a5 h0 destroyed
    p1 keep1   Keep    a1 h0 destroyed flag
    p1 keep2   Keep    a1 h0 destroyed
    p1 line1   Line    a3 h-4 destroyed
    p1 line2   Line    a3 h-1 destroyed
    p1 pawn1   Pawn    a1 h-1 destroyed
    p1 pawn2   Pawn    a1 h-1 destroyed
    p1 pawn3   Pawn    a1 h-1 destroyed
    p1 pawn4   Pawn    a1 h0 destroyed
    p1 runner1 Runner  a2 h-1 destroyed
    p1 runner2 Runner  a2 h-1 destroyed
    p1 scout1  Scout   a0 h-1 destroyed
    p1 scout2  Scout   a0 h-1 destroyed
    p1 wall1   Wall    a0 h0 destroyed
    p1 wall2   Wall    a0 h0 destroyed
    p2 heavy1  Heavy   a5 h-2 destroyed
    p2 heavy2  Heavy   a5 h7 (2,0) hp 7 en 5
    p2 heavy3  Heavy   a5 h1 (1,1) hp 1 en 8
    p2 heavy4  Heavy   a5 h4 (3,1) hp 4 en 6
    p2 heavy5  Heavy   a5 h5 (3,0) hp 5 en 0
    p2 heavy6  Heavy   a5 h0 destroyed
    p2 heavy7  Heavy   a5 h10 (4,2) hp 10 en 6
    p2 keep1   Keep    a1 h10 (3,7) hp 10 en 5 flag
    p2 runner1 Runner  a2 h0 destroyed
