=== game 218: p1 Fugitive vs p2 Executioner
  board 8x8, p1: 250 points, rows 0-3, p2: 250 points, rows 4-7
  p1 Fugitive: the flag on a Runner that walks the back row every turn it can + 11 x Lance (a8 h2 e10) that hunt
  p2 Executioner: 9 x Exec (a10 h4 e12, our own type) + Keep with the flag; every Exec hunts
  p1 is handed 16 units: heavy1, heavy2, keep1, keep2, line1, line2, pawn1, pawn2, pawn3, pawn4, runner1, runner2, scout1, scout2, wall1, wall2
  p1 setup: remove unit heavy1; remove unit heavy2; remove unit keep1; remove unit keep2; remove unit line1; remove unit line2; remove unit pawn1; remove unit pawn2; remove unit pawn3; remove unit pawn4; remove unit runner1; remove unit runner2; remove unit scout1; remove unit scout2; remove unit wall1; remove unit wall2; add type Lance ! 8 2 10; add unit Lance lance1 0 3; add unit Lance lance2 1 3; add unit Lance lance3 2 3; add unit Lance lance4 3 3; add unit Lance lance5 4 3; add unit Lance lance6 5 3; add unit Lance lance7 6 3; add unit Lance lance8 7 3; add unit Lance lance9 1 2; add unit Lance lance10 4 2; add unit Lance lance11 6 2; add type Runner r 2 4 10; add unit Runner runner1 3 0; set flag runner1
  p2 is handed 16 units: heavy1, heavy2, keep1, keep2, line1, line2, pawn1, pawn2, pawn3, pawn4, runner1, runner2, scout1, scout2, wall1, wall2
  p2 setup: remove unit heavy1; remove unit heavy2; remove unit keep1; remove unit keep2; remove unit line1; remove unit line2; remove unit pawn1; remove unit pawn2; remove unit pawn3; remove unit pawn4; remove unit runner1; remove unit runner2; remove unit scout1; remove unit scout2; remove unit wall1; remove unit wall2; add type Exec X 10 4 12; add unit Exec exec1 0 4; add unit Exec exec2 1 4; add unit Exec exec3 2 4; add unit Exec exec4 3 4; add unit Exec exec5 4 4; add unit Exec exec6 5 4; add unit Exec exec7 6 4; add unit Exec exec8 7 4; add unit Exec exec9 4 5; add type Keep K 1 10 5; add unit Keep keep1 3 7; set flag keep1
    after turn 1: in play 12 v 10
  -- turn 2
    p1: move lance1 south; move lance10 south; move lance11 south; move lance2 south; move lance3 south; move lance4 south; move lance5 south; move lance6 south; move lance7 south; move lance8 south; move lance9 south; move runner1 east
    p2: move exec1 north; move exec2 north; move exec3 north; move exec4 north; move exec5 north; move exec6 north; move exec7 north; move exec8 west; move exec9 north
    after turn 2: in play 2 v 2
  -- turn 3
    p1: move lance8 west; move runner1 east
    p2: move exec2 north
    after turn 3: in play 2 v 2
  -- turn 4
    p1: move runner1 east
    p2: holds
    after turn 4: in play 2 v 2
  -- turn 5
    p1: move lance8 west; move runner1 east
    p2: move exec2 east
    after turn 5: in play 2 v 2
  -- turn 6
    p1: move runner1 west
    p2: holds
    after turn 6: in play 2 v 2
  -- turn 7
    p1: move lance8 south; move runner1 west
    p2: move exec2 east
    after turn 7: in play 2 v 2
  -- turn 8
    p1: move runner1 west
    p2: holds
    after turn 8: in play 2 v 2
  -- turn 9
    p1: move lance8 west; move runner1 west
    p2: move exec2 north
    after turn 9: in play 2 v 2
  -- turn 10
    p1: holds
    p2: holds
    after turn 10: in play 2 v 2
  -- turn 11
    p1: move lance8 south; move runner1 west
    p2: move exec2 north
    after turn 11: in play 2 v 2
  -- turn 12
    p1: holds
    p2: holds
    after turn 12: in play 2 v 2
  -- turn 13
    p1: move lance8 west; move runner1 west
    p2: move exec2 west
    after turn 13: in play 2 v 2
  -- turn 14
    p1: holds
    p2: holds
    after turn 14: in play 2 v 2
  -- turn 15
    p1: move lance8 south; move runner1 west
    p2: move exec2 west
    p1: 1 order(s) rejected last turn:
    p1:   - lance8 at (3,6): the contest at (3, 7) was undecided
    p2: 1 order(s) rejected last turn:
    p2:   - keep1 at (3,7): the contest at (3, 7) was undecided
    after turn 15: in play 2 v 2
  -- turn 16
    p1: holds
    p2: move keep1 north
    after turn 16: in play 1 v 2
  -- turn 17
    p1: move runner1 east
    p2: move exec2 west
    after turn 17: in play 1 v 2
  -- turn 18
    p1: holds
    p2: holds
    after turn 18: in play 1 v 2
  -- turn 19
    p1: move runner1 east
    p2: move exec2 east
    after turn 19: in play 1 v 2
  -- turn 20
    p1: holds
    p2: holds
    after turn 20: in play 1 v 2
  -- turn 21
    p1: move runner1 east
    p2: move exec2 east
    after turn 21: in play 1 v 2
  -- turn 22
    p1: holds
    p2: holds
    after turn 22: in play 1 v 2
  -- turn 23
    p1: move runner1 east
    p2: move exec2 east
    after turn 23: in play 1 v 2
  -- turn 24
    p1: holds
    p2: holds
    after turn 24: in play 1 v 2
  -- turn 25
    p1: move runner1 east
    p2: move exec2 east
    after turn 25: in play 1 v 2
  -- turn 26
    p1: holds
    p2: holds
    after turn 26: in play 1 v 2
  -- turn 27
    p1: move runner1 east
    p2: move exec2 east
    after turn 27: in play 1 v 2
  -- turn 28
    p1: holds
    p2: holds
    after turn 28: in play 1 v 2
  -- turn 29
    p1: move runner1 east
    p2: move exec2 east
    after turn 29: in play 1 v 2
  -- turn 30
    p1: holds
    p2: holds
    after turn 30: in play 1 v 2
  -- turn 31
    p1: move runner1 west
    p2: move exec2 east
    after turn 31: in play 1 v 2
  -- turn 32
    p1: holds
    p2: holds
    after turn 32: in play 1 v 2
  -- turn 33
    p1: move runner1 west
    p2: move exec2 west
    after turn 33: in play 1 v 2
  -- turn 34
    p1: holds
    p2: holds
    after turn 34: in play 1 v 2
  -- turn 35
    p1: move runner1 west
    p2: move exec2 west
    after turn 35: in play 1 v 2
  -- turn 36
    p1: holds
    p2: holds
    after turn 36: in play 1 v 2
  -- turn 37
    p1: move runner1 west
    p2: move exec2 west
    after turn 37: in play 1 v 2
  -- turn 38
    p1: holds
    p2: holds
    after turn 38: in play 1 v 2
  -- turn 39
    p1: move runner1 west
    p2: move exec2 west
    after turn 39: in play 1 v 2
  -- turn 40
    p1: holds
    p2: holds
    after turn 40: in play 1 v 2
  -- turn 41
    p1: move runner1 west
    p2: move exec2 west
    after turn 41: in play 1 v 2
  -- turn 42
    p1: holds
    p2: holds
    after turn 42: in play 1 v 2
  -- turn 43
    p1: move runner1 west
    p2: move exec2 west
    after turn 43: in play 1 v 2
  -- turn 44
    p1: holds
    p2: holds
    after turn 44: in play 1 v 2
  -- turn 45
    p1: move runner1 east
    p2: move exec2 west
    after turn 45: in play 1 v 2
  -- turn 46
    p1: holds
    p2: holds
    after turn 46: in play 1 v 2
  -- turn 47
    p1: move runner1 east
    p2: move exec2 east
    after turn 47: in play 1 v 2
  -- turn 48
    p1: holds
    p2: holds
    after turn 48: in play 1 v 2
  -- turn 49
    p1: move runner1 east
    p2: move exec2 east
    after turn 49: in play 1 v 2
  -- turn 50
    p1: holds
    p2: holds
    after turn 50: in play 1 v 2
  -- turn 51
    p1: move runner1 east
    p2: move exec2 east
    after turn 51: in play 1 v 2
  -- turn 52
    p1: holds
    p2: holds
    after turn 52: in play 1 v 2
  -- turn 53
    p1: move runner1 east
    p2: move exec2 east
    after turn 53: in play 1 v 2
  -- turn 54
    p1: holds
    p2: holds
    after turn 54: in play 1 v 2
  -- turn 55
    p1: move runner1 east
    p2: move exec2 east
    after turn 55: in play 1 v 2
  -- turn 56
    p1: holds
    p2: holds
    after turn 56: in play 1 v 2
  -- turn 57
    p1: move runner1 east
    p2: move exec2 east
    after turn 57: in play 1 v 2
  -- turn 58
    p1: holds
    p2: holds
    after turn 58: in play 1 v 2
  -- turn 59
    p1: move runner1 west
    p2: move exec2 east
    after turn 59: in play 1 v 2
  -- turn 60
    p1: holds
    p2: holds
    after turn 60: in play 1 v 2
+-+-+-+-+-+-+-+-+
| | | | | | |r| |
+-+-+-+-+-+-+-+-+
| | | | | | | |X|
+-+-+-+-+-+-+-+-+
| | | | | | | | |
+-+-+-+-+-+-+-+-+
| | | | | | | | |
+-+-+-+-+-+-+-+-+
| | | | | | | | |
+-+-+-+-+-+-+-+-+
| | | | | | | | |
+-+-+-+-+-+-+-+-+
| | | |K| | | | |
+-+-+-+-+-+-+-+-+
| | | | | | | | |
+-+-+-+-+-+-+-+-+
SYMBOL  PLAYER  TYPE
K            2  Keep
X            2  Exec
r            1  Runner
  undecided after 60 turns
  final units:
    p1 lance1  Lance   a8 h-8 destroyed
    p1 lance10 Lance   a8 h-6 destroyed
    p1 lance11 Lance   a8 h-6 destroyed
    p1 lance2  Lance   a8 h-6 destroyed
    p1 lance3  Lance   a8 h-8 destroyed
    p1 lance4  Lance   a8 h-8 destroyed
    p1 lance5  Lance   a8 h-6 destroyed
    p1 lance6  Lance   a8 h-8 destroyed
    p1 lance7  Lance   a8 h-6 destroyed
    p1 lance8  Lance   a8 h0 destroyed
    p1 lance9  Lance   a8 h-6 destroyed
    p1 runner1 Runner  a2 h4 (6,0) hp 4 en 3 flag
    p2 exec1   Exec    a10 h-4 destroyed
    p2 exec2   Exec    a10 h4 (7,1) hp 4 en 11
    p2 exec3   Exec    a10 h-4 destroyed
    p2 exec4   Exec    a10 h-4 destroyed
    p2 exec5   Exec    a10 h-6 destroyed
    p2 exec6   Exec    a10 h-4 destroyed
    p2 exec7   Exec    a10 h-6 destroyed
    p2 exec8   Exec    a10 h-6 destroyed
    p2 exec9   Exec    a10 h-6 destroyed
    p2 keep1   Keep    a1 h2 (3,6) hp 2 en 5 flag
