=== game 41: p1 Swarm-100 vs p2 Grinder-100
  board 10x10, budget p1: 100 / p2: 100, deployment split: p1 in rows 0-4, p2 in rows 5-9
  p1 Swarm-100: 9 x (a1 h1 e9) on 100 points, one rank abreast
  p2 Grinder-100: 3 x (a1 h10 e20) on 100 points, spread across the middle
  p1 deploys: add type S s 1 1 9; add unit S s1 0 4; add unit S s2 1 4; add unit S s3 2 4; add unit S s4 3 4; add unit S s5 4 4; add unit S s6 5 4; add unit S s7 6 4; add unit S s8 7 4; add unit S s9 8 4
  p2 deploys: add type G G 1 10 20; add unit G g1 0 6; add unit G g2 4 6; add unit G g3 9 6
    after turn 1: standing 9 v 3
  -- turn 2
    p1: move s1 south; move s2 south; move s3 south; move s4 south; move s5 south; move s6 south; move s7 south; move s8 south; move s9 east
    p2: move g1 east; move g2 west; move g3 west
    after turn 2: standing 9 v 3
  -- turn 3
    p1: move s1 south; move s2 south; move s3 south; move s4 south; move s5 south; move s6 south; move s7 south; move s8 south; move s9 south
    p2: move g1 east; move g2 east; move g3 west
    after turn 3: standing 6 v 3
  -- turn 4
    p1: move s1 east; move s2 east; move s4 south; move s6 west; move s7 east; move s9 west
    p2: move g1 north; move g2 east; move g3 west
    after turn 4: standing 4 v 3
  -- turn 5
    p1: move s1 west; move s2 east; move s4 east; move s9 west
    p2: move g1 west; move g2 north; move g3 east
    after turn 5: standing 4 v 3
  -- turn 6
    p1: move s1 south; move s2 west; move s4 west; move s9 east
    p2: move g1 west; move g2 west; move g3 east
    after turn 6: standing 4 v 3
  -- turn 7
    p1: move s1 south; move s2 west; move s4 south; move s9 south
    p2: move g1 north; move g2 west; move g3 east
    after turn 7: standing 4 v 3
  -- turn 8
    p1: move s1 south; move s2 south; move s4 south; move s9 east
    p2: move g1 east; move g2 north; move g3 north
    after turn 8: standing 4 v 3
  -- turn 9
    p1: move s1 north; move s2 south; move s4 north; move s9 south
    p2: move g1 east; move g2 east; move g3 west
    after turn 9: standing 4 v 3
  -- turn 10
    p1: holds
    p2: move g1 north; move g2 east; move g3 west
    after turn 10: standing 4 v 3
  -- turn 11
    p1: holds
    p2: move g1 west; move g2 north; move g3 west
    after turn 11: standing 4 v 3
  -- turn 12
    p1: holds
    p2: move g1 west; move g2 west; move g3 north
    after turn 12: standing 4 v 3
  -- turn 13
    p1: holds
    p2: move g1 north; move g2 west; move g3 east
    after turn 13: standing 4 v 3
  -- turn 14
    p1: holds
    p2: move g1 east; move g2 north; move g3 east
    after turn 14: standing 4 v 3
  -- turn 15
    p1: holds
    p2: move g1 east; move g2 east; move g3 east
    after turn 15: standing 4 v 3
  -- turn 16
    p1: holds
    p2: move g1 north; move g2 east; move g3 north
    after turn 16: standing 4 v 3
  -- turn 17
    p1: holds
    p2: move g1 west; move g2 north; move g3 west
    after turn 17: standing 4 v 3
  -- turn 18
    p1: holds
    p2: move g1 west; move g2 west; move g3 west
    after turn 18: standing 4 v 3
  -- turn 19
    p1: holds
    p2: move g1 north
    after turn 19: standing 4 v 3
  -- turn 20
    p1: holds
    p2: holds
    after turn 20: standing 4 v 3
  -- turn 21
    p1: holds
    p2: holds
    after turn 21: standing 4 v 3
  -- turn 22
    p1: holds
    p2: holds
    after turn 22: standing 4 v 3
  -- turn 23
    p1: holds
    p2: holds
    after turn 23: standing 4 v 3
  -- turn 24
    p1: holds
    p2: holds
    after turn 24: standing 4 v 3
  -- turn 25
    p1: holds
    p2: holds
    after turn 25: standing 4 v 3
  -- turn 26
    p1: holds
    p2: holds
    after turn 26: standing 4 v 3
  -- turn 27
    p1: holds
    p2: holds
    after turn 27: standing 4 v 3
  -- turn 28
    p1: holds
    p2: holds
    after turn 28: standing 4 v 3
  -- turn 29
    p1: holds
    p2: holds
    after turn 29: standing 4 v 3
  -- turn 30
    p1: holds
    p2: holds
    after turn 30: standing 4 v 3
  -- turn 31
    p1: holds
    p2: holds
    after turn 31: standing 4 v 3
  -- turn 32
    p1: holds
    p2: holds
    after turn 32: standing 4 v 3
  -- turn 33
    p1: holds
    p2: holds
    after turn 33: standing 4 v 3
  -- turn 34
    p1: holds
    p2: holds
    after turn 34: standing 4 v 3
  -- turn 35
    p1: holds
    p2: holds
    after turn 35: standing 4 v 3
  -- turn 36
    p1: holds
    p2: holds
    after turn 36: standing 4 v 3
  -- turn 37
    p1: holds
    p2: holds
    after turn 37: standing 4 v 3
  -- turn 38
    p1: holds
    p2: holds
    after turn 38: standing 4 v 3
  -- turn 39
    p1: holds
    p2: holds
    after turn 39: standing 4 v 3
  -- turn 40
    p1: holds
    p2: holds
    after turn 40: standing 4 v 3
  -- turn 41
    p1: holds
    p2: holds
    after turn 41: standing 4 v 3
  -- turn 42
    p1: holds
    p2: holds
    after turn 42: standing 4 v 3
  -- turn 43
    p1: holds
    p2: holds
    after turn 43: standing 4 v 3
  -- turn 44
    p1: holds
    p2: holds
    after turn 44: standing 4 v 3
  -- turn 45
    p1: holds
    p2: holds
    after turn 45: standing 4 v 3
  -- turn 46
    p1: holds
    p2: holds
    after turn 46: standing 4 v 3
  -- turn 47
    p1: holds
    p2: holds
    after turn 47: standing 4 v 3
  -- turn 48
    p1: holds
    p2: holds
    after turn 48: standing 4 v 3
  -- turn 49
    p1: holds
    p2: holds
    after turn 49: standing 4 v 3
  -- turn 50
    p1: holds
    p2: holds
    after turn 50: standing 4 v 3
  -- turn 51
    p1: holds
    p2: holds
    after turn 51: standing 4 v 3
  -- turn 52
    p1: holds
    p2: holds
    after turn 52: standing 4 v 3
  -- turn 53
    p1: holds
    p2: holds
    after turn 53: standing 4 v 3
  -- turn 54
    p1: holds
    p2: holds
    after turn 54: standing 4 v 3
  -- turn 55
    p1: holds
    p2: holds
    after turn 55: standing 4 v 3
  -- turn 56
    p1: holds
    p2: holds
    after turn 56: standing 4 v 3
  -- turn 57
    p1: holds
    p2: holds
    after turn 57: standing 4 v 3
  -- turn 58
    p1: holds
    p2: holds
    after turn 58: standing 4 v 3
  -- turn 59
    p1: holds
    p2: holds
    after turn 59: standing 4 v 3
  -- turn 60
    p1: holds
    p2: holds
    after turn 60: standing 4 v 3
+-+-+-+-+-+-+-+-+-+-+
|G|#|#|#|#|#|#|#|#|#|
+-+-+-+-+-+-+-+-+-+-+
|#|#|#|#|G|#|#|#|#|#|
+-+-+-+-+-+-+-+-+-+-+
|#|#|#|#|#|#|#|#|#|#|
+-+-+-+-+-+-+-+-+-+-+
|#|#|#|#|#|#|#|G|#|#|
+-+-+-+-+-+-+-+-+-+-+
|#|#|#|#|#|#|#|#|#|#|
+-+-+-+-+-+-+-+-+-+-+
|#|#|#|#|#|#|#|#|#|#|
+-+-+-+-+-+-+-+-+-+-+
|#|#|#|#|#|#|#|#|#|#|
+-+-+-+-+-+-+-+-+-+-+
|#|#|#|#|#|#|#|#|#|s|
+-+-+-+-+-+-+-+-+-+-+
|s|s|#|s|#|#|#|#|#|#|
+-+-+-+-+-+-+-+-+-+-+
|#|#|#|#|#|#|#|#|#|#|
+-+-+-+-+-+-+-+-+-+-+
SYMBOL  PLAYER  TYPE
G            2  G
s            1  S
  undecided after 60 turns
  final units:
    p1 s1   S   a1 h1 (0,8) hp 1 en 1
    p1 s2   S   a1 h1 (1,8) hp 1 en 1
    p1 s3   S   a1 h0 destroyed
    p1 s4   S   a1 h1 (3,8) hp 1 en 1
    p1 s5   S   a1 h0 destroyed
    p1 s6   S   a1 h0 destroyed
    p1 s7   S   a1 h0 destroyed
    p1 s8   S   a1 h0 destroyed
    p1 s9   S   a1 h1 (9,7) hp 1 en 1
    p2 g1   G   a1 h9 (0,0) hp 9 en 1
    p2 g2   G   a1 h8 (4,1) hp 8 en 1
    p2 g3   G   a1 h8 (7,3) hp 8 en 1
