=== game 7: p1 Duellist vs p2 Ambush
  p1 Duellist: 2 x (a10 h10 e20) + scout (a1 h1 e18), champions hold centre
  p2 Ambush: 4 x (a1 h10 e10) + 1 x (a1 h5 e10), centre squares, never move
  p1 deploys: add type C C 10 10 20; add unit C c1 9 0; add unit C c2 9 9; add type S s 1 1 18; add unit S s1 9 5
  p2 deploys: add type A A 1 10 10; add unit A a1 3 3; add unit A a2 6 3; add unit A a3 3 6; add unit A a4 6 6; add type B B 1 5 10; add unit B b1 5 5
    after turn 1: standing 3 v 5
  -- turn 2
    p1: move c1 west; move c2 west; move s1 west
    p2: holds
    after turn 2: standing 3 v 5
  -- turn 3
    p1: move c1 west; move c2 west; move s1 west
    p2: holds
    after turn 3: standing 3 v 5
  -- turn 4
    p1: move c1 west; move c2 north; move s1 west
    p2: holds
    after turn 4: standing 3 v 5
  -- turn 5
    p1: move c1 south; move c2 west; move s1 west
    p2: holds
    after turn 5: standing 2 v 5
  -- turn 6
    p1: move c1 south; move c2 north
    p2: holds
    after turn 6: standing 2 v 5
  -- turn 7
    p1: move c1 south; move c2 north
    p2: holds
    after turn 7: standing 2 v 3
  -- turn 8
    p1: holds
    p2: holds
    after turn 8: standing 2 v 3
  -- turn 9
    p1: holds
    p2: holds
    after turn 9: standing 2 v 3
  -- turn 10
    p1: holds
    p2: holds
    after turn 10: standing 2 v 3
  -- turn 11
    p1: holds
    p2: holds
    after turn 11: standing 2 v 3
  -- turn 12
    p1: holds
    p2: holds
    after turn 12: standing 2 v 3
  -- turn 13
    p1: holds
    p2: holds
    after turn 13: standing 2 v 3
  -- turn 14
    p1: holds
    p2: holds
    after turn 14: standing 2 v 3
  -- turn 15
    p1: holds
    p2: holds
    after turn 15: standing 2 v 3
  -- turn 16
    p1: holds
    p2: holds
    after turn 16: standing 2 v 3
  -- turn 17
    p1: holds
    p2: holds
    after turn 17: standing 2 v 3
  -- turn 18
    p1: holds
    p2: holds
    after turn 18: standing 2 v 3
  -- turn 19
    p1: holds
    p2: holds
    after turn 19: standing 2 v 3
  -- turn 20
    p1: holds
    p2: holds
    after turn 20: standing 2 v 3
  -- turn 21
    p1: holds
    p2: holds
    after turn 21: standing 2 v 3
  -- turn 22
    p1: holds
    p2: holds
    after turn 22: standing 2 v 3
  -- turn 23
    p1: holds
    p2: holds
    after turn 23: standing 2 v 3
  -- turn 24
    p1: holds
    p2: holds
    after turn 24: standing 2 v 3
  -- turn 25
    p1: holds
    p2: holds
    after turn 25: standing 2 v 3
  -- turn 26
    p1: holds
    p2: holds
    after turn 26: standing 2 v 3
  -- turn 27
    p1: holds
    p2: holds
    after turn 27: standing 2 v 3
  -- turn 28
    p1: holds
    p2: holds
    after turn 28: standing 2 v 3
  -- turn 29
    p1: holds
    p2: holds
    after turn 29: standing 2 v 3
  -- turn 30
    p1: holds
    p2: holds
    after turn 30: standing 2 v 3
  -- turn 31
    p1: holds
    p2: holds
    after turn 31: standing 2 v 3
  -- turn 32
    p1: holds
    p2: holds
    after turn 32: standing 2 v 3
  -- turn 33
    p1: holds
    p2: holds
    after turn 33: standing 2 v 3
  -- turn 34
    p1: holds
    p2: holds
    after turn 34: standing 2 v 3
  -- turn 35
    p1: holds
    p2: holds
    after turn 35: standing 2 v 3
  -- turn 36
    p1: holds
    p2: holds
    after turn 36: standing 2 v 3
  -- turn 37
    p1: holds
    p2: holds
    after turn 37: standing 2 v 3
  -- turn 38
    p1: holds
    p2: holds
    after turn 38: standing 2 v 3
  -- turn 39
    p1: holds
    p2: holds
    after turn 39: standing 2 v 3
  -- turn 40
    p1: holds
    p2: holds
    after turn 40: standing 2 v 3
  -- turn 41
    p1: holds
    p2: holds
    after turn 41: standing 2 v 3
  -- turn 42
    p1: holds
    p2: holds
    after turn 42: standing 2 v 3
  -- turn 43
    p1: holds
    p2: holds
    after turn 43: standing 2 v 3
  -- turn 44
    p1: holds
    p2: holds
    after turn 44: standing 2 v 3
  -- turn 45
    p1: holds
    p2: holds
    after turn 45: standing 2 v 3
  -- turn 46
    p1: holds
    p2: holds
    after turn 46: standing 2 v 3
  -- turn 47
    p1: holds
    p2: holds
    after turn 47: standing 2 v 3
  -- turn 48
    p1: holds
    p2: holds
    after turn 48: standing 2 v 3
  -- turn 49
    p1: holds
    p2: holds
    after turn 49: standing 2 v 3
  -- turn 50
    p1: holds
    p2: holds
    after turn 50: standing 2 v 3
  -- turn 51
    p1: holds
    p2: holds
    after turn 51: standing 2 v 3
  -- turn 52
    p1: holds
    p2: holds
    after turn 52: standing 2 v 3
  -- turn 53
    p1: holds
    p2: holds
    after turn 53: standing 2 v 3
  -- turn 54
    p1: holds
    p2: holds
    after turn 54: standing 2 v 3
  -- turn 55
    p1: holds
    p2: holds
    after turn 55: standing 2 v 3
  -- turn 56
    p1: holds
    p2: holds
    after turn 56: standing 2 v 3
  -- turn 57
    p1: holds
    p2: holds
    after turn 57: standing 2 v 3
  -- turn 58
    p1: holds
    p2: holds
    after turn 58: standing 2 v 3
  -- turn 59
    p1: holds
    p2: holds
    after turn 59: standing 2 v 3
  -- turn 60
    p1: holds
    p2: holds
    after turn 60: standing 2 v 3
+-+-+-+-+-+-+-+-+-+-+
|#|#|#|#|#|#|#|#|#|#|
+-+-+-+-+-+-+-+-+-+-+
|#|#|#|#|#|#|#|#|#|#|
+-+-+-+-+-+-+-+-+-+-+
|#|#|#|#|#|#|#|#|#|#|
+-+-+-+-+-+-+-+-+-+-+
|#|#|#|A|#|#|C|#|#|#|
+-+-+-+-+-+-+-+-+-+-+
|#|#|#|#|#|#|#|#|#|#|
+-+-+-+-+-+-+-+-+-+-+
|#|#|#|#|#|B|#|#|#|#|
+-+-+-+-+-+-+-+-+-+-+
|#|#|#|A|#|#|C|#|#|#|
+-+-+-+-+-+-+-+-+-+-+
|#|#|#|#|#|#|#|#|#|#|
+-+-+-+-+-+-+-+-+-+-+
|#|#|#|#|#|#|#|#|#|#|
+-+-+-+-+-+-+-+-+-+-+
|#|#|#|#|#|#|#|#|#|#|
+-+-+-+-+-+-+-+-+-+-+
SYMBOL  PLAYER  TYPE
A            2  A
B            2  B
C            1  C
  undecided after 60 turns
  final units:
    p1 c1   C   a10 h9 (6,3) hp 9 en 4
    p1 c2   C   a10 h9 (6,6) hp 9 en 4
    p1 s1   S   a1 h0 destroyed
    p2 a1   A   a1 h10 (3,3) hp 10 en 10
    p2 a2   A   a1 h0 destroyed
    p2 a3   A   a1 h10 (3,6) hp 10 en 10
    p2 a4   A   a1 h0 destroyed
    p2 b1   B   a1 h4 (5,5) hp 4 en 9
