=== game 28: p1 Nomad vs p2 Attrition
  board 10x10, budget p1: 200 / p2: 200, deployment split: p1 in rows 0-4, p2 in rows 5-9
  p1 Nomad: 6 x (a1 h1 e30), keep moving, never fight, never reach zero
  p2 Attrition: 4 x (a1 h10 e30) + 2 scouts (a1 h1 e16), sweep and grind
  p1 deploys: add type N N 1 1 30; add unit N n1 0 0; add unit N n2 2 0; add unit N n3 4 0; add unit N n4 6 0; add unit N n5 8 0; add unit N n6 9 1
  p2 deploys: add type T T 1 10 30; add unit T t1 1 7; add unit T t2 4 7; add unit T t3 6 7; add unit T t4 9 7; add type S s 1 1 16; add unit S s1 0 5; add unit S s2 9 5
    after turn 1: standing 6 v 6
  -- turn 2
    p1: move n1 south; move n2 west; move n3 west; move n4 west; move n5 west; move n6 west
    p2: move s1 north; move s2 west; move t1 north; move t2 west; move t3 west; move t4 west
    after turn 2: standing 6 v 6
  -- turn 3
    p1: move n1 south; move n2 south; move n3 west; move n4 west; move n5 west; move n6 east
    p2: move s1 north; move s2 west; move t1 north; move t2 west; move t3 west; move t4 east
    after turn 3: standing 6 v 6
  -- turn 4
    p1: move n1 south; move n2 south; move n3 east; move n4 east; move n5 east; move n6 south
    p2: move s1 north; move s2 west; move t1 north; move t2 east; move t3 east; move t4 north
    after turn 4: standing 5 v 5
  -- turn 5
    p1: move n2 south; move n3 south; move n4 south; move n5 south; move n6 west
    p2: move s2 east; move t1 north; move t2 north; move t3 north; move t4 west
    after turn 5: standing 4 v 5
  -- turn 6
    p1: move n3 east; move n4 east; move n5 east; move n6 east
    p2: move s2 north; move t1 north; move t2 west; move t3 west; move t4 north
    after turn 6: standing 4 v 5
  -- turn 7
    p1: move n3 west; move n4 west; move n5 west; move n6 west
    p2: move s2 west; move t1 north; move t2 north; move t3 north; move t4 east
    after turn 7: standing 4 v 5
  -- turn 8
    p1: move n3 west; move n4 west; move n5 west; move n6 south
    p2: move s2 north; move t1 north; move t2 east; move t3 east; move t4 north
    after turn 8: standing 4 v 5
  -- turn 9
    p1: move n3 south; move n4 south; move n5 south; move n6 east
    p2: move s2 east; move t1 south; move t2 north; move t3 north; move t4 west
    after turn 9: standing 4 v 5
  -- turn 10
    p1: move n3 east; move n4 east; move n5 east; move n6 south
    p2: move s2 north; move t1 south; move t2 west; move t3 west; move t4 north
    after turn 10: standing 3 v 4
  -- turn 11
    p1: move n3 south; move n4 south; move n6 west
    p2: move t1 south; move t2 north; move t3 north; move t4 east
    after turn 11: standing 3 v 4
  -- turn 12
    p1: move n3 west; move n4 west; move n6 south
    p2: move t1 south; move t2 east; move t3 east; move t4 north
    after turn 12: standing 1 v 4
  -- turn 13
    p1: move n6 east
    p2: move t1 south; move t2 north; move t3 north; move t4 west
    after turn 13: standing 1 v 4
  -- turn 14
    p1: move n6 south
    p2: move t1 south; move t2 west; move t3 west; move t4 north
    after turn 14: standing 1 v 4
  -- turn 15
    p1: move n6 west
    p2: move t1 south; move t2 north; move t3 north; move t4 east
    after turn 15: standing 1 v 4
  -- turn 16
    p1: move n6 south
    p2: move t1 south; move t2 east; move t3 east; move t4 north
    after turn 16: standing 1 v 4
  -- turn 17
    p1: move n6 east
    p2: move t1 south; move t2 north; move t3 north; move t4 west
    after turn 17: standing 1 v 4
  -- turn 18
    p1: move n6 south
    p2: move t1 north; move t2 west; move t3 west; move t4 east
    after turn 18: standing 1 v 4
  -- turn 19
    p1: move n6 west
    p2: move t1 north; move t2 east; move t3 east; move t4 south
    after turn 19: standing 1 v 4
  -- turn 20
    p1: move n6 south
    p2: move t1 north; move t2 south; move t3 south; move t4 west
    after turn 20: standing 1 v 4
  -- turn 21
    p1: move n6 east
    p2: move t4 south
    after turn 21: standing 1 v 4
  -- turn 22
    p1: move n6 west
    p2: holds
    after turn 22: standing 1 v 4
  -- turn 23
    p1: move n6 east
    p2: holds
    after turn 23: standing 1 v 4
  -- turn 24
    p1: move n6 north
    p2: holds
    after turn 24: standing 1 v 4
  -- turn 25
    p1: move n6 west
    p2: holds
    after turn 25: standing 1 v 4
  -- turn 26
    p1: move n6 north
    p2: holds
    after turn 26: standing 1 v 4
  -- turn 27
    p1: move n6 east
    p2: holds
    after turn 27: standing 1 v 4
  -- turn 28
    p1: move n6 north
    p2: holds
    after turn 28: standing 1 v 4
  -- turn 29
    p1: move n6 west
    p2: holds
    after turn 29: standing 1 v 4
  -- turn 30
    p1: move n6 north
    p2: holds
    after turn 30: standing 1 v 4
  -- turn 31
    p1: holds
    p2: holds
    after turn 31: standing 1 v 4
  -- turn 32
    p1: holds
    p2: holds
    after turn 32: standing 1 v 4
  -- turn 33
    p1: holds
    p2: holds
    after turn 33: standing 1 v 4
  -- turn 34
    p1: holds
    p2: holds
    after turn 34: standing 1 v 4
  -- turn 35
    p1: holds
    p2: holds
    after turn 35: standing 1 v 4
  -- turn 36
    p1: holds
    p2: holds
    after turn 36: standing 1 v 4
  -- turn 37
    p1: holds
    p2: holds
    after turn 37: standing 1 v 4
  -- turn 38
    p1: holds
    p2: holds
    after turn 38: standing 1 v 4
  -- turn 39
    p1: holds
    p2: holds
    after turn 39: standing 1 v 4
  -- turn 40
    p1: holds
    p2: holds
    after turn 40: standing 1 v 4
  -- turn 41
    p1: holds
    p2: holds
    after turn 41: standing 1 v 4
  -- turn 42
    p1: holds
    p2: holds
    after turn 42: standing 1 v 4
  -- turn 43
    p1: holds
    p2: holds
    after turn 43: standing 1 v 4
  -- turn 44
    p1: holds
    p2: holds
    after turn 44: standing 1 v 4
  -- turn 45
    p1: holds
    p2: holds
    after turn 45: standing 1 v 4
  -- turn 46
    p1: holds
    p2: holds
    after turn 46: standing 1 v 4
  -- turn 47
    p1: holds
    p2: holds
    after turn 47: standing 1 v 4
  -- turn 48
    p1: holds
    p2: holds
    after turn 48: standing 1 v 4
  -- turn 49
    p1: holds
    p2: holds
    after turn 49: standing 1 v 4
  -- turn 50
    p1: holds
    p2: holds
    after turn 50: standing 1 v 4
  -- turn 51
    p1: holds
    p2: holds
    after turn 51: standing 1 v 4
  -- turn 52
    p1: holds
    p2: holds
    after turn 52: standing 1 v 4
  -- turn 53
    p1: holds
    p2: holds
    after turn 53: standing 1 v 4
  -- turn 54
    p1: holds
    p2: holds
    after turn 54: standing 1 v 4
  -- turn 55
    p1: holds
    p2: holds
    after turn 55: standing 1 v 4
  -- turn 56
    p1: holds
    p2: holds
    after turn 56: standing 1 v 4
  -- turn 57
    p1: holds
    p2: holds
    after turn 57: standing 1 v 4
  -- turn 58
    p1: holds
    p2: holds
    after turn 58: standing 1 v 4
  -- turn 59
    p1: holds
    p2: holds
    after turn 59: standing 1 v 4
  -- turn 60
    p1: holds
    p2: holds
    after turn 60: standing 1 v 4
+-+-+-+-+-+-+-+-+-+-+
|#|#|#|#|#|#|#|#|#|#|
+-+-+-+-+-+-+-+-+-+-+
|#|#|#|T|#|T|#|#|#|#|
+-+-+-+-+-+-+-+-+-+-+
|#|#|#|#|#|#|#|#|T|#|
+-+-+-+-+-+-+-+-+-+-+
|#|#|#|#|#|#|#|#|#|#|
+-+-+-+-+-+-+-+-+-+-+
|#|#|#|#|#|#|#|#|#|#|
+-+-+-+-+-+-+-+-+-+-+
|#|#|#|#|#|#|#|#|N|#|
+-+-+-+-+-+-+-+-+-+-+
|#|T|#|#|#|#|#|#|#|#|
+-+-+-+-+-+-+-+-+-+-+
|#|#|#|#|#|#|#|#|#|#|
+-+-+-+-+-+-+-+-+-+-+
|#|#|#|#|#|#|#|#|#|#|
+-+-+-+-+-+-+-+-+-+-+
|#|#|#|#|#|#|#|#|#|#|
+-+-+-+-+-+-+-+-+-+-+
SYMBOL  PLAYER  TYPE
N            1  N
T            2  T
  undecided after 60 turns
  final units:
    p1 n1   N   a1 h0 destroyed
    p1 n2   N   a1 h0 destroyed
    p1 n3   N   a1 h0 destroyed
    p1 n4   N   a1 h0 destroyed
    p1 n5   N   a1 h0 destroyed
    p1 n6   N   a1 h1 (8,5) hp 1 en 1
    p2 s1   S   a1 h0 destroyed
    p2 s2   S   a1 h0 destroyed
    p2 t1   T   a1 h9 (1,6) hp 9 en 10
    p2 t2   T   a1 h9 (3,1) hp 9 en 10
    p2 t3   T   a1 h9 (5,1) hp 9 en 10
    p2 t4   T   a1 h10 (8,2) hp 10 en 10
